02-18 16:16:39.930     1     1 I (6)[1:swapper/0]platform 11019000.spi5: Linked as a consumer to 10000000.topckgen
02-18 16:16:39.930     1     1 I (6)[1:swapper/0]platform 11019000.spi5: Linked as a consumer to 10001000.infracfg_ao
02-18 16:16:39.930     1     1 I (6)[1:swapper/0]platform 1100a000.spi0: Linked as a consumer to 10000000.topckgen
02-18 16:16:39.930     1     1 I (6)[1:swapper/0]platform 1100a000.spi0: Linked as a consumer to 10001000.infracfg_ao
02-18 16:16:39.930     1     1 I (6)[1:swapper/0]platform 11010000.spi1: Linked as a consumer to 10000000.topckgen
02-18 16:16:39.930     1     1 I (6)[1:swapper/0]platform 11010000.spi1: Linked as a consumer to 10001000.infracfg_ao
02-18 16:16:39.930     1     1 I (6)[1:swapper/0]platform 11012000.spi2: Linked as a consumer to 10000000.topckgen
02-18 16:16:39.930     1     1 I (6)[1:swapper/0]platform 11012000.spi2: Linked as a consumer to 10001000.infracfg_ao
02-18 16:16:39.930     1     1 I (6)[1:swapper/0]platform 11013000.spi3: Linked as a consumer to 10000000.topckgen
02-18 16:16:39.930     1     1 I (6)[1:swapper/0]platform 11013000.spi3: Linked as a consumer to 10001000.infracfg_ao
02-18 16:16:39.930     1     1 I (6)[1:swapper/0]platform 11018000.spi4: Linked as a consumer to 10000000.topckgen
02-18 16:16:39.930     1     1 I (6)[1:swapper/0]platform 11018000.spi4: Linked as a consumer to 10001000.infracfg_ao
02-18 16:16:39.930     1     1 I (6)[1:swapper/0]platform 1101d000.spi6: Linked as a consumer to 10000000.topckgen
02-18 16:16:39.930     1     1 I (6)[1:swapper/0]platform 1101d000.spi6: Linked as a consumer to 10001000.infracfg_ao
02-18 16:16:39.930     1     1 I (6)[1:swapper/0]platform 1101e000.spi7: Linked as a consumer to 10000000.topckgen
02-18 16:16:39.930     1     1 I (6)[1:swapper/0]platform 1101e000.spi7: Linked as a consumer to 10001000.infracfg_ao
02-18 16:16:39.930     1     1 I (6)[1:swapper/0]platform 11e00000.i2c0: Linked as a consumer to 11e03000.imp_iic_wrap_w
02-18 16:16:42.784   392   392 I [mTEE]  : [main][496]TA UUID[08030000000000000000000000000000]
02-18 16:16:39.930     1     1 I (6)[1:swapper/0]platform 11e00000.i2c0: Linked as a consumer to 10001000.infracfg_ao
02-18 16:16:39.930     1     1 I (6)[1:swapper/0]platform 11d20000.i2c1: Linked as a consumer to 11d23000.imp_iic_wrap_ws
02-18 16:16:42.784   392   392 I [mTEE]  : [main][496]TA UUID[85f630e0f0964c5fa2cc268ce04e3da3]
02-18 16:16:39.930     1     1 I (6)[1:swapper/0]platform 11d20000.i2c1: Linked as a consumer to 10001000.infracfg_ao
02-18 16:16:42.784   392   392 I [mTEE]  : [main][496]TA UUID[98fb95bcb4bf42d26473eae48690d7ea]
02-18 16:16:39.930     1     1 I (6)[1:swapper/0]platform 11d21000.i2c2: Linked as a consumer to 11d23000.imp_iic_wrap_ws
02-18 16:16:42.784   392   392 I [mTEE]  : [main][496]TA UUID[7b66512021214487ba710a51d7ea78fe]
02-18 16:16:39.930     1     1 I (6)[1:swapper/0]platform 11d21000.i2c2: Linked as a consumer to 10001000.infracfg_ao
02-18 16:16:42.784   392   392 I [mTEE]  : [main][496]TA UUID[09010000000000000000000000000000]
02-18 16:16:39.931     1     1 I (6)[1:swapper/0]platform 11cb0000.i2c3: Linked as a consumer to 11cb1000.imp_iic_wrap_e
02-18 16:16:39.931     1     1 I (6)[1:swapper/0]platform 11cb0000.i2c3: Linked as a consumer to 10001000.infracfg_ao
02-18 16:16:39.931     1     1 I (6)[1:swapper/0]platform 11d22000.i2c4: Linked as a consumer to 11d23000.imp_iic_wrap_ws
02-18 16:16:39.931     1     1 I (6)[1:swapper/0]platform 11d22000.i2c4: Linked as a consumer to 10001000.infracfg_ao
02-18 16:16:39.931     1     1 I (6)[1:swapper/0]platform 11e01000.i2c5: Linked as a consumer to 11e03000.imp_iic_wrap_w
02-18 16:16:39.931     1     1 I (6)[1:swapper/0]platform 11e01000.i2c5: Linked as a consumer to 10001000.infracfg_ao
02-18 16:16:39.931     1     1 I (6)[1:swapper/0]platform 11f00000.i2c6: Linked as a consumer to 11f01000.imp_iic_wrap_n
02-18 16:16:39.931     1     1 I (6)[1:swapper/0]platform 11f00000.i2c6: Linked as a consumer to 10001000.infracfg_ao
02-18 16:16:39.931     1     1 I (6)[1:swapper/0]platform 11e02000.i2c7: Linked as a consumer to 11e03000.imp_iic_wrap_w
02-18 16:16:39.931     1     1 I (6)[1:swapper/0]platform 11e02000.i2c7: Linked as a consumer to 10001000.infracfg_ao
02-18 16:16:39.931     1     1 I (6)[1:swapper/0]platform 11d00000.i2c8: Linked as a consumer to 11d02000.imp_iic_wrap_s
02-18 16:16:39.931     1     1 I (6)[1:swapper/0]platform 11d00000.i2c8: Linked as a consumer to 10001000.infracfg_ao
02-18 16:16:42.785   392   392 D [mTEE]  : prepare property finish
02-18 16:16:39.931     1     1 I (6)[1:swapper/0]platform 11d01000.i2c9: Linked as a consumer to 11d02000.imp_iic_wrap_s
02-18 16:16:39.931     1     1 I (6)[1:swapper/0]platform 11d01000.i2c9: Linked as a consumer to 10001000.infracfg_ao
02-18 16:16:39.931     1     1 I (6)[1:swapper/0]platform 11015000.i2c10: Linked as a consumer to 11007000.imp_iic_wrap_c
02-18 16:16:39.931     1     1 I (6)[1:swapper/0]platform 11017000.i2c11: Linked as a consumer to 11007000.imp_iic_wrap_c
02-18 16:16:39.931     1     1 I (6)[1:swapper/0]platform scp_dvfs: Linked as a consumer to 10000000.topckgen
02-18 16:16:39.932     1     1 I         : (6)[1:swapper/0][MCUPM]  mbox-0, probe
02-18 16:16:39.932     1     1 I (6)[1:swapper/0]MBOX mtk_mbox_probe: get resource mbox0_init failed!
02-18 16:16:39.932     1     1 I         : (6)[1:swapper/0][MCUPM]  mbox-1, probe
02-18 16:16:39.932     1     1 I         : (6)[1:swapper/0][MCUPM]  mbox-2, probe
02-18 16:16:39.932     1     1 I         : (6)[1:swapper/0][MCUPM]  mbox-3, probe
02-18 16:16:39.932     1     1 I         : (6)[1:swapper/0][MCUPM]  mbox-4, probe
02-18 16:16:39.932     1     1 I         : (6)[1:swapper/0][MCUPM]  mbox-5, probe
02-18 16:16:39.932     1     1 I         : (6)[1:swapper/0][MCUPM]  mbox-6, probe
02-18 16:16:39.932     1     1 I         : (6)[1:swapper/0][MCUPM]  mbox-7, probe
02-18 16:16:39.932     1     1 I         : (6)[1:swapper/0]mcupm_ipidev (with 8 IPI) has registered.
02-18 16:16:39.932     1     1 I         : (6)[1:swapper/0]MCUPM is ready to service IPI
02-18 16:16:39.932     1     1 I         : (6)[1:swapper/0]clk_mt6833_top_probe init begin
02-18 16:16:40.020     1     1 I         : (6)[1:swapper/0]clk_mt6833_top_probe init end
02-18 16:16:42.785   392   393 I [mTEE]  : come in init soter thread
02-18 16:16:40.020     1     1 I (6)[1:swapper/0]BOOTPROF: 237.324230:probe: probe=platform_drv_probe drv=clk-mt6833(0xffffff9b9213f068)    87.707077ms
02-18 16:16:42.785   392   393 D [mTEE]  : driver to be loaded:
02-18 16:16:42.785   392   393 D [mTEE]  : UUID=020b0000000000000000000000000000
02-18 16:16:40.020     1     1 I         : (6)[1:swapper/0]clk_mt6833_ifrao_probe init begin
02-18 16:16:42.785   392   393 D [mTEE]  : UUID=020f0000000000000000000000000000
02-18 16:16:42.785   392   393 D [mTEE]  : UUID=06090000000000000000000000000000
02-18 16:16:40.078     1     1 I         : (6)[1:swapper/0]clk_mt6833_ifrao_probe init end
02-18 16:16:42.785   392   393 D [mTEE]  : UUID=05120000000000000000000000000000
02-18 16:16:42.785   392   393 D [mTEE]  : UUID=40188311faf343488db888ad39496f9a
02-18 16:16:40.078     1     1 I (6)[1:swapper/0]BOOTPROF: 295.526769:probe: probe=platform_drv_probe drv=clk-mt6833(0xffffff9b9213f068)    58.096000ms
02-18 16:16:42.785   392   394 I [mTEE]  : come in load tee thread
02-18 16:16:42.785   392   393 D [mTEE]  : UUID=07060000000000000000000000007169
02-18 16:16:40.078     1     1 I         : (6)[1:swapper/0]clk_mt6833_mm_probe init begin
02-18 16:16:42.785   392   393 D [mTEE]  : UUID=4be4f7dc1f2c11e5b5f7727283247c7f
02-18 16:16:42.785   392   393 D [mTEE]  : UUID=9073f03a9618383bb1856eb3f990babd
02-18 16:16:40.101     1     1 I         : (6)[1:swapper/0]clk_mt6833_mm_probe init end
02-18 16:16:40.101     1     1 I (6)[1:swapper/0]BOOTPROF: 319.027999:probe: probe=platform_drv_probe drv=clk-mt6833-mm(0xffffff9b920ccc80)    23.433462ms
02-18 16:16:40.117     1     1 I (6)[1:swapper/0]BOOTPROF: 334.336615:probe: probe=platform_drv_probe drv=clk-mt6833-scpsys(0xffffff9b921407d0)    15.246769ms
02-18 16:16:40.117     1     1 I         : (6)[1:swapper/0]clk_mt6833_mdp_probe init begin
02-18 16:16:40.138     1     1 I         : (6)[1:swapper/0]clk_mt6833_mdp_probe init end
02-18 16:16:40.138     1     1 I (6)[1:swapper/0]BOOTPROF: 355.222461:probe: probe=platform_drv_probe drv=clk-mt6833-mdp(0xffffff9b920cca90)    20.800231ms
02-18 16:16:40.138     1     1 I         : (6)[1:swapper/0]clk_mt6833_vdec_probe init begin
02-18 16:16:40.141     1     1 I         : (6)[1:swapper/0]clk_mt6833_vdec_probe init end
02-18 16:16:40.141     1     1 I         : (6)[1:swapper/0]clk_mt6833_cam_m_probe init begin
02-18 16:16:40.159     1     1 I         : (6)[1:swapper/0]clk_mt6833_cam_m_probe init end
02-18 16:16:40.159     1     1 I (6)[1:swapper/0]BOOTPROF: 377.054076:probe: probe=platform_drv_probe drv=clk-mt6833-cam_m(0xffffff9b920cbef0)    18.373308ms
02-18 16:16:40.159     1     1 I         : (6)[1:swapper/0]clk_mt6833_cam_ra_probe init begin
02-18 16:16:40.163     1     1 I         : (6)[1:swapper/0]clk_mt6833_cam_ra_probe init end
02-18 16:16:40.163     1     1 I         : (6)[1:swapper/0]clk_mt6833_cam_rb_probe init begin
02-18 16:16:40.167     1     1 I         : (6)[1:swapper/0]clk_mt6833_cam_rb_probe init end
02-18 16:16:40.167     1     1 I         : (6)[1:swapper/0]clk_mt6833_ipe_probe init begin
02-18 16:16:40.177     1     1 I         : (6)[1:swapper/0]clk_mt6833_ipe_probe init end
02-18 16:16:40.177     1     1 I         : (6)[1:swapper/0]clk_mt6833_imgsys1_probe init begin
02-18 16:16:40.182     1     1 I         : (6)[1:swapper/0]clk_mt6833_imgsys1_probe init end
02-18 16:16:40.182     1     1 I         : (6)[1:swapper/0]clk_mt6833_imgsys2_probe init begin
02-18 16:16:40.189     1     1 I         : (6)[1:swapper/0]clk_mt6833_imgsys2_probe init end
02-18 16:16:40.189     1     1 I         : (6)[1:swapper/0]clk_mt6833_venc_probe init begin
02-18 16:16:40.195     1     1 I         : (6)[1:swapper/0]clk_mt6833_venc_probe init end
02-18 16:16:40.195     1     1 I         : (6)[1:swapper/0]clk_mt6833_peri_probe init begin
02-18 16:16:40.195     1     1 I         : (6)[1:swapper/0]clk_mt6833_peri_probe init end
02-18 16:16:40.197     1     1 I         : (6)[1:swapper/0]clk_mt6833_apmixed_probe init begin
02-18 16:16:40.206     1     1 I         : (6)[1:swapper/0]clk_mt6833_apmixed_probe init end
02-18 16:16:40.207     1     1 I (6)[1:swapper/0]platform 10026000.pwrap: mt6359-pmic: Linked as a consumer to pinctrl
02-18 16:16:40.207     1     1 E (6)[1:swapper/0]OF: /pwrap@10026000/mt6359-pmic/mtk_ts_pmic: could not get #interconnect-cells for /pwrap@10026000/mt6359-pmic/mt635x-auxadc
02-18 16:16:40.207     1     1 I (6)[1:swapper/0]mt-pmic-pwrap 10026000.pwrap: [PWRAP] Write Test pass
02-18 16:16:40.207     1     1 I         : (6)[1:swapper/0]pwrap_probe success............
02-18 16:16:40.207     1     1 I (6)[1:swapper/0]mt-pmic-pwrap 10026000.pwrap: Dropping the link to pinctrl
02-18 16:16:40.208     1     1 I         : (6)[1:swapper/0]systracker probe
02-18 16:16:40.208     1     1 I         : (6)[1:swapper/0]of_iomap for systracker @ 0x(____ptrval____)
02-18 16:16:40.208     1     1 I         : (6)[1:swapper/0][systracker] bus_dbg_con is in infra_ao
02-18 16:16:40.209     1     1 I         : (6)[1:swapper/0][DEVMPU] Device MPU probe: 1021a000.device_mpu_low
02-18 16:16:40.209     1     1 I         : (6)[1:swapper/0][DEVMPU] Create context [0]
02-18 16:16:40.209     1     1 I         : (6)[1:swapper/0][DEVMPU] reg_base=0x(____ptrval____)
02-18 16:16:40.209     1     1 I         : (6)[1:swapper/0][DEVMPU] prot_base=0x40000000
02-18 16:16:40.209     1     1 I         : (6)[1:swapper/0][DEVMPU] prot_size=0x400000000
02-18 16:16:40.209     1     1 I         : (6)[1:swapper/0][DEVMPU] page_size=0x200000
02-18 16:16:40.209     1     1 I         : (6)[1:swapper/0][DEVMPU] virq=0x40
02-18 16:16:40.210     1     1 I (6)[1:swapper/0]mtk_cmdq_mbox 10228000.gce_mbox: cmdq thread:24 shift:3 base:0xffffff80088a0000 pa:0x10228000
02-18 16:16:40.210     1     1 I         : (6)[1:swapper/0][cmdq] cmdq thread:24 shift:3 base:0xffffff80088a0000 pa:0x10228000
02-18 16:16:40.210     1     1 I         : (6)[1:swapper/0][cmdq] init cmd buffer:0xffffff80088a5000 (0x7ffb8000)
02-18 16:16:40.210     1     1 I         : (6)[1:swapper/0][cmdq] mbox set dma mask bit:32 result:0
02-18 16:16:40.210     1     1 I (6)[1:swapper/0]mtk_cmdq_mbox 10228000.gce_mbox: register mailbox successfully
02-18 16:16:40.210     1     1 I (6)[1:swapper/0]MMP: mmprofile_enable(): enable: 1
02-18 16:16:40.210     1     1 I (6)[1:swapper/0]MMP: mmprofile_force_start(): start: 1
02-18 16:16:40.211     1     1 I         : (6)[1:swapper/0][cmdq] cmdq_util_track_ctrl cmdq:(____ptrval____) sec:false
02-18 16:16:40.211     1     1 I         : (6)[1:swapper/0][cmdq] cmdq_sec_probe
02-18 16:16:40.211     1     1 I         : (6)[1:swapper/0][cmdq] cmdq_util_track_ctrl cmdq:(____ptrval____) sec:true
02-18 16:16:40.211     1     1 I (6)[1:swapper/0]MMP: mmprofile_enable(): enable: 1
02-18 16:16:40.211     1     1 I (6)[1:swapper/0]MMP: mmprofile_force_start(): start: 1
02-18 16:16:40.211     1     1 I (6)[1:swapper/0][cmdq] cmdq: (____ptrval____)(0) va:(____ptrval____) pa:0x0000000010228000
02-18 16:16:40.212     1     1 I (6)[1:swapper/0]pmif 10027000.spmi: [PMIF]:mtk-pmif arb infra ao base:0x88bd000
02-18 16:16:40.212     1     1 I (6)[1:swapper/0]pmif 10027000.spmi: [PMIF]:mtk-pmif arb topckgen base:0x8bc6000
02-18 16:16:40.212     1     1 I (6)[1:swapper/0]pmif 10027000.spmi: [PMIF]:mtk-pmif arb toprgu base:0x8bcd000
02-18 16:16:40.212     1     1 I (6)[1:swapper/0]pmif 10027000.spmi: [PMIF]:enable ulposc1 osc d10.
02-18 16:16:40.212     1     1 I (6)[1:swapper/0]pmif 10027000.spmi: [SPMIMST]:enable ulposc1 osc d10.
02-18 16:16:40.212     1     1 I (6)[1:swapper/0][SPMIMST]: mtk_spmimst_init done
02-18 16:16:40.212     1     1 I (6)[1:swapper/0]pmif 10027000.spmi: Dropping the link to pinctrl
02-18 16:16:40.213     1     1 I (6)[1:swapper/0]MBOX mtk_mbox_probe: get resource mbox0_init failed!
02-18 16:16:40.213     1     1 I (6)[1:swapper/0]MBOX mtk_mbox_probe: get resource mbox0_send failed!
02-18 16:16:40.213     1     1 I (6)[1:swapper/0]MBOX mtk_mbox_probe: get resource mbox0_recv failed!
02-18 16:16:40.213     1     1 I (6)[1:swapper/0]MBOX mtk_mbox_probe: get resource mbox1_init failed!
02-18 16:16:40.213     1     1 I (6)[1:swapper/0]MBOX mtk_mbox_probe: get resource mbox1_send failed!
02-18 16:16:40.213     1     1 I (6)[1:swapper/0]MBOX mtk_mbox_probe: get resource mbox1_recv failed!
02-18 16:16:40.213     1     1 I (6)[1:swapper/0]MBOX mtk_mbox_probe: get resource mbox2_init failed!
02-18 16:16:40.213     1     1 I (6)[1:swapper/0]MBOX mtk_mbox_probe: get resource mbox2_send failed!
02-18 16:16:40.213     1     1 I (6)[1:swapper/0]MBOX mtk_mbox_probe: get resource mbox2_recv failed!
02-18 16:16:40.213     1     1 I (6)[1:swapper/0]MBOX mtk_mbox_probe: get resource mbox3_init failed!
02-18 16:16:40.213     1     1 I (6)[1:swapper/0]MBOX mtk_mbox_probe: get resource mbox3_send failed!
02-18 16:16:40.213     1     1 I (6)[1:swapper/0]MBOX mtk_mbox_probe: get resource mbox3_recv failed!
02-18 16:16:40.213     1     1 I (6)[1:swapper/0]MBOX mtk_mbox_probe: get resource mbox4_init failed!
02-18 16:16:40.213     1     1 I (6)[1:swapper/0]MBOX mtk_mbox_probe: get resource mbox4_send failed!
02-18 16:16:40.213     1     1 I (6)[1:swapper/0]MBOX mtk_mbox_probe: get resource mbox4_recv failed!
02-18 16:16:40.213     1     1 I         : (6)[1:swapper/0]sspm_ipidev (with 18 IPI) has registered.
02-18 16:16:40.213     1     1 I         : (6)[1:swapper/0]SSPM is ready to service IPI
02-18 16:16:40.214     1     1 I         : (6)[1:swapper/0]clk_mt6833_impc_probe init begin
02-18 16:16:40.214     1     1 I         : (6)[1:swapper/0]clk_mt6833_impc_probe init end
02-18 16:16:40.214     1     1 I         : (6)[1:swapper/0]clk_mt6833_impe_probe init begin
02-18 16:16:40.214     1     1 I         : (6)[1:swapper/0]clk_mt6833_impe_probe init end
02-18 16:16:40.214     1     1 I         : (6)[1:swapper/0]clk_mt6833_impn_probe init begin
02-18 16:16:40.214     1     1 I         : (6)[1:swapper/0]clk_mt6833_impn_probe init end
02-18 16:16:40.214     1     1 I         : (6)[1:swapper/0]clk_mt6833_imps_probe init begin
02-18 16:16:40.214     1     1 I         : (6)[1:swapper/0]clk_mt6833_imps_probe init end
02-18 16:16:40.214     1     1 I         : (6)[1:swapper/0]clk_mt6833_impw_probe init begin
02-18 16:16:40.215     1     1 I         : (6)[1:swapper/0]clk_mt6833_impw_probe init end
02-18 16:16:40.215     1     1 I         : (6)[1:swapper/0]clk_mt6833_impws_probe init begin
02-18 16:16:40.215     1     1 I         : (6)[1:swapper/0]clk_mt6833_impws_probe init end
02-18 16:16:40.215     1     1 I         : (6)[1:swapper/0]clk_mt6833_audsys_probe init begin
02-18 16:16:40.218     1     1 I         : (6)[1:swapper/0]clk_mt6833_audsys_probe init end
02-18 16:16:40.218     1     1 I         : (6)[1:swapper/0]clk_mt6833_mfgcfg_probe init begin
02-18 16:16:40.218     1     1 I         : (6)[1:swapper/0]clk_mt6833_mfgcfg_probe init end
02-18 16:16:40.218     1     1 I (6)[1:swapper/0]mtk-smi-common 14002000.smi_common: COMMON21 nr_dev:29
02-18 16:16:40.219     1     1 I (6)[1:swapper/0]mtk-smi-common 14002000.smi_common: SMI21 base: VA=(____ptrval____), PA=0x0000000014002000
02-18 16:16:40.219     1     1 I (6)[1:swapper/0]mtk-smi-common 14002000.smi_common: SMI21 CLK0:scp-dis
02-18 16:16:40.219     1     1 I (6)[1:swapper/0]mtk-smi-common 14002000.smi_common: SMI21 CLK1:mm-comm
02-18 16:16:40.219     1     1 I (6)[1:swapper/0]mtk-smi-common 14002000.smi_common: SMI21 CLK2:mm-gals
02-18 16:16:40.219     1     1 I (6)[1:swapper/0]mtk-smi-common 14002000.smi_common: SMI21 CLK3:mm-infra
02-18 16:16:40.219     1     1 I (6)[1:swapper/0]mtk-smi-common 14002000.smi_common: SMI21 CLK4:mm-iommu
02-18 16:16:40.219     1     1 I (6)[1:swapper/0]mtk-smi-larb 14003000.smi_larb0: SMI0 base: VA=(____ptrval____), PA=0x0000000014003000
02-18 16:16:40.219     1     1 I (6)[1:swapper/0]mtk-smi-larb 14003000.smi_larb0: SMI0 CLK0:scp-dis
02-18 16:16:40.219     1     1 I (6)[1:swapper/0]mtk-smi-larb 14004000.smi_larb1: SMI1 base: VA=(____ptrval____), PA=0x0000000014004000
02-18 16:16:40.219     1     1 I (6)[1:swapper/0]mtk-smi-larb 14004000.smi_larb1: SMI1 CLK0:scp-dis
02-18 16:16:40.219     1     1 I (6)[1:swapper/0]mtk-smi-larb 1f002000.smi_larb2: SMI2 base: VA=(____ptrval____), PA=0x000000001f002000
02-18 16:16:40.219     1     1 I (6)[1:swapper/0]mtk-smi-larb 1f002000.smi_larb2: SMI2 CLK0:scp-dis
02-18 16:16:40.219     1     1 I (6)[1:swapper/0]mtk-smi-larb 1f002000.smi_larb2: SMI2 CLK1:mdp-smi
02-18 16:16:40.219     1     1 I (6)[1:swapper/0]mtk-smi-larb 1f00f000.smi_larb3: SMI3 base: VA=(____ptrval____), PA=0x000000001f00f000
02-18 16:16:40.219     1     1 I (6)[1:swapper/0]mtk-smi-larb 1f00f000.smi_larb3: SMI3 CLK0:scp-dis
02-18 16:16:40.219     1     1 I (6)[1:swapper/0]mtk-smi-larb 1f00f000.smi_larb3: SMI3 CLK1:mdp-smi
02-18 16:16:40.219     1     1 I (6)[1:swapper/0]mtk-smi-larb 1602e000.smi_larb4: SMI4 base: VA=(____ptrval____), PA=0x000000001602e000
02-18 16:16:40.219     1     1 I (6)[1:swapper/0]mtk-smi-larb 1602e000.smi_larb4: SMI4 CLK0:scp-vdec
02-18 16:16:40.219     1     1 I (6)[1:swapper/0]mtk-smi-larb 1602e000.smi_larb4: SMI4 CLK1:vdec-larb
02-18 16:16:40.219     1     1 I (6)[1:swapper/0]mtk-smi-larb 16030000.smi_larb5: SMI5 base: VA=(____ptrval____), PA=0x0000000016030000
02-18 16:16:40.219     1     1 I (6)[1:swapper/0]mtk-smi-larb 16030000.smi_larb5: SMI5 CLK0:scp-vdec
02-18 16:16:40.219     1     1 I (6)[1:swapper/0]mtk-smi-larb 16031000.smi_larb6: SMI6 base: VA=(____ptrval____), PA=0x0000000016031000
02-18 16:16:40.219     1     1 I (6)[1:swapper/0]mtk-smi-larb 16031000.smi_larb6: SMI6 CLK0:scp-vdec
02-18 16:16:40.219     1     1 I (6)[1:swapper/0]mtk-smi-larb 1a001000.smi_larb13: SMI13 base: VA=(____ptrval____), PA=0x000000001a001000
02-18 16:16:40.219     1     1 I (6)[1:swapper/0]mtk-smi-larb 1a001000.smi_larb13: SMI13 CLK0:scp-cam
02-18 16:16:40.219     1     1 I (6)[1:swapper/0]mtk-smi-larb 1a001000.smi_larb13: SMI13 CLK1:cam-larb13
02-18 16:16:40.219     1     1 I (6)[1:swapper/0]mtk-smi-larb 1a002000.smi_larb14: SMI14 base: VA=(____ptrval____), PA=0x000000001a002000
02-18 16:16:40.219     1     1 I (6)[1:swapper/0]mtk-smi-larb 1a002000.smi_larb14: SMI14 CLK0:scp-cam
02-18 16:16:40.219     1     1 I (6)[1:swapper/0]mtk-smi-larb 1a002000.smi_larb14: SMI14 CLK1:cam-larb14
02-18 16:16:40.219     1     1 I (6)[1:swapper/0]mtk-smi-larb 1a003000.smi_larb15: SMI15 base: VA=(____ptrval____), PA=0x000000001a003000
02-18 16:16:40.219     1     1 I (6)[1:swapper/0]mtk-smi-larb 1a003000.smi_larb15: SMI15 CLK0:scp-cam
02-18 16:16:40.219     1     1 I (6)[1:swapper/0]mtk-smi-common 1a00c000.cam_smi_subcom: SMI26 base: VA=(____ptrval____), PA=0x000000001a00c000
02-18 16:16:40.219     1     1 I (6)[1:swapper/0]mtk-smi-common 1a00c000.cam_smi_subcom: SMI26 CLK0:scp-cam
02-18 16:16:40.219     1     1 I (6)[1:swapper/0]mtk-smi-common 1a00d000.cam_smi_subcom: SMI27 base: VA=(____ptrval____), PA=0x000000001a00d000
02-18 16:16:40.219     1     1 I (6)[1:swapper/0]mtk-smi-common 1a00d000.cam_smi_subcom: SMI27 CLK0:scp-cam
02-18 16:16:40.219     1     1 I (6)[1:swapper/0]mtk-smi-larb 1a00f000.smi_larb16: SMI16 base: VA=(____ptrval____), PA=0x000000001a00f000
02-18 16:16:40.219     1     1 I (6)[1:swapper/0]mtk-smi-larb 1a00f000.smi_larb16: SMI16 CLK0:scp-cam-rawa
02-18 16:16:40.219     1     1 I (6)[1:swapper/0]mtk-smi-larb 1a00f000.smi_larb16: SMI16 CLK1:cam-rawa-larbx
02-18 16:16:40.220     1     1 I (6)[1:swapper/0]mtk-smi-larb 1a010000.smi_larb17: SMI17 base: VA=(____ptrval____), PA=0x000000001a010000
02-18 16:16:40.220     1     1 I (6)[1:swapper/0]mtk-smi-larb 1a010000.smi_larb17: SMI17 CLK0:scp-cam-rawb
02-18 16:16:40.220     1     1 I (6)[1:swapper/0]mtk-smi-larb 1a010000.smi_larb17: SMI17 CLK1:cam-rawb-larbx
02-18 16:16:40.220     1     1 I (6)[1:swapper/0]mtk-smi-larb 1a011000.smi_larb18: SMI18 base: VA=(____ptrval____), PA=0x000000001a011000
02-18 16:16:40.220     1     1 I (6)[1:swapper/0]mtk-smi-larb 1a011000.smi_larb18: SMI18 CLK0:scp-cam-rawb
02-18 16:16:40.220     1     1 I (6)[1:swapper/0]mtk-smi-larb 1b10f000.smi_larb19: SMI19 base: VA=(____ptrval____), PA=0x000000001b10f000
02-18 16:16:40.220     1     1 I (6)[1:swapper/0]mtk-smi-larb 1b10f000.smi_larb19: SMI19 CLK0:scp-ipe
02-18 16:16:40.220     1     1 I (6)[1:swapper/0]mtk-smi-larb 1b10f000.smi_larb19: SMI19 CLK1:ipe-larb19
02-18 16:16:40.220     1     1 I (6)[1:swapper/0]mtk-smi-larb 1b00f000.smi_larb20: SMI20 base: VA=(____ptrval____), PA=0x000000001b00f000
02-18 16:16:40.220     1     1 I (6)[1:swapper/0]mtk-smi-larb 1b00f000.smi_larb20: SMI20 CLK0:scp-ipe
02-18 16:16:40.220     1     1 I (6)[1:swapper/0]mtk-smi-larb 1b00f000.smi_larb20: SMI20 CLK1:ipe-larb20
02-18 16:16:40.221     1     1 I (6)[1:swapper/0]mtk-smi-common 1401b000.disp_smi_2x1_sub_common_u0: SMI22 base: VA=(____ptrval____), PA=0x000000001401b000
02-18 16:16:40.221     1     1 I (6)[1:swapper/0]mtk-smi-common 1401b000.disp_smi_2x1_sub_common_u0: SMI22 CLK0:scp-dis
02-18 16:16:40.221     1     1 I (6)[1:swapper/0]mtk-smi-common 1401c000.disp_smi_2x1_sub_common_u1: SMI23 base: VA=(____ptrval____), PA=0x000000001401c000
02-18 16:16:40.221     1     1 I (6)[1:swapper/0]mtk-smi-common 1401c000.disp_smi_2x1_sub_common_u1: SMI23 CLK0:scp-dis
02-18 16:16:40.221     1     1 I (6)[1:swapper/0]mtk-smi-common 1401e000.img1_smi_2x1_sub_common: SMI24 base: VA=(____ptrval____), PA=0x000000001401e000
02-18 16:16:40.221     1     1 I (6)[1:swapper/0]mtk-smi-common 1401e000.img1_smi_2x1_sub_common: SMI24 CLK0:scp-dis
02-18 16:16:40.222     1     1 I (6)[1:swapper/0]mtk-smi-larb 1502e000.smi_larb9: SMI9 base: VA=(____ptrval____), PA=0x000000001502e000
02-18 16:16:40.222     1     1 I (6)[1:swapper/0]mtk-smi-larb 1502e000.smi_larb9: SMI9 CLK0:scp-isp
02-18 16:16:40.222     1     1 I (6)[1:swapper/0]mtk-smi-larb 1502e000.smi_larb9: SMI9 CLK1:img1-larb9
02-18 16:16:40.222     1     1 I (6)[1:swapper/0]mtk-smi-larb 15030000.smi_larb10: SMI10 base: VA=(____ptrval____), PA=0x0000000015030000
02-18 16:16:40.222     1     1 I (6)[1:swapper/0]mtk-smi-larb 15030000.smi_larb10: SMI10 CLK0:scp-isp
02-18 16:16:40.222     1     1 I (6)[1:swapper/0]mtk-smi-common 1502f000.2x1_sub_common: SMI28 base: VA=(____ptrval____), PA=0x000000001502f000
02-18 16:16:40.222     1     1 I (6)[1:swapper/0]mtk-smi-common 1502f000.2x1_sub_common: SMI28 CLK0:scp-isp
02-18 16:16:40.222     1     1 I (6)[1:swapper/0]mtk-smi-larb 1582e000.smi_larb11: SMI11 base: VA=(____ptrval____), PA=0x000000001582e000
02-18 16:16:40.222     1     1 I (6)[1:swapper/0]mtk-smi-larb 1582e000.smi_larb11: SMI11 CLK0:scp-isp2
02-18 16:16:40.222     1     1 I (6)[1:swapper/0]mtk-smi-larb 1582e000.smi_larb11: SMI11 CLK1:img2-larb9
02-18 16:16:40.222     1     1 I (6)[1:swapper/0]mtk-smi-larb 15830000.smi_larb12: SMI12 base: VA=(____ptrval____), PA=0x0000000015830000
02-18 16:16:40.222     1     1 I (6)[1:swapper/0]mtk-smi-larb 15830000.smi_larb12: SMI12 CLK0:scp-isp2
02-18 16:16:40.223     1     1 I (6)[1:swapper/0]mtk-smi-larb 17010000.smi_larb7: SMI7 base: VA=(____ptrval____), PA=0x0000000017010000
02-18 16:16:40.223     1     1 I (6)[1:swapper/0]mtk-smi-larb 17010000.smi_larb7: SMI7 CLK0:scp-venc
02-18 16:16:40.223     1     1 I (6)[1:swapper/0]mtk-smi-larb 17010000.smi_larb7: SMI7 CLK1:venc-set1
02-18 16:16:40.223     1     1 I (6)[1:swapper/0]mtk-smi-larb 17010000.smi_larb7: SMI7 CLK2:venc-set2
02-18 16:16:40.223     1     1 I (6)[1:swapper/0]mtk-smi-common 1b00e000.ipe_smi_subcom: SMI25 base: VA=(____ptrval____), PA=0x000000001b00e000
02-18 16:16:40.223     1     1 I (6)[1:swapper/0]mtk-smi-common 1b00e000.ipe_smi_subcom: SMI25 CLK0:scp-ipe
02-18 16:16:40.223     1     1 I (6)[1:swapper/0]mtk-smi-larb 17011000.smi_larb8: SMI8 base: VA=(____ptrval____), PA=0x0000000017011000
02-18 16:16:40.223     1     1 I (6)[1:swapper/0]mtk-smi-larb 17011000.smi_larb8: SMI8 CLK0:scp-venc
02-18 16:16:40.223     1     1 I (6)[1:swapper/0][MTK_SMI]MMSYS base: VA=(____ptrval____), PA=0x0000000014000000
02-18 16:16:40.224     1     1 I         : (6)[1:swapper/0][MTK_SMI]======== LARB0 non-zero value, clk:1 ========
02-18 16:16:40.224     1     1 I         : (6)[1:swapper/0][MTK_SMI] 0x10=0xff3, 0x24=0x370256, 0x40=0x1, 0x60=0xf, 0x80=0xf, 0xb0=0xaaaaa, 0xb4=0xd83e0, 0xb8=0x200020, 0x200=0x202, 0x204=0x202,
02-18 16:16:40.224     1     1 I         : (6)[1:swapper/0][MTK_SMI] 0x208=0x2828, 0x20c=0x2828, 0x38c=0x8,
02-18 16:16:40.224     1     1 I         : (6)[1:swapper/0][MTK_SMI]======== LARB1 non-zero value, clk:1 ========
02-18 16:16:40.224     1     1 I         : (6)[1:swapper/0][MTK_SMI] 0x10=0xff3, 0x24=0x370256, 0x40=0x1, 0x60=0x1f, 0x80=0x1f, 0xb0=0xaaaaa, 0xb4=0xd83e0, 0xb8=0x200020, 0x200=0x202,
02-18 16:16:40.224     1     1 I         : (6)[1:swapper/0][MTK_SMI] 0x204=0x1818, 0x208=0x606, 0x20c=0x606, 0x210=0x2828, 0x390=0x8,
02-18 16:16:40.224     1     1 I         : (6)[1:swapper/0][MTK_SMI]======== LARB2 non-zero value, clk:1 ========
02-18 16:16:40.224     1     1 I         : (6)[1:swapper/0][MTK_SMI] 0x10=0xff3, 0x24=0x370256, 0x40=0x1, 0x60=0x1f, 0x80=0x1f, 0xb0=0xaaaaa, 0xb4=0xc03e0, 0xb8=0x200020, 0x200=0x606,
02-18 16:16:40.224     1     1 I         : (6)[1:swapper/0][MTK_SMI] 0x204=0x606, 0x208=0x606, 0x20c=0x606, 0x210=0x101, 0x380=0x9, 0x384=0x9, 0x388=0x9, 0x38c=0x9, 0x390=0x9,
02-18 16:16:40.224     1     1 I         : (6)[1:swapper/0][MTK_SMI]======== LARB3 OFF ========
02-18 16:16:40.224     1     1 I         : (6)[1:swapper/0][MTK_SMI]======== LARB4 OFF ========
02-18 16:16:40.224     1     1 I         : (6)[1:swapper/0][MTK_SMI]======== LARB5 OFF ========
02-18 16:16:40.224     1     1 I         : (6)[1:swapper/0][MTK_SMI]======== LARB6 OFF ========
02-18 16:16:40.224     1     1 I         : (6)[1:swapper/0][MTK_SMI]======== LARB7 OFF ========
02-18 16:16:40.224     1     1 I         : (6)[1:swapper/0][MTK_SMI]======== LARB8 OFF ========
02-18 16:16:40.224     1     1 I         : (6)[1:swapper/0][MTK_SMI]======== LARB9 OFF ========
02-18 16:16:40.224     1     1 I         : (6)[1:swapper/0][MTK_SMI]======== LARB10 OFF ========
02-18 16:16:40.224     1     1 I         : (6)[1:swapper/0][MTK_SMI]======== LARB11 OFF ========
02-18 16:16:40.224     1     1 I         : (6)[1:swapper/0][MTK_SMI]======== LARB12 OFF ========
02-18 16:16:40.224     1     1 I         : (6)[1:swapper/0][MTK_SMI]======== LARB13 OFF ========
02-18 16:16:40.224     1     1 I         : (6)[1:swapper/0][MTK_SMI]======== LARB14 OFF ========
02-18 16:16:40.224     1     1 I         : (6)[1:swapper/0][MTK_SMI]======== LARB15 OFF ========
02-18 16:16:40.224     1     1 I         : (6)[1:swapper/0][MTK_SMI]======== LARB16 OFF ========
02-18 16:16:40.224     1     1 I         : (6)[1:swapper/0][MTK_SMI]======== LARB17 OFF ========
02-18 16:16:40.224     1     1 I         : (6)[1:swapper/0][MTK_SMI]======== LARB18 OFF ========
02-18 16:16:40.224     1     1 I         : (6)[1:swapper/0][MTK_SMI]======== LARB19 OFF ========
02-18 16:16:40.224     1     1 I         : (6)[1:swapper/0][MTK_SMI]======== LARB20 OFF ========
02-18 16:16:40.224     1     1 I         : (6)[1:swapper/0][MTK_SMI]======== COMM21 non-zero value, clk:7 ========
02-18 16:16:40.224     1     1 I         : (6)[1:swapper/0][MTK_SMI] 0x100=0xb, 0x220=0x4514, 0x228=0x1041041, 0x22c=0x1041, 0x230=0xf23e4000, 0x234=0xe100e10, 0x238=0x9100910, 0x23c=0x5060910,
02-18 16:16:40.224     1     1 I         : (6)[1:swapper/0][MTK_SMI] 0x300=0x4f1, 0x308=0x1041041, 0x30c=0x1041, 0x310=0x1041041, 0x314=0x1041, 0x318=0x1041041, 0x31c=0x1041, 0x320=0x1041041,
02-18 16:16:40.224     1     1 I         : (6)[1:swapper/0][MTK_SMI] 0x324=0x1041, 0x400=0x2c5, 0x404=0x2c5, 0x408=0x2c0, 0x40c=0x2c0, 0x410=0x2c5, 0x414=0x2c5, 0x418=0x2c0, 0x41c=0x2c0,
02-18 16:16:40.224     1     1 I         : (6)[1:swapper/0][MTK_SMI] 0x420=0x10005, 0x424=0x10005, 0x430=0x15, 0x434=0x15, 0x440=0x1, 0x444=0x1, 0x710=0xffff0000,
02-18 16:16:40.224     1     1 I         : (6)[1:swapper/0][MTK_SMI]======== COMM22 non-zero value, clk:1 ========
02-18 16:16:40.224     1     1 I         : (6)[1:swapper/0][MTK_SMI] 0x100=0xa, 0x228=0x41, 0x230=0x17, 0x234=0x3efe, 0x244=0x2105, 0x300=0x4f1, 0x400=0x5, 0x404=0x5, 0x430=0x315, 0x440=0x1,
02-18 16:16:40.224     1     1 I         : (6)[1:swapper/0][MTK_SMI] 0x444=0x1,
02-18 16:16:40.224     1     1 I         : (6)[1:swapper/0][MTK_SMI]======== COMM23 non-zero value, clk:1 ========
02-18 16:16:40.224     1     1 I         : (6)[1:swapper/0][MTK_SMI] 0x100=0xa, 0x228=0x41, 0x230=0x17, 0x234=0x3efe, 0x244=0x2105, 0x300=0x4f1, 0x400=0x5, 0x404=0x5, 0x430=0x315, 0x440=0x1,
02-18 16:16:40.224     1     1 I         : (6)[1:swapper/0][MTK_SMI] 0x444=0x1,
02-18 16:16:40.224     1     1 I         : (6)[1:swapper/0][MTK_SMI]======== COMM24 non-zero value, clk:1 ========
02-18 16:16:40.224     1     1 I         : (6)[1:swapper/0][MTK_SMI] 0x100=0xa, 0x228=0x41, 0x230=0x17, 0x234=0x3efe, 0x244=0x2105, 0x300=0x4f1, 0x400=0x280, 0x404=0x280, 0x430=0x315, 0x440=0x1,
02-18 16:16:40.224     1     1 I         : (6)[1:swapper/0][MTK_SMI] 0x444=0x1,
02-18 16:16:40.224     1     1 I         : (6)[1:swapper/0][MTK_SMI]======== COMM25 OFF ========
02-18 16:16:40.224     1     1 I         : (6)[1:swapper/0][MTK_SMI]======== COMM26 OFF ========
02-18 16:16:40.224     1     1 I         : (6)[1:swapper/0][MTK_SMI]======== COMM27 OFF ========
02-18 16:16:40.224     1     1 I         : (6)[1:swapper/0][MTK_SMI]======== COMM28 OFF ========
02-18 16:16:40.224     1     1 I         : (6)[1:swapper/0][MTK_SMI]======== MMSYS29 non-zero value, clk:7 ========
02-18 16:16:40.224     1     1 I         : (6)[1:swapper/0][MTK_SMI] 0x100=0xfe300020, 0x110=0xfeffffff, 0x520=0x7514, 0x524=0x7514, 0x528=0x1007500, 0x52c=0x1007500, 0x530=0x1007500,
02-18 16:16:40.224     1     1 I         : (6)[1:swapper/0][MTK_SMI] 0x538=0x1007500, 0x540=0x1007500, 0x544=0x1007500,
02-18 16:16:40.224     1     1 I         : (6)[1:swapper/0][MTK_SMI]SCEN=SMI_BWC_SCEN_NORMAL(0), SMI_SCEN=0
02-18 16:16:40.224     1     1 I (6)[1:swapper/0][MTK_SMI]LARB0: [ ON][    0.     0][         MTK_SMI]/[*OFF][    0.     0][                ]
02-18 16:16:40.224     1     1 I (6)[1:swapper/0][MTK_SMI]LARB1: [ ON][    0.     0][         MTK_SMI]/[*OFF][    0.     0][                ]
02-18 16:16:40.224     1     1 I (6)[1:swapper/0][MTK_SMI]LARB2: [ ON][    0.     0][         MTK_SMI]/[*OFF][    0.     0][                ]
02-18 16:16:40.224     1     1 I (6)[1:swapper/0][MTK_SMI]LARB3: [ ON][    0.     0][                ]/[*OFF][    0.     0][                ]
02-18 16:16:40.224     1     1 I (6)[1:swapper/0][MTK_SMI]LARB4: [ ON][    0.     0][                ]/[*OFF][    0.     0][                ]
02-18 16:16:40.224     1     1 I (6)[1:swapper/0][MTK_SMI]LARB5: [ ON][    0.     0][                ]/[*OFF][    0.     0][                ]
02-18 16:16:40.224     1     1 I (6)[1:swapper/0][MTK_SMI]LARB6: [ ON][    0.     0][                ]/[*OFF][    0.     0][                ]
02-18 16:16:40.224     1     1 I (6)[1:swapper/0][MTK_SMI]LARB7: [ ON][    0.     0][                ]/[*OFF][    0.     0][                ]
02-18 16:16:40.224     1     1 I (6)[1:swapper/0][MTK_SMI]LARB8: [ ON][    0.     0][                ]/[*OFF][    0.     0][                ]
02-18 16:16:40.224     1     1 I (6)[1:swapper/0][MTK_SMI]LARB9: [ ON][    0.     0][                ]/[*OFF][    0.     0][                ]
02-18 16:16:40.224     1     1 I (6)[1:swapper/0][MTK_SMI]LARB10: [ ON][    0.     0][                ]/[*OFF][    0.     0][                ]
02-18 16:16:40.224     1     1 I (6)[1:swapper/0][MTK_SMI]LARB11: [ ON][    0.     0][                ]/[*OFF][    0.     0][                ]
02-18 16:16:40.224     1     1 I (6)[1:swapper/0][MTK_SMI]LARB12: [ ON][    0.     0][                ]/[*OFF][    0.     0][                ]
02-18 16:16:40.224     1     1 I (6)[1:swapper/0][MTK_SMI]LARB13: [ ON][    0.     0][                ]/[*OFF][    0.     0][                ]
02-18 16:16:40.224     1     1 I (6)[1:swapper/0][MTK_SMI]LARB14: [ ON][    0.     0][                ]/[*OFF][    0.     0][                ]
02-18 16:16:40.224     1     1 I (6)[1:swapper/0][MTK_SMI]LARB15: [ ON][    0.     0][                ]/[*OFF][    0.     0][                ]
02-18 16:16:40.224     1     1 I (6)[1:swapper/0][MTK_SMI]LARB16: [ ON][    0.     0][                ]/[*OFF][    0.     0][                ]
02-18 16:16:40.224     1     1 I (6)[1:swapper/0][MTK_SMI]LARB17: [ ON][    0.     0][                ]/[*OFF][    0.     0][                ]
02-18 16:16:40.224     1     1 I (6)[1:swapper/0][MTK_SMI]LARB18: [ ON][    0.     0][                ]/[*OFF][    0.     0][                ]
02-18 16:16:40.224     1     1 I (6)[1:swapper/0][MTK_SMI]LARB19: [ ON][    0.     0][                ]/[*OFF][    0.     0][                ]
02-18 16:16:40.224     1     1 I (6)[1:swapper/0][MTK_SMI]LARB20: [ ON][    0.     0][                ]/[*OFF][    0.     0][                ]
02-18 16:16:40.226     1     1 I (6)[1:swapper/0]trusty trusty: --- init trusty-smc for MTEE 0 ---
02-18 16:16:40.226     1     1 I         : (6)[1:swapper/0]New smcall table ver 5 support for MTEE 0
02-18 16:16:40.226     1     1 I (6)[1:swapper/0]trusty trusty: trusty version: mTEE_SDK: 2.2.2.004.S0MP1, Built: 16:05:09 Oct 17 2022
02-18 16:16:40.226     1     1 I (6)[1:swapper/0]trusty trusty: selected api version: 5 (requested 5)
02-18 16:16:40.226    65    65 I (0)[65:id0_trusty_n/0]trusty trusty: tee0/trusty_task_nop_0 ->
02-18 16:16:40.226    66    66 I (1)[66:id0_trusty_n/1]trusty trusty: tee0/trusty_task_nop_1 ->
02-18 16:16:40.226    67    67 I (2)[67:id0_trusty_n/2]trusty trusty: tee0/trusty_task_nop_2 ->
02-18 16:16:40.226    68    68 I (3)[68:id0_trusty_n/3]trusty trusty: tee0/trusty_task_nop_3 ->
02-18 16:16:40.226    69    69 I (4)[69:id0_trusty_n/4]trusty trusty: tee0/trusty_task_nop_4 ->
02-18 16:16:40.226    70    70 I (5)[70:id0_trusty_n/5]trusty trusty: tee0/trusty_task_nop_5 ->
02-18 16:16:40.226    71    71 I (6)[71:id0_trusty_n/6]trusty trusty: tee0/trusty_task_nop_6 ->
02-18 16:16:40.226    72    72 I (7)[72:id0_trusty_n/7]trusty trusty: tee0/trusty_task_nop_7 ->
02-18 16:16:40.229     1     1 I         : (6)[1:swapper/0]trusty-log API supported: 1
02-18 16:16:40.229     1     1 I (6)[1:swapper/0]trusty-gz-log trusty: trusty-gz-log: --- init gz-log for MTEE 0 ---
02-18 16:16:40.229     1     1 I (6)[1:swapper/0]trusty-gz-log trusty: trusty-gz-log: gls->log virtual address:(____ptrval____)
02-18 16:16:40.229     1     1 I (6)[1:swapper/0]trusty trusty: trusty_probe, Not MT_GZ_TRUSTY_DEBUGFS
02-18 16:16:40.229     1     1 I (6)[1:swapper/0]nebula nebula: --- init trusty-smc for MTEE 1 ---
02-18 16:16:40.229     1     1 I         : (6)[1:swapper/0]GZ SMC version(0) is not supported for MTEE 1, please update
02-18 16:16:40.229     1     1 I (6)[1:swapper/0]nebula nebula: Failed to init smc number table
02-18 16:16:40.229     1     1 I (6)[1:swapper/0]BOOTPROF: 446.355000:initcall: of_platform_default_populate_init   335.474155ms
02-18 16:16:40.229     1     1 W (6)[1:swapper/0]sysfs: cannot create duplicate filename '/module/tee/version'
02-18 16:16:40.229     1     1 W -(6)[1:swapper/0]CPU: 6 PID: 1 Comm: swapper/0 Tainted: G S                4.19.191 #1
02-18 16:16:40.229     1     1 W -(6)[1:swapper/0]Hardware name: MT6833 (DT)
02-18 16:16:40.229     1     1 W -(6)[1:swapper/0]Call trace:  
02-18 16:16:40.229     1     1 W         : -(6)[1:swapper/0] dump_backtrace.cfi_jt+0x0/0x4
02-18 16:16:40.229     1     1 W         : -(6)[1:swapper/0] dump_stack+0xb8/0xf0
02-18 16:16:40.229     1     1 W         : -(6)[1:swapper/0] sysfs_warn_dup+0x8c/0xa8
02-18 16:16:40.229     1     1 W         : -(6)[1:swapper/0] sysfs_add_file_mode_ns+0x11c/0x168
02-18 16:16:40.229     1     1 W         : -(6)[1:swapper/0] sysfs_create_file_ns+0x6c/0x9c
02-18 16:16:40.229     1     1 W         : -(6)[1:swapper/0] version_sysfs_builtin+0x60/0x94
02-18 16:16:40.229     1     1 W         : -(6)[1:swapper/0] param_sysfs_init+0x5c/0x6c
02-18 16:16:40.229     1     1 W         : -(6)[1:swapper/0] do_one_initcall+0x184/0x374
02-18 16:16:40.229     1     1 W         : -(6)[1:swapper/0] do_initcall_level+0x184/0x1a8
02-18 16:16:40.230     1     1 W         : -(6)[1:swapper/0] do_basic_setup+0x30/0x48
02-18 16:16:40.230     1     1 W         : -(6)[1:swapper/0] kernel_init_freeable+0xac/0x128
02-18 16:16:40.230     1     1 W         : -(6)[1:swapper/0] kernel_init+0x14/0x2a8
02-18 16:16:40.230     1     1 W         : -(6)[1:swapper/0] ret_from_fork+0x10/0x18
02-18 16:16:40.230     1     1 W -(6)[1:swapper/0]WARNING: CPU: 6 PID: 1 at version_sysfs_builtin+0x8c/0x94
02-18 16:16:40.230     1     1 W         : -(6)[1:swapper/0]Modules linked in:
02-18 16:16:40.230     1     1 W -(6)[1:swapper/0]CPU: 6 PID: 1 Comm: swapper/0 Tainted: G S                4.19.191 #1
02-18 16:16:40.230     1     1 W -(6)[1:swapper/0]Hardware name: MT6833 (DT)
02-18 16:16:40.230     1     1 W -(6)[1:swapper/0]pstate: 60c00005 (nZCv daif +PAN +UAO)
02-18 16:16:40.230     1     1 W -(6)[1:swapper/0]pc: version_sysfs_builtin+0x8c/0x94
02-18 16:16:40.230     1     1 W -(6)[1:swapper/0]lr: version_sysfs_builtin+0x60/0x94
02-18 16:16:40.230     1     1 W -(6)[1:swapper/0]sp: ffffff800808bc50
02-18 16:16:40.230     1     1 W -(6)[1:swapper/0]x29: ffffff800808bc50 x28: 0000000000000000
02-18 16:16:40.230     1     1 W -(6)[1:swapper/0]x27: 0000000000000000 x26: 0000000000000000
02-18 16:16:40.230     1     1 W -(6)[1:swapper/0]x25: ffffff9b92076028 x24: ffffff9b920b2fe8
02-18 16:16:40.230     1     1 W -(6)[1:swapper/0]x23: 0000000000000000 x22: ffffff9b91f55570
02-18 16:16:40.230     1     1 W -(6)[1:swapper/0]x21: ffffff9b91f55598 x20: ffffff9b920d5810
02-18 16:16:40.230     1     1 W -(6)[1:swapper/0]x19: ffffffd98f26d480 x18: 00000000fffe9e80
02-18 16:16:40.230     1     1 W -(6)[1:swapper/0]x17: 0000000000000041 x16: 0000000000000000
02-18 16:16:40.230     1     1 W -(6)[1:swapper/0]x15: ffffff9b91ecd2d7 x14: 0000000000000050
02-18 16:16:40.230     1     1 W -(6)[1:swapper/0]x13: 00000000000000c6 x12: 0000000000000000
02-18 16:16:40.230     1     1 W -(6)[1:swapper/0]x11: 0000000000000000 x10: 0000003e2dd2e000
02-18 16:16:40.230     1     1 W -(6)[1:swapper/0]x9: 3d3b1d0348d2ca00 x8 : 3d3b1d0348d2ca00
02-18 16:16:40.230     1     1 W -(6)[1:swapper/0]x7: 2b6b726f665f6d6f x6 : ffffff9b926d3ef5
02-18 16:16:40.230     1     1 W -(6)[1:swapper/0]x5: 0000000000000001 x4 : ffffffd9bfdb48c0
02-18 16:16:40.230     1     1 W -(6)[1:swapper/0]x3: 00000000000000b6 x2 : ffffffd98f9b2000
02-18 16:16:40.230     1     1 W -(6)[1:swapper/0]x1: 0000000000000000 x0 : 00000000ffffffef
02-18 16:16:40.230     1     1 W -(6)[1:swapper/0]Call trace:  
02-18 16:16:40.230     1     1 W         : -(6)[1:swapper/0] version_sysfs_builtin+0x8c/0x94
02-18 16:16:40.230     1     1 W         : -(6)[1:swapper/0] param_sysfs_init+0x5c/0x6c
02-18 16:16:40.230     1     1 W         : -(6)[1:swapper/0] do_one_initcall+0x184/0x374
02-18 16:16:40.230     1     1 W         : -(6)[1:swapper/0] do_initcall_level+0x184/0x1a8
02-18 16:16:40.230     1     1 W         : -(6)[1:swapper/0] do_basic_setup+0x30/0x48
02-18 16:16:40.230     1     1 W         : -(6)[1:swapper/0] kernel_init_freeable+0xac/0x128
02-18 16:16:40.230     1     1 W         : -(6)[1:swapper/0] kernel_init+0x14/0x2a8
02-18 16:16:40.230     1     1 W         : -(6)[1:swapper/0] ret_from_fork+0x10/0x18
02-18 16:16:40.230     1     1 W         : -(6)[1:swapper/0]---[ end trace d392ebbb1833c69a ]---
02-18 16:16:40.239     1     1 I (6)[1:swapper/0]cryptd: max_cpu_qlen set to 1000
02-18 16:16:40.242     1     1 I         : (6)[1:swapper/0]mtk_iommu_probe+, 4419
02-18 16:16:40.243     1     1 I (6)[1:swapper/0]mtk-iommu-v2 14016000.m4u: iommu:0 clks0 of disp-iommu-ck init done
02-18 16:16:40.243     1     1 I (6)[1:swapper/0]mtk-iommu-v2 14016000.m4u: iommu:0 power0 of power init done
02-18 16:16:40.243     1     1 I (6)[1:swapper/0]mtk_iommu_power_switch: 856: enable power pass of iommu0 for iommu_probe, ret=0
02-18 16:16:40.243     1     1 I         : (6)[1:swapper/0]mtk_iommu_power_switch, 868, enable clock pass at iommu0, for iommu_probe, ret=0
02-18 16:16:40.243     1     1 I         : (6)[1:swapper/0]mtk_iommu_hw_init, secure bank, of_iomap: 0xffffff8008d45000, irq_num: 113, m4u_id:0
02-18 16:16:40.243     1     1 I (6)[1:swapper/0]mtk_iommu_hw_init, bank: 1, of_iomap: 0xffffff8008d47000, irq_num: 110, m4u_id:0
02-18 16:16:40.243     1     1 I (6)[1:swapper/0]mtk_iommu_hw_init, bank: 2, of_iomap: 0xffffff8008d49000, irq_num: 111, m4u_id:0
02-18 16:16:40.244     1     1 I (6)[1:swapper/0]mtk_iommu_hw_init, bank: 3, of_iomap: 0xffffff8008d4b000, irq_num: 112, m4u_id:0
02-18 16:16:40.244     1     1 I         : (6)[1:swapper/0]mtk_iommu_hw_init, done
02-18 16:16:40.244     1     1 I -(6)[1:swapper/0]mau_start_monitor iommu: 0, slave:0, mau:0, start=0x40000000(0x4), end=0xffffffff(0x7), vir:0, wr:1, io:0x1, port:0xffffffff, larb:0xffffffff
02-18 16:16:40.244     1     1 I -(7)[1:swapper/0]mau_start_monitor iommu: 0, slave:1, mau:0, start=0x40000000(0x4), end=0xffffffff(0x7), vir:0, wr:1, io:0x1, port:0xffffffff, larb:0xffffffff
02-18 16:16:40.244     1     1 I (7)[1:swapper/0]mtk_iommu_power_switch: 856: disable clock pass of iommu0 for iommu_probe, ret=0
02-18 16:16:40.244     1     1 I         : (7)[1:swapper/0]mtk_iommu_power_switch, 868, disable power pass at iommu0, for iommu_probe, ret=0
02-18 16:16:40.244     1     1 I         : (7)[1:swapper/0]mtk_iommu_probe-, 4573,total=1,m4u0,base=0xffffff8008d3d000,protect=0x0x000000018f2f2900
02-18 16:16:40.245     1     1 I (7)[1:swapper/0][picachu]reserve mem: virt:0xffffff8008d80000 - 0xffffff8008e00000 (0x80000)
02-18 16:16:40.245     1     1 I         : (7)[1:swapper/0][picachu][mem_reserve-0]
02-18 16:16:40.245     1     1 I (7)[1:swapper/0]phys: 0xbfd00000,virt:0xffffff8008d80000,size:0x40000
02-18 16:16:40.245     1     1 I         : (7)[1:swapper/0][picachu][mem_reserve-1]
02-18 16:16:40.245     1     1 I (7)[1:swapper/0]phys: 0xbfd40000,virt:0xffffff8008dc0000,size:0x10000
02-18 16:16:40.245     1     1 I         : (7)[1:swapper/0][picachu][mem_reserve-2]
02-18 16:16:40.245     1     1 I (7)[1:swapper/0]phys: 0xbfd50000,virt:0xffffff8008dd0000,size:0x10000
02-18 16:16:40.245     1     1 I         : (7)[1:swapper/0][picachu][mem_reserve-3]
02-18 16:16:40.245     1     1 I (7)[1:swapper/0]phys: 0xbfd60000,virt:0xffffff8008de0000,size:0x10000
02-18 16:16:40.245     1     1 I         : (7)[1:swapper/0][picachu][mem_reserve-4]
02-18 16:16:40.245     1     1 I (7)[1:swapper/0]phys: 0xbfd70000,virt:0xffffff8008df0000,size:0x10000
02-18 16:16:40.245     1     1 I         : (7)[1:swapper/0][PICACHU]fuse_major_ver=2, efuse_mirror_ver=3, db_major_ver=2, db_mirror_ver=1
02-18 16:16:40.245     1     1 I         : (7)[1:swapper/0]AEE kernel warning: <drivers/misc/mediatek/base/power/eem_v2/mt6833/mtk_picachu.c:449> Warning:efuse_mirror_ver=3 > db_mirror_ver=1
02-18 16:16:40.245     1     1 I (7)[1:swapper/0]PICACHU Warning: efuse_mirror_ver=3 > db_mirror_ver=1
02-18 16:16:40.245     1     1 I         : (7)[1:swapper/0][ccci0/util]ccci_util_fo_init 0.
02-18 16:16:40.245     1     1 I         : (7)[1:swapper/0][ccci0/util]Dump default setting(@P/K)
02-18 16:16:40.245     1     1 I (7)[1:swapper/0][ccci0/util]FO: opt_md1_support -> 00000001
02-18 16:16:40.245     1     1 I (7)[1:swapper/0][ccci0/util]lk info.lk_info_base_addr: 0x0
02-18 16:16:40.245     1     1 I (7)[1:swapper/0][ccci0/util]lk info.lk_info_size: 0x0
02-18 16:16:40.245     1     1 I (7)[1:swapper/0][ccci0/util]lk info.lk_info_tag_num: 0x0
02-18 16:16:40.245     1     1 I         : (7)[1:swapper/0][ccci0/util]no image enabled
02-18 16:16:40.245     1     1 I         : (7)[1:swapper/0][ccci0/util]using v3.
02-18 16:16:40.245     1     1 I         : (7)[1:swapper/0][ccci0/util]ccci attr cnt 11
02-18 16:16:40.245     1     1 I (7)[1:swapper/0][ccci0/util]ioremap_wc: (0 0000000000000000 0)
02-18 16:16:40.245     1     1 I         : (7)[1:swapper/0][ccci0/util]md sib mem info: (0x0 0x0           (null) 0)
02-18 16:16:40.245     1     1 I         : (7)[1:swapper/0][ccci0/cor]ccci core init
02-18 16:16:40.245     1     1 I         : (7)[1:swapper/0][ccci0/bfm]MTU=3456/1500, pool size 256/64
02-18 16:16:40.245     1     1 I         : (7)[1:swapper/0][MDP]cmdq_init CMDQ driver init begin
02-18 16:16:40.246     1     1 I         : (7)[1:swapper/0][MDP]CMDQ driver probe begin
02-18 16:16:40.246     1     1 I (7)[1:swapper/0][MDP][CMDQ] platform_dev: dev:(____ptrval____) PA:0x000000001f003000 VA:ffffff8008d65000 irqId:0 irqSecId:0
02-18 16:16:40.246     1     1 I         : (7)[1:swapper/0][MDP]set dma mask bit:32 result:0
02-18 16:16:40.246     1     1 I (7)[1:swapper/0][MDP]DEV: VA ref(mmsys_config):0xffffff8008d67000
02-18 16:16:40.246     1     1 I (7)[1:swapper/0][MDP]DEV: VA ref(mdp_rdma0):0xffffff8008d69000
02-18 16:16:40.246     1     1 I (7)[1:swapper/0][MDP]DEV: VA ref(mdp_rsz0):0xffffff8008d6b000
02-18 16:16:40.246     1     1 I (7)[1:swapper/0][MDP]DEV: VA ref(mdp_rsz1):0xffffff8008d6d000
02-18 16:16:40.246     1     1 I (7)[1:swapper/0][MDP]DEV: VA ref(mdp_wrot0):0xffffff8008d6f000
02-18 16:16:40.246     1     1 I (7)[1:swapper/0][MDP]DEV: VA ref(mdp_wrot1):0xffffff8008d71000
02-18 16:16:40.246     1     1 I (7)[1:swapper/0][MDP]DEV: VA ref(mdp_tdshp0):0xffffff8008d73000
02-18 16:16:40.246     1     1 I (7)[1:swapper/0][MDP]DEV: VA ref(mdp_aal0):0xffffff8008d75000 pa:0x1f005000
02-18 16:16:40.246     1     1 I (7)[1:swapper/0][MDP]DEV: VA ref(mdp_hdr0):0xffffff8008d77000 pa:0x1f007000
02-18 16:16:40.246     1     1 I (7)[1:swapper/0][MDP]DEV: VA ref(venc):0x0
02-18 16:16:40.246     1     1 I (7)[1:swapper/0][MDP]DEV: VA ref(mm_mutex):0xffffff8008d79000
02-18 16:16:40.246     1     1 I (7)[1:swapper/0][MDP]DEV: PA ref(mm_mutex): start:0x000000001f001000
02-18 16:16:40.246     1     1 I (7)[1:swapper/0][MDP]thread count: 5
02-18 16:16:40.246     1     1 I         : (7)[1:swapper/0][MDP]chan 10 0xffffffd98f6faa30 dev:0xffffffd98f5a8410
02-18 16:16:40.246     1     1 I         : (7)[1:swapper/0][MDP]chan 19 0xffffffd98f68f2e8 dev:0xffffffd98f5a8410
02-18 16:16:40.246     1     1 I         : (7)[1:swapper/0][MDP]chan 20 0xffffffd98f68f3e0 dev:0xffffffd98f5a8410
02-18 16:16:40.246     1     1 I         : (7)[1:swapper/0][MDP]chan 21 0xffffffd98f68f4d8 dev:0xffffffd98f5a8410
02-18 16:16:40.247     1     1 I         : (7)[1:swapper/0][MDP]chan 22 0xffffffd98f68f5d0 dev:0xffffffd98f5a8410
02-18 16:16:40.247     1     1 I         : (7)[1:swapper/0][MDP]available thread pool: max:24
02-18 16:16:40.247     1     1 I (7)[1:swapper/0]MMP: mmprofile_enable(): enable: 1
02-18 16:16:40.247     1     1 I (7)[1:swapper/0]MMP: mmprofile_force_start(): start: 1
02-18 16:16:40.247     1     1 I         : (7)[1:swapper/0][MDP]cmdq_mdp_init
02-18 16:16:40.248     1     1 I (7)[1:swapper/0][MDP]cmdq_core_register_status_dump notifier: 0x(____ptrval____)
02-18 16:16:40.248     1     1 I         : (7)[1:swapper/0][MDP]MDP limit dev create end
02-18 16:16:40.248     1     1 I         : (7)[1:swapper/0][MDP]CMDQ driver probe end
02-18 16:16:40.248     1     1 I         : (7)[1:swapper/0][MDP]CMDQ driver init end
02-18 16:16:40.248     1     1 I (7)[1:swapper/0][CONN-MD-DFT][I]conn_md_init: init message queue list succeed
02-18 16:16:40.248     1     1 I (7)[1:swapper/0][CONN-MD-DFT][I]conn_md_init: init active queue list succeed
02-18 16:16:40.248     1     1 I (7)[1:swapper/0][CONN-MD-DFT][I]conn_md_init: init user information list succeed
