02-18 16:16:41.462     1     1 I         : (6)[1:swapper/0][mmdvfs] node name vdec_step3
02-18 16:16:41.462     1     1 I         : (6)[1:swapper/0][mmdvfs]Get module clock: CLK_TOP_VDEC_SEL
02-18 16:16:41.462     1     1 I         : (6)[1:swapper/0][mmdvfs]Get module clock: CLK_TOP_MAINPLL_D5_D2
02-18 16:16:41.462     1     1 I (6)[1:swapper/0][mmdvfs]vdec_step3: 218MHz, clk:1/7/23
02-18 16:16:41.462     1     1 I         : (6)[1:swapper/0][mmdvfs]read freq steps vdec_step3_ext failed (-22)
02-18 16:16:41.462     1     1 I (6)[1:swapper/0][mmdvfs]vdec_freq: step size:4
02-18 16:16:41.462     1     1 I (6)[1:swapper/0][mmdvfs]vdec_freq: add notifier
02-18 16:16:41.462     1     1 I         : (6)[1:swapper/0][mmdvfs]MMDVFS limit is off
02-18 16:16:41.462     1     1 I         : (6)[1:swapper/0][mmdvfs]start get step node of venc_freq
02-18 16:16:41.462     1     1 I         : (6)[1:swapper/0][mmdvfs] node name venc_step0
02-18 16:16:41.462     1     1 I         : (6)[1:swapper/0][mmdvfs]Get module clock: CLK_TOP_VENC_SEL
02-18 16:16:41.462     1     1 I         : (6)[1:swapper/0][mmdvfs]Get module clock: CLK_TOP_UNIVPLL_D4
02-18 16:16:41.462     1     1 I (6)[1:swapper/0][mmdvfs]venc_step0: 624MHz, clk:1/6/14
02-18 16:16:41.462     1     1 I         : (6)[1:swapper/0][mmdvfs]read freq steps venc_step0_ext failed (-22)
02-18 16:16:41.462     1     1 I         : (6)[1:swapper/0][mmdvfs] node name venc_step1
02-18 16:16:41.462     1     1 I         : (6)[1:swapper/0][mmdvfs]Get module clock: CLK_TOP_VENC_SEL
02-18 16:16:41.462     1     1 I         : (6)[1:swapper/0][mmdvfs]Get module clock: CLK_TOP_MMPLL_D6
02-18 16:16:41.462     1     1 I (6)[1:swapper/0][mmdvfs]venc_step1: 458MHz, clk:1/6/20
02-18 16:16:41.462     1     1 I         : (6)[1:swapper/0][mmdvfs]read freq steps venc_step1_ext failed (-22)
02-18 16:16:41.462     1     1 I         : (6)[1:swapper/0][mmdvfs] node name venc_step2
02-18 16:16:41.462     1     1 I         : (6)[1:swapper/0][mmdvfs]Get module clock: CLK_TOP_VENC_SEL
02-18 16:16:41.462     1     1 I         : (6)[1:swapper/0][mmdvfs]Get module clock: CLK_TOP_MAINPLL_D6
02-18 16:16:41.462     1     1 I (6)[1:swapper/0][mmdvfs]venc_step2: 364MHz, clk:1/6/21
02-18 16:16:41.462     1     1 I         : (6)[1:swapper/0][mmdvfs]read freq steps venc_step2_ext failed (-22)
02-18 16:16:41.462     1     1 I         : (6)[1:swapper/0][mmdvfs] node name venc_step3
02-18 16:16:41.462     1     1 I         : (6)[1:swapper/0][mmdvfs]Get module clock: CLK_TOP_VENC_SEL
02-18 16:16:41.462     1     1 I         : (6)[1:swapper/0][mmdvfs]Get module clock: CLK_TOP_UNIVPLL_D5_D2
02-18 16:16:41.462     1     1 I (6)[1:swapper/0][mmdvfs]venc_step3: 249MHz, clk:1/6/22
02-18 16:16:41.462     1     1 I         : (6)[1:swapper/0][mmdvfs]read freq steps venc_step3_ext failed (-22)
02-18 16:16:41.462     1     1 I (6)[1:swapper/0][mmdvfs]venc_freq: step size:4
02-18 16:16:41.462     1     1 I (6)[1:swapper/0][mmdvfs]venc_freq: add notifier
02-18 16:16:41.462     1     1 I         : (6)[1:swapper/0][mmdvfs]MMDVFS limit is off
02-18 16:16:41.462     1     1 I         : (6)[1:swapper/0][mmdvfs]start get step node of img_freq
02-18 16:16:41.462     1     1 I         : (6)[1:swapper/0][mmdvfs] node name img_step0
02-18 16:16:41.462     1     1 I         : (6)[1:swapper/0][mmdvfs]Get module clock: CLK_TOP_IMG1_SEL
02-18 16:16:41.462     1     1 I         : (6)[1:swapper/0][mmdvfs]Get module clock: CLK_TOP_UNIVPLL_D4
02-18 16:16:41.462     1     1 I (6)[1:swapper/0][mmdvfs]img_step0: 624MHz, clk:1/2/14
02-18 16:16:41.462     1     1 I         : (6)[1:swapper/0][mmdvfs]read freq steps img_step0_ext failed (-22)
02-18 16:16:41.462     1     1 I         : (6)[1:swapper/0][mmdvfs] node name img_step1
02-18 16:16:41.462     1     1 I         : (6)[1:swapper/0][mmdvfs]Get module clock: CLK_TOP_IMG1_SEL
02-18 16:16:41.462     1     1 I         : (6)[1:swapper/0][mmdvfs]Get module clock: CLK_TOP_MMPLL_D6
02-18 16:16:41.462     1     1 I (6)[1:swapper/0][mmdvfs]img_step1: 458MHz, clk:1/2/20
02-18 16:16:41.462     1     1 I         : (6)[1:swapper/0][mmdvfs]read freq steps img_step1_ext failed (-22)
02-18 16:16:41.462     1     1 I         : (6)[1:swapper/0][mmdvfs] node name img_step2
02-18 16:16:41.462     1     1 I         : (6)[1:swapper/0][mmdvfs]Get module clock: CLK_TOP_IMG1_SEL
02-18 16:16:41.462     1     1 I         : (6)[1:swapper/0][mmdvfs]Get module clock: CLK_TOP_MMPLL_D4_D2
02-18 16:16:41.462     1     1 I (6)[1:swapper/0][mmdvfs]img_step2: 343MHz, clk:1/2/18
02-18 16:16:41.462     1     1 I         : (6)[1:swapper/0][mmdvfs]read freq steps img_step2_ext failed (-22)
02-18 16:16:41.462     1     1 I         : (6)[1:swapper/0][mmdvfs] node name img_step3
02-18 16:16:41.462     1     1 I         : (6)[1:swapper/0][mmdvfs]Get module clock: CLK_TOP_IMG1_SEL
02-18 16:16:41.462     1     1 I         : (6)[1:swapper/0][mmdvfs]Get module clock: CLK_TOP_MMPLL_D5_D2
02-18 16:16:41.462     1     1 I (6)[1:swapper/0][mmdvfs]img_step3: 229MHz, clk:1/2/19
02-18 16:16:41.462     1     1 I         : (6)[1:swapper/0][mmdvfs]read freq steps img_step3_ext failed (-22)
02-18 16:16:41.462     1     1 I (6)[1:swapper/0][mmdvfs]img_freq: step size:4
02-18 16:16:41.462     1     1 I (6)[1:swapper/0][mmdvfs]img_freq: add notifier
02-18 16:16:41.462     1     1 I         : (6)[1:swapper/0][mmdvfs]MMDVFS limit is off
02-18 16:16:41.462     1     1 I         : (6)[1:swapper/0][mmdvfs]start get step node of cam_freq
02-18 16:16:41.462     1     1 I         : (6)[1:swapper/0][mmdvfs] node name cam_step0
02-18 16:16:41.462     1     1 I         : (6)[1:swapper/0][mmdvfs]Get module clock: CLK_TOP_CAM_SEL
02-18 16:16:41.462     1     1 I         : (6)[1:swapper/0][mmdvfs]Get module clock: CLK_TOP_UNIVPLL_D4
02-18 16:16:41.462     1     1 I (6)[1:swapper/0][mmdvfs]cam_step0: 624MHz, clk:1/1/14
02-18 16:16:41.462     1     1 I         : (6)[1:swapper/0][mmdvfs]read freq steps cam_step0_ext failed (-22)
02-18 16:16:41.462     1     1 I         : (6)[1:swapper/0][mmdvfs] node name cam_step1
02-18 16:16:41.462     1     1 I         : (6)[1:swapper/0][mmdvfs]Get module clock: CLK_TOP_CAM_SEL
02-18 16:16:41.462     1     1 I         : (6)[1:swapper/0][mmdvfs]Get module clock: CLK_TOP_MAINPLL_D4
02-18 16:16:41.462     1     1 I (6)[1:swapper/0][mmdvfs]cam_step1: 546MHz, clk:1/1/10
02-18 16:16:41.462     1     1 I         : (6)[1:swapper/0][mmdvfs]read freq steps cam_step1_ext failed (-22)
02-18 16:16:41.462     1     1 I         : (6)[1:swapper/0][mmdvfs] node name cam_step2
02-18 16:16:41.462     1     1 I         : (6)[1:swapper/0][mmdvfs]Get module clock: CLK_TOP_CAM_SEL
02-18 16:16:41.462     1     1 I         : (6)[1:swapper/0][mmdvfs]Get module clock: CLK_TOP_MMPLL_D7
02-18 16:16:41.462     1     1 I (6)[1:swapper/0][mmdvfs]cam_step2: 392MHz, clk:1/1/16
02-18 16:16:41.462     1     1 I         : (6)[1:swapper/0][mmdvfs]read freq steps cam_step2_ext failed (-22)
02-18 16:16:41.462     1     1 I         : (6)[1:swapper/0][mmdvfs] node name cam_step3
02-18 16:16:41.462     1     1 I         : (6)[1:swapper/0][mmdvfs]Get module clock: CLK_TOP_CAM_SEL
02-18 16:16:41.462     1     1 I         : (6)[1:swapper/0][mmdvfs]Get module clock: CLK_TOP_NPUPLL
02-18 16:16:41.462     1     1 I (6)[1:swapper/0][mmdvfs]cam_step3: 286MHz, clk:1/1/26
02-18 16:16:41.462     1     1 I         : (6)[1:swapper/0][mmdvfs]read freq steps cam_step3_ext failed (-22)
02-18 16:16:41.462     1     1 I (6)[1:swapper/0][mmdvfs]cam_freq: step size:4
02-18 16:16:41.462     1     1 I (6)[1:swapper/0][mmdvfs]cam_freq: add notifier
02-18 16:16:41.462     1     1 I         : (6)[1:swapper/0][mmdvfs]MMDVFS limit is off
02-18 16:16:41.462     1     1 I         : (6)[1:swapper/0][mmdvfs]start get step node of dpe_freq
02-18 16:16:41.462     1     1 I         : (6)[1:swapper/0][mmdvfs] node name dpe_step0
02-18 16:16:41.462     1     1 I         : (6)[1:swapper/0][mmdvfs]Get module clock: CLK_TOP_DPE_SEL
02-18 16:16:41.462     1     1 I         : (6)[1:swapper/0][mmdvfs]Get module clock: CLK_TOP_MAINPLL_D4
02-18 16:16:41.462     1     1 I (6)[1:swapper/0][mmdvfs]dpe_step0: 546MHz, clk:1/4/10
02-18 16:16:41.462     1     1 I         : (6)[1:swapper/0][mmdvfs]read freq steps dpe_step0_ext failed (-22)
02-18 16:16:41.462     1     1 I         : (6)[1:swapper/0][mmdvfs] node name dpe_step1
02-18 16:16:41.462     1     1 I         : (6)[1:swapper/0][mmdvfs]Get module clock: CLK_TOP_DPE_SEL
02-18 16:16:41.462     1     1 I         : (6)[1:swapper/0][mmdvfs]Get module clock: CLK_TOP_MMPLL_D6
02-18 16:16:41.462     1     1 I (6)[1:swapper/0][mmdvfs]dpe_step1: 458MHz, clk:1/4/20
02-18 16:16:41.462     1     1 I         : (6)[1:swapper/0][mmdvfs]read freq steps dpe_step1_ext failed (-22)
02-18 16:16:41.462     1     1 I         : (6)[1:swapper/0][mmdvfs] node name dpe_step2
02-18 16:16:41.462     1     1 I         : (6)[1:swapper/0][mmdvfs]Get module clock: CLK_TOP_DPE_SEL
02-18 16:16:41.462     1     1 I         : (6)[1:swapper/0][mmdvfs]Get module clock: CLK_TOP_MAINPLL_D6
02-18 16:16:41.462     1     1 I (6)[1:swapper/0][mmdvfs]dpe_step2: 364MHz, clk:1/4/21
02-18 16:16:41.462     1     1 I         : (6)[1:swapper/0][mmdvfs]read freq steps dpe_step2_ext failed (-22)
02-18 16:16:41.462     1     1 I         : (6)[1:swapper/0][mmdvfs] node name dpe_step3
02-18 16:16:41.462     1     1 I         : (6)[1:swapper/0][mmdvfs]Get module clock: CLK_TOP_DPE_SEL
02-18 16:16:41.462     1     1 I         : (6)[1:swapper/0][mmdvfs]Get module clock: CLK_TOP_UNIVPLL_D5_D2
02-18 16:16:41.462     1     1 I (6)[1:swapper/0][mmdvfs]dpe_step3: 249MHz, clk:1/4/22
02-18 16:16:41.462     1     1 I         : (6)[1:swapper/0][mmdvfs]read freq steps dpe_step3_ext failed (-22)
02-18 16:16:41.462     1     1 I (6)[1:swapper/0][mmdvfs]dpe_freq: step size:4
02-18 16:16:41.462     1     1 I (6)[1:swapper/0][mmdvfs]dpe_freq: add notifier
02-18 16:16:41.462     1     1 I         : (6)[1:swapper/0][mmdvfs]MMDVFS limit is off
02-18 16:16:41.462     1     1 I         : (6)[1:swapper/0][mmdvfs]start get step node of ipe_freq
02-18 16:16:41.462     1     1 I         : (6)[1:swapper/0][mmdvfs] node name ipe_step0
02-18 16:16:41.462     1     1 I         : (6)[1:swapper/0][mmdvfs]Get module clock: CLK_TOP_IPE_SEL
02-18 16:16:41.462     1     1 I         : (6)[1:swapper/0][mmdvfs]Get module clock: CLK_TOP_MAINPLL_D4
02-18 16:16:41.462     1     1 I (6)[1:swapper/0][mmdvfs]ipe_step0: 546MHz, clk:1/5/10
02-18 16:16:41.462     1     1 I         : (6)[1:swapper/0][mmdvfs]read freq steps ipe_step0_ext failed (-22)
02-18 16:16:41.462     1     1 I         : (6)[1:swapper/0][mmdvfs] node name ipe_step1
02-18 16:16:41.463     1     1 I         : (6)[1:swapper/0][mmdvfs]Get module clock: CLK_TOP_IPE_SEL
02-18 16:16:41.463     1     1 I         : (6)[1:swapper/0][mmdvfs]Get module clock: CLK_TOP_UNIVPLL_D6
02-18 16:16:41.463     1     1 I (6)[1:swapper/0][mmdvfs]ipe_step1: 416MHz, clk:1/5/11
02-18 16:16:41.463     1     1 I         : (6)[1:swapper/0][mmdvfs]read freq steps ipe_step1_ext failed (-22)
02-18 16:16:41.463     1     1 I         : (6)[1:swapper/0][mmdvfs] node name ipe_step2
02-18 16:16:41.463     1     1 I         : (6)[1:swapper/0][mmdvfs]Get module clock: CLK_TOP_IPE_SEL
02-18 16:16:41.463     1     1 I         : (6)[1:swapper/0][mmdvfs]Get module clock: CLK_TOP_UNIVPLL_D4_D2
02-18 16:16:41.463     1     1 I (6)[1:swapper/0][mmdvfs]ipe_step2: 312MHz, clk:1/5/12
02-18 16:16:41.463     1     1 I         : (6)[1:swapper/0][mmdvfs]read freq steps ipe_step2_ext failed (-22)
02-18 16:16:41.463     1     1 I         : (6)[1:swapper/0][mmdvfs] node name ipe_step3
02-18 16:16:41.463     1     1 I         : (6)[1:swapper/0][mmdvfs]Get module clock: CLK_TOP_IPE_SEL
02-18 16:16:41.463     1     1 I         : (6)[1:swapper/0][mmdvfs]Get module clock: CLK_TOP_MMPLL_D5_D2
02-18 16:16:41.463     1     1 I (6)[1:swapper/0][mmdvfs]ipe_step3: 229MHz, clk:1/5/19
02-18 16:16:41.463     1     1 I         : (6)[1:swapper/0][mmdvfs]read freq steps ipe_step3_ext failed (-22)
02-18 16:16:41.463     1     1 I (6)[1:swapper/0][mmdvfs]ipe_freq: step size:4
02-18 16:16:41.463     1     1 I         : (6)[1:swapper/0][mmdvfs]MMDVFS limit is off
02-18 16:16:41.463     1     1 I         : (6)[1:swapper/0][mmdvfs]start get step node of ccu_freq
02-18 16:16:41.463     1     1 I         : (6)[1:swapper/0][mmdvfs] node name ccu_step0
02-18 16:16:41.463     1     1 I         : (6)[1:swapper/0][mmdvfs]Get module clock: CLK_TOP_CCU_SEL
02-18 16:16:41.463     1     1 I         : (6)[1:swapper/0][mmdvfs]Get module clock: CLK_TOP_UNIVPLL_D5
02-18 16:16:41.463     1     1 I (6)[1:swapper/0][mmdvfs]ccu_step0: 499MHz, clk:1/9/15
02-18 16:16:41.463     1     1 I         : (6)[1:swapper/0][mmdvfs]read freq steps ccu_step0_ext failed (-22)
02-18 16:16:41.463     1     1 I         : (6)[1:swapper/0][mmdvfs] node name ccu_step1
02-18 16:16:41.463     1     1 I         : (6)[1:swapper/0][mmdvfs]Get module clock: CLK_TOP_CCU_SEL
02-18 16:16:42.827   391   391 I keystore2: keystore2_main: Keystore2 is starting.
02-18 16:16:41.463     1     1 I         : (6)[1:swapper/0][mmdvfs]Get module clock: CLK_TOP_MMPLL_D7
02-18 16:16:41.463     1     1 I (6)[1:swapper/0][mmdvfs]ccu_step1: 392MHz, clk:1/9/16
02-18 16:16:41.463     1     1 I         : (6)[1:swapper/0][mmdvfs]read freq steps ccu_step1_ext failed (-22)
02-18 16:16:41.463     1     1 I         : (6)[1:swapper/0][mmdvfs] node name ccu_step2
02-18 16:16:41.463     1     1 I         : (6)[1:swapper/0][mmdvfs]Get module clock: CLK_TOP_CCU_SEL
02-18 16:16:41.463     1     1 I         : (6)[1:swapper/0][mmdvfs]Get module clock: CLK_TOP_MAINPLL_D6
02-18 16:16:41.463     1     1 I (6)[1:swapper/0][mmdvfs]ccu_step2: 364MHz, clk:1/9/21
02-18 16:16:41.463     1     1 I         : (6)[1:swapper/0][mmdvfs]read freq steps ccu_step2_ext failed (-22)
02-18 16:16:41.463     1     1 I         : (6)[1:swapper/0][mmdvfs] node name ccu_step3
02-18 16:16:41.463     1     1 I         : (6)[1:swapper/0][mmdvfs]Get module clock: CLK_TOP_CCU_SEL
02-18 16:16:41.463     1     1 I         : (6)[1:swapper/0][mmdvfs]Get module clock: CLK_TOP_MMPLL_D5_D2
02-18 16:16:41.463     1     1 I (6)[1:swapper/0][mmdvfs]ccu_step3: 229MHz, clk:1/9/19
02-18 16:16:41.463     1     1 I         : (6)[1:swapper/0][mmdvfs]read freq steps ccu_step3_ext failed (-22)
02-18 16:16:41.463     1     1 I (6)[1:swapper/0][mmdvfs]ccu_freq: step size:4
02-18 16:16:41.463     1     1 I         : (6)[1:swapper/0][mmdvfs]MMDVFS limit is off
02-18 16:16:41.463     1     1 I         : (6)[1:swapper/0][mmdvfs]start get step node of img2_freq
02-18 16:16:41.463     1     1 I         : (6)[1:swapper/0][mmdvfs] node name img2_step0
02-18 16:16:41.463     1     1 I         : (6)[1:swapper/0][mmdvfs]Get module clock: CLK_TOP_IMG2_SEL
02-18 16:16:41.463     1     1 I         : (6)[1:swapper/0][mmdvfs]Get module clock: CLK_TOP_UNIVPLL_D4
02-18 16:16:41.463     1     1 I (6)[1:swapper/0][mmdvfs]img2_step0: 624MHz, clk:1/3/14
02-18 16:16:41.463     1     1 I         : (6)[1:swapper/0][mmdvfs]read freq steps img2_step0_ext failed (-22)
02-18 16:16:41.463     1     1 I         : (6)[1:swapper/0][mmdvfs] node name img2_step1
02-18 16:16:41.463     1     1 I         : (6)[1:swapper/0][mmdvfs]Get module clock: CLK_TOP_IMG2_SEL
02-18 16:16:41.463     1     1 I         : (6)[1:swapper/0][mmdvfs]Get module clock: CLK_TOP_MMPLL_D6
02-18 16:16:41.463     1     1 I (6)[1:swapper/0][mmdvfs]img2_step1: 458MHz, clk:1/3/20
02-18 16:16:41.463     1     1 I         : (6)[1:swapper/0][mmdvfs]read freq steps img2_step1_ext failed (-22)
02-18 16:16:41.463     1     1 I         : (6)[1:swapper/0][mmdvfs] node name img2_step2
02-18 16:16:41.463     1     1 I         : (6)[1:swapper/0][mmdvfs]Get module clock: CLK_TOP_IMG2_SEL
02-18 16:16:41.463     1     1 I         : (6)[1:swapper/0][mmdvfs]Get module clock: CLK_TOP_MMPLL_D4_D2
02-18 16:16:41.463     1     1 I (6)[1:swapper/0][mmdvfs]img2_step2: 343MHz, clk:1/3/18
02-18 16:16:41.463     1     1 I         : (6)[1:swapper/0][mmdvfs]read freq steps img2_step2_ext failed (-22)
02-18 16:16:41.463     1     1 I         : (6)[1:swapper/0][mmdvfs] node name img2_step3
02-18 16:16:41.463     1     1 I         : (6)[1:swapper/0][mmdvfs]Get module clock: CLK_TOP_IMG2_SEL
02-18 16:16:41.463     1     1 I         : (6)[1:swapper/0][mmdvfs]Get module clock: CLK_TOP_MMPLL_D5_D2
02-18 16:16:41.463     1     1 I (6)[1:swapper/0][mmdvfs]img2_step3: 229MHz, clk:1/3/19
02-18 16:16:41.463     1     1 I         : (6)[1:swapper/0][mmdvfs]read freq steps img2_step3_ext failed (-22)
02-18 16:16:41.463     1     1 I (6)[1:swapper/0][mmdvfs]img2_freq: step size:4
02-18 16:16:42.828   391   391 I keystore2: keystore2_main: Starting thread pool now.
02-18 16:16:41.463     1     1 I         : (6)[1:swapper/0][mmdvfs]MMDVFS limit is off
02-18 16:16:41.463     1     1 I         : (6)[1:swapper/0][mmdvfs]larb[0].comm_port=0 channel=0
02-18 16:16:42.828   391   398 I keystore2: getDeviceHalManifest: Reading VINTF information.
02-18 16:16:41.463     1     1 I         : (6)[1:swapper/0][mmdvfs]larb[1].comm_port=1 channel=1
02-18 16:16:42.828   391   391 D ProcessState: Binder ioctl to enable oneway spam detection failed: Invalid argument
02-18 16:16:41.463     1     1 I         : (6)[1:swapper/0][mmdvfs]larb[2].comm_port=4 channel=1
02-18 16:16:41.463     1     1 I         : (6)[1:swapper/0][mmdvfs]larb[3].comm_port=8 channel=0
02-18 16:16:41.463     1     1 I         : (6)[1:swapper/0][mmdvfs]larb[4].comm_port=2 channel=1
02-18 16:16:41.463     1     1 I         : (6)[1:swapper/0][mmdvfs]larb[5].comm_port=2 channel=1
02-18 16:16:41.463     1     1 I         : (6)[1:swapper/0][mmdvfs]larb[6].comm_port=8 channel=0
02-18 16:16:41.463     1     1 I         : (6)[1:swapper/0][mmdvfs]larb[7].comm_port=3 channel=0
02-18 16:16:41.463     1     1 I         : (6)[1:swapper/0][mmdvfs]larb[8].comm_port=8 channel=0
02-18 16:16:41.463     1     1 I         : (6)[1:swapper/0][mmdvfs]larb[9].comm_port=5 channel=1
02-18 16:16:41.463     1     1 I         : (6)[1:swapper/0][mmdvfs]larb[10].comm_port=8 channel=0
02-18 16:16:41.463     1     1 I         : (6)[1:swapper/0][mmdvfs]larb[11].comm_port=5 channel=1
02-18 16:16:41.463     1     1 I         : (6)[1:swapper/0][mmdvfs]larb[12].comm_port=8 channel=0
02-18 16:16:41.463     1     1 I         : (6)[1:swapper/0][mmdvfs]larb[13].comm_port=7 channel=1
02-18 16:16:41.463     1     1 I         : (6)[1:swapper/0][mmdvfs]larb[14].comm_port=6 channel=0
02-18 16:16:41.463     1     1 I         : (6)[1:swapper/0][mmdvfs]larb[15].comm_port=8 channel=0
02-18 16:16:41.463     1     1 I         : (6)[1:swapper/0][mmdvfs]larb[16].comm_port=6 channel=0
02-18 16:16:41.463     1     1 I         : (6)[1:swapper/0][mmdvfs]larb[17].comm_port=7 channel=1
02-18 16:16:41.463     1     1 I         : (6)[1:swapper/0][mmdvfs]larb[18].comm_port=7 channel=1
02-18 16:16:41.463     1     1 I         : (6)[1:swapper/0][mmdvfs]larb[19].comm_port=5 channel=1
02-18 16:16:41.463     1     1 I         : (6)[1:swapper/0][mmdvfs]larb[20].comm_port=5 channel=1
02-18 16:16:41.463     1     1 I         : (6)[1:swapper/0][mmdvfs]disp step size:4
02-18 16:16:41.463     1     1 I         : (6)[1:swapper/0][mmdvfs] - step[0]: 546
02-18 16:16:41.463     1     1 I         : (6)[1:swapper/0][mmdvfs] - step[1]: 416
02-18 16:16:41.463     1     1 I         : (6)[1:swapper/0][mmdvfs] - step[2]: 312
02-18 16:16:41.463     1     1 I         : (6)[1:swapper/0][mmdvfs] - step[3]: 208
02-18 16:16:41.463     1     1 I (6)[1:swapper/0]mtk_mmdvfs_pmqos mmdvfs_pmqos: Linked as a consumer to regulator.5
02-18 16:16:41.463     1     1 I         : (6)[1:swapper/0][mmdvfs]mmdvfs_pmqos_init
02-18 16:16:41.464     1     1 I (6)[1:swapper/0]mtk_cooler_shutdown: thermal/cooler/shutdown init
02-18 16:16:41.464     1     1 I (6)[1:swapper/0]mtk_cooler_shutdown: thermal/cooler/shutdown register ltf
02-18 16:16:41.464     1     1 I (6)[1:swapper/0]mtk_cooler_backlight: thermal/cooler/backlight init
02-18 16:16:41.464     1     1 I (6)[1:swapper/0]mtk_cooler_backlight: thermal/cooler/backlight register ltf
02-18 16:16:41.464     1     1 I (6)[1:swapper/0]mtk_cooler_kshutdown: thermal/cooler/kshutdown init
02-18 16:16:41.464     1     1 I (6)[1:swapper/0]mtk_cooler_kshutdown: thermal/cooler/kshutdown register ltf
02-18 16:16:41.464     1     1 I         : (6)[1:swapper/0][Thermal/TZ/BTS][mtkts_bts_probe] fail to get auxadc iio ch0: -517
02-18 16:16:41.465     1     1 I         : (6)[1:swapper/0][Thermal/TZ/BTSMDPA][mtkts_btsmdpa_probe] fail to get auxadc iio ch0: -517
02-18 16:16:41.465     1     1 I         : (6)[1:swapper/0][Thermal/TZ/BTSNRPA][mtkts_btsnrpa_probe] fail to get auxadc iio ch0: -517
02-18 16:16:41.465     1     1 I         : (6)[1:swapper/0][Thermal/TZ/BTSNRPA] mtkts_btsnrpa_prepare_table table_num=7
02-18 16:16:41.465     1     1 I (6)[1:swapper/0][Thermal/TZ/BTSNRPA]invalid thermistor_ch2: 0xfffffffffffffdfb
02-18 16:16:41.465     1     1 I         : (6)[1:swapper/0][Thermal/TZ/CPU]tscpu_init
02-18 16:16:41.466     1     1 I         : (6)[1:swapper/0][Thermal/TZ/CPU]thermal_prob
02-18 16:16:41.466     1     1 I         : (6)[1:swapper/0][Thermal/TZ/CPU][THERM_CTRL] thermal_irq_number=81
02-18 16:16:41.466     1     1 I         : (6)[1:swapper/0][Thermal/TZ/CPU]tscpu_thermal_clock_on
02-18 16:16:41.466     1     1 I (6)[1:swapper/0][Thermal/TZ/LVTS][lvts_call] 0: 0x3c000000, 1: 0x8af2, 2: 0x8af2, 3: 0x8aea, 4: 0x8acf
02-18 16:16:41.466     1     1 I (6)[1:swapper/0][Thermal/TZ/LVTS][lvts_call] 5: 0x8b3c, 6: 0x8b39, 7: 0x8a6f, 8: 0x8a5b, 9: 0x8a9e
02-18 16:16:41.466     1     1 I (6)[1:swapper/0][Thermal/TZ/LVTS][lvts_call] 10: 0x8a58, 11: 0x8a1a, 12: 0x8a1b, 13: 0x8a4c, 14: 0xa5f
02-18 16:16:41.466     1     1 I (6)[1:swapper/0][Thermal/TZ/LVTS][lvts_call] 15: 0xa5f,  16: 0xa62, 17: 0xa5a
02-18 16:16:41.466     1     1 I         : (6)[1:swapper/0][Thermal/TZ/LVTS][lvts_cal] g_golden_temp = 60
02-18 16:16:41.466     1     1 I (6)[1:swapper/0][Thermal/TZ/LVTS][lvts_cal] num: g_count_r:g_count_rc 0:35570:2655 1:35570:2655 2:35562:2658 3:35535:2650 4:35644:0 5:35641:0 6:35439:0 7:35419:0 8:35486:0 9:35416:0 10:35354:0 11:35355:0 12:35404:0
02-18 16:16:41.466     1     1 I         : (6)[1:swapper/0][Thermal/TZ/LVTS]- rc_data 2658, s_index=0 delta=1001
02-18 16:16:41.466     1     1 I         : (6)[1:swapper/0][Thermal/TZ/LVTS]-refine_data_idx[0]=0
02-18 16:16:41.466     1     1 I         : (6)[1:swapper/0][Thermal/TZ/LVTS]- rc_data 2657, s_index=1 delta=1000
02-18 16:16:41.466     1     1 I         : (6)[1:swapper/0][Thermal/TZ/LVTS]-refine_data_idx[1]=0
02-18 16:16:41.466     1     1 I         : (6)[1:swapper/0][Thermal/TZ/LVTS]- rc_data 2658, s_index=2 delta=1001
02-18 16:16:41.466     1     1 I         : (6)[1:swapper/0][Thermal/TZ/LVTS]-refine_data_idx[2]=0
02-18 16:16:41.467     1     1 I         : (6)[1:swapper/0][Thermal/TZ/LVTS]- rc_data 2659, s_index=3 delta=1001
02-18 16:16:41.467     1     1 I         : (6)[1:swapper/0][Thermal/TZ/LVTS]-refine_data_idx[3]=0
02-18 16:16:41.467     1     1 I         : (6)[1:swapper/0][Thermal/TZ/LVTS]- rc_data 2661, s_index=4 delta=1002
02-18 16:16:41.467     1     1 I         : (6)[1:swapper/0][Thermal/TZ/LVTS]-refine_data_idx[4]=0
02-18 16:16:41.467     1     1 I         : (6)[1:swapper/0][Thermal/TZ/LVTS]- rc_data 2662, s_index=5 delta=1002
02-18 16:16:41.467     1     1 I         : (6)[1:swapper/0][Thermal/TZ/LVTS]-refine_data_idx[5]=0
02-18 16:16:41.467     1     1 I         : (6)[1:swapper/0][Thermal/TZ/LVTS]- rc_data 2656, s_index=6 delta=1000
02-18 16:16:41.467     1     1 I         : (6)[1:swapper/0][Thermal/TZ/LVTS]-refine_data_idx[6]=0
02-18 16:16:41.467     1     1 I         : (6)[1:swapper/0][Thermal/TZ/LVTS]- rc_data 2657, s_index=7 delta=1000
02-18 16:16:41.467     1     1 I         : (6)[1:swapper/0][Thermal/TZ/LVTS]-refine_data_idx[7]=0
02-18 16:16:42.830   385   385 D hw-ProcessState: Binder ioctl to enable oneway spam detection failed: Invalid argument
02-18 16:16:41.467     1     1 I         : (6)[1:swapper/0][Thermal/TZ/LVTS]- rc_data 2658, s_index=8 delta=1000
02-18 16:16:41.467     1     1 I         : (6)[1:swapper/0][Thermal/TZ/LVTS]-refine_data_idx[8]=0
02-18 16:16:41.467     1     1 I         : (6)[1:swapper/0][Thermal/TZ/LVTS]- rc_data 2658, s_index=9 delta=1000
02-18 16:16:41.467     1     1 I         : (6)[1:swapper/0][Thermal/TZ/LVTS]-refine_data_idx[9]=0
02-18 16:16:41.467     1     1 I         : (6)[1:swapper/0][Thermal/TZ/LVTS]- rc_data 2658, s_index=10 delta=1003
02-18 16:16:41.467     1     1 I         : (6)[1:swapper/0][Thermal/TZ/LVTS]-refine_data_idx[10]=0
02-18 16:16:41.467     1     1 I         : (6)[1:swapper/0][Thermal/TZ/LVTS]- rc_data 2658, s_index=11 delta=1003
02-18 16:16:41.467     1     1 I         : (6)[1:swapper/0][Thermal/TZ/LVTS]-refine_data_idx[11]=0
02-18 16:16:41.467     1     1 I         : (6)[1:swapper/0][Thermal/TZ/LVTS]- rc_data 2657, s_index=12 delta=1002
02-18 16:16:41.467     1     1 I         : (6)[1:swapper/0][Thermal/TZ/LVTS]-refine_data_idx[12]=0
02-18 16:16:41.467     1     1 I (6)[1:swapper/0][Thermal/TZ/LVTS][COUNT_RC_NOW] 0: 2658 1:2657 2:2658 3:2659 4:2661 5:2662 6:2656 7:2657 8:2658 9:2658 10:2658 11:2658 12:2657
02-18 16:16:41.470   132   132 I         : (0)[132:kworker/u16:1][Power/PPM] (0x0)(-1)(0)(0-7)(15)(0)(6)(6) (15)(0)(2)(2)
02-18 16:16:41.470     1     1 I         : (6)[1:swapper/0][Thermal/TZ/CPU]read_all_tc_temperature, 1,0,0
02-18 16:16:41.472     1     1 I         : (6)[1:swapper/0][Thermal/TZ/CPU]read_all_tc_temperature, 2,0,0
02-18 16:16:41.472     1     1 I         : -(6)[1:swapper/0][Thermal/TZ/CPU]Driver is ready to report valid temperatures
02-18 16:16:41.472     1     1 I         : (6)[1:swapper/0][Thermal/TZ/LVTS]lvts_ipi_send_efuse_data
02-18 16:16:41.472     1     1 I         : (6)[1:swapper/0][Thermal/TZ/CPU]cmd(6) lvts efuse to MCUPM (0)
02-18 16:16:41.472     1     1 I         : (6)[1:swapper/0][Power/CPU_Thermal]get_wd_api doesn't exist
02-18 16:16:41.472     1     1 I         : (6)[1:swapper/0][Thermal/TZ/LVTS]1865 FAILED TO GET WD API
02-18 16:16:41.472     1     1 W -(6)[1:swapper/0]WARNING: CPU: 6 PID: 1 at lvts_config_all_tc_hw_protect+0x3d8/0x3fc
02-18 16:16:42.831   385   385 E SELinux : avc:  denied  { add } for interface=android.hidl.base::IBase sid=u:r:recovery:s0 pid=385 scontext=u:r:recovery:s0 tcontext=u:object_r:hidl_base_hwservice:s0 tclass=hwservice_manager permissive=1
02-18 16:16:41.472     1     1 W         : -(6)[1:swapper/0]Modules linked in:
02-18 16:16:41.472     1     1 W -(6)[1:swapper/0]CPU: 6 PID: 1 Comm: swapper/0 Tainted: G S      W         4.19.191 #1
02-18 16:16:41.472     1     1 W -(6)[1:swapper/0]Hardware name: MT6833 (DT)
02-18 16:16:41.472     1     1 W -(6)[1:swapper/0]pstate: 60c00005 (nZCv daif +PAN +UAO)
02-18 16:16:42.831   385   385 E SELinux : avc:  denied  { add } for interface=android.hidl.manager::IServiceManager sid=u:r:recovery:s0 pid=385 scontext=u:r:recovery:s0 tcontext=u:object_r:hidl_manager_hwservice:s0 tclass=hwservice_manager permissive=1
02-18 16:16:41.472     1     1 W -(6)[1:swapper/0]pc: lvts_config_all_tc_hw_protect+0x3d8/0x3fc
02-18 16:16:41.472     1     1 W -(6)[1:swapper/0]lr: lvts_config_all_tc_hw_protect+0x3d8/0x3fc
02-18 16:16:41.472     1     1 W -(6)[1:swapper/0]sp: ffffff800808ba30
02-18 16:16:41.472     1     1 W -(6)[1:swapper/0]x29: ffffff800808ba50 x28: ffffff9b927b5000
02-18 16:16:42.831   385   385 I hwservicemanager: getFrameworkHalManifest: Reading VINTF information.
02-18 16:16:41.472     1     1 W -(6)[1:swapper/0]x27: 0000000000000000 x26: 0000000000000000
02-18 16:16:41.472     1     1 W -(6)[1:swapper/0]x25: ffffff9b92076028 x24: 0000000000000000
02-18 16:16:41.472     1     1 W -(6)[1:swapper/0]x23: ffffff9b9271f000 x22: 000000006453cbb1
02-18 16:16:41.472     1     1 W -(6)[1:swapper/0]x21: ffffff9b920dd9d8 x20: ffffff9b917bdaf4
02-18 16:16:41.472     1     1 W -(6)[1:swapper/0]x19: ffffff9b927b5000 x18: 00000000fffcdd1c
02-18 16:16:41.472     1     1 W -(6)[1:swapper/0]x17: 0000000000000041 x16: 0000000000000000
02-18 16:16:41.472     1     1 W -(6)[1:swapper/0]x15: ffffff9b91ecd2d7 x14: 0000000000000050
02-18 16:16:41.472     1     1 W -(6)[1:swapper/0]x13: 0000000000000334 x12: 0000000000000000
02-18 16:16:41.473     1     1 W -(6)[1:swapper/0]x11: 0000000000000000 x10: ffffffffffffffff
02-18 16:16:41.473     1     1 W -(6)[1:swapper/0]x9: 3d3b1d0348d2ca00 x8 : 3d3b1d0348d2ca00
02-18 16:16:41.473     1     1 W -(6)[1:swapper/0]x7: 454c494146203536 x6 : ffffff9b926d3f07
02-18 16:16:41.473     1     1 W -(6)[1:swapper/0]x5: 0000000000000001 x4 : 0000000000000004
02-18 16:16:41.473     1     1 W -(6)[1:swapper/0]x3: 000000000000004b x2 : 0000000000000001
02-18 16:16:41.473     1     1 W -(6)[1:swapper/0]x1: 0000000000000000 x0 : 000000000000003b
02-18 16:16:42.831   385   385 I hwservicemanager: getDeviceHalManifest: Reading VINTF information.
02-18 16:16:41.473     1     1 W -(6)[1:swapper/0]Call trace:  
02-18 16:16:41.473     1     1 W         : -(6)[1:swapper/0] lvts_config_all_tc_hw_protect+0x3d8/0x3fc
02-18 16:16:41.473     1     1 W         : -(6)[1:swapper/0] tscpu_thermal_probe+0x114/0x354
02-18 16:16:41.473     1     1 W         : -(6)[1:swapper/0] platform_drv_probe+0xa4/0xe8
02-18 16:16:41.473     1     1 W         : -(6)[1:swapper/0] really_probe+0x5ac/0x820
02-18 16:16:41.473     1     1 W         : -(6)[1:swapper/0] driver_probe_device+0x6c/0x13c
02-18 16:16:41.473     1     1 W         : -(6)[1:swapper/0] __driver_attach+0x120/0x1f4
02-18 16:16:41.473     1     1 W         : -(6)[1:swapper/0] bus_for_each_dev+0x94/0xfc
02-18 16:16:41.473     1     1 W         : -(6)[1:swapper/0] driver_attach+0x20/0x28
02-18 16:16:41.473     1     1 W         : -(6)[1:swapper/0] bus_add_driver+0x13c/0x25c
02-18 16:16:41.473     1     1 W         : -(6)[1:swapper/0] driver_register+0x74/0x10c
02-18 16:16:41.473     1     1 W         : -(6)[1:swapper/0] __platform_driver_register+0x40/0x48
02-18 16:16:41.473     1     1 W         : -(6)[1:swapper/0] tscpu_init+0x40/0x68
02-18 16:16:41.473     1     1 W         : -(6)[1:swapper/0] do_one_initcall+0x184/0x374
02-18 16:16:41.473     1     1 W         : -(6)[1:swapper/0] do_initcall_level+0x184/0x1a8
02-18 16:16:41.473     1     1 W         : -(6)[1:swapper/0] do_basic_setup+0x30/0x48
02-18 16:16:41.473     1     1 W         : -(6)[1:swapper/0] kernel_init_freeable+0xac/0x128
02-18 16:16:41.473     1     1 W         : -(6)[1:swapper/0] kernel_init+0x14/0x2a8
02-18 16:16:41.473     1     1 W         : -(6)[1:swapper/0] ret_from_fork+0x10/0x18
02-18 16:16:41.473     1     1 W         : -(6)[1:swapper/0]---[ end trace d392ebbb1833c6a2 ]---
02-18 16:16:41.473     1     1 I         : (6)[1:swapper/0][Power/CPU_Thermal]get_wd_api doesn't exist
02-18 16:16:41.473     1     1 I         : (6)[1:swapper/0][Thermal/TZ/LVTS]1879 FAILED TO GET WD API
02-18 16:16:41.473     1     1 W -(6)[1:swapper/0]WARNING: CPU: 6 PID: 1 at lvts_config_all_tc_hw_protect+0x3f0/0x3fc
02-18 16:16:41.473     1     1 W         : -(6)[1:swapper/0]Modules linked in:
02-18 16:16:41.473     1     1 W -(6)[1:swapper/0]CPU: 6 PID: 1 Comm: swapper/0 Tainted: G S      W         4.19.191 #1
02-18 16:16:41.473     1     1 W -(6)[1:swapper/0]Hardware name: MT6833 (DT)
02-18 16:16:41.473     1     1 W -(6)[1:swapper/0]pstate: 60c00005 (nZCv daif +PAN +UAO)
02-18 16:16:41.473     1     1 W -(6)[1:swapper/0]pc: lvts_config_all_tc_hw_protect+0x3f0/0x3fc
02-18 16:16:41.473     1     1 W -(6)[1:swapper/0]lr: lvts_config_all_tc_hw_protect+0x3f0/0x3fc
02-18 16:16:41.473     1     1 W -(6)[1:swapper/0]sp: ffffff800808ba30
02-18 16:16:41.473     1     1 W -(6)[1:swapper/0]x29: ffffff800808ba50 x28: ffffff9b927b5000
02-18 16:16:41.473     1     1 W -(6)[1:swapper/0]x27: 0000000000000300 x26: ffffff800a6e53c0
02-18 16:16:41.473     1     1 W -(6)[1:swapper/0]x25: ffffff800a6e530c x24: 0000000080000000
02-18 16:16:41.473     1     1 W -(6)[1:swapper/0]x23: ffffff9b921aa394 x22: 0000000000000000
02-18 16:16:41.473     1     1 W -(6)[1:swapper/0]x21: 0000000000000004 x20: ffffff9b927b4000
02-18 16:16:41.473     1     1 W -(6)[1:swapper/0]x19: 0000000000020954 x18: 00000000fffcd094
02-18 16:16:41.473     1     1 W -(6)[1:swapper/0]x17: 0000000000000041 x16: 0000000000000000
02-18 16:16:41.473     1     1 W -(6)[1:swapper/0]x15: ffffff9b91ecd2d7 x14: 0000000000000050
02-18 16:16:41.473     1     1 W -(6)[1:swapper/0]x13: 0000000000000334 x12: 0000000000000000
02-18 16:16:41.473     1     1 W -(6)[1:swapper/0]x11: 0000000000000000 x10: ffffffffffffffff
02-18 16:16:41.473     1     1 W -(6)[1:swapper/0]x9: 3d3b1d0348d2ca00 x8 : 3d3b1d0348d2ca00
02-18 16:16:41.473     1     1 W -(6)[1:swapper/0]x7: 38315d5354564c2f x6 : ffffff9b926d3f07
02-18 16:16:41.473     1     1 W -(6)[1:swapper/0]x5: 0000000000000001 x4 : 000000000000000c
02-18 16:16:41.473     1     1 W -(6)[1:swapper/0]x3: 000000000000004b x2 : 0000000000000001
02-18 16:16:41.473     1     1 W -(6)[1:swapper/0]x1: 0000000000000000 x0 : 000000000000003b
02-18 16:16:41.473     1     1 W -(6)[1:swapper/0]Call trace:  
02-18 16:16:41.473     1     1 W         : -(6)[1:swapper/0] lvts_config_all_tc_hw_protect+0x3f0/0x3fc
02-18 16:16:41.473     1     1 W         : -(6)[1:swapper/0] tscpu_thermal_probe+0x114/0x354
02-18 16:16:41.473     1     1 W         : -(6)[1:swapper/0] platform_drv_probe+0xa4/0xe8
02-18 16:16:41.473     1     1 W         : -(6)[1:swapper/0] really_probe+0x5ac/0x820
02-18 16:16:41.473     1     1 W         : -(6)[1:swapper/0] driver_probe_device+0x6c/0x13c
02-18 16:16:41.473     1     1 W         : -(6)[1:swapper/0] __driver_attach+0x120/0x1f4
02-18 16:16:41.473     1     1 W         : -(6)[1:swapper/0] bus_for_each_dev+0x94/0xfc
02-18 16:16:41.473     1     1 W         : -(6)[1:swapper/0] driver_attach+0x20/0x28
02-18 16:16:41.473     1     1 W         : -(6)[1:swapper/0] bus_add_driver+0x13c/0x25c
02-18 16:16:41.473     1     1 W         : -(6)[1:swapper/0] driver_register+0x74/0x10c
02-18 16:16:41.473     1     1 W         : -(6)[1:swapper/0] __platform_driver_register+0x40/0x48
02-18 16:16:41.473     1     1 W         : -(6)[1:swapper/0] tscpu_init+0x40/0x68
02-18 16:16:41.473     1     1 W         : -(6)[1:swapper/0] do_one_initcall+0x184/0x374
02-18 16:16:41.473     1     1 W         : -(6)[1:swapper/0] do_initcall_level+0x184/0x1a8
02-18 16:16:41.473     1     1 W         : -(6)[1:swapper/0] do_basic_setup+0x30/0x48
02-18 16:16:41.473     1     1 W         : -(6)[1:swapper/0] kernel_init_freeable+0xac/0x128
02-18 16:16:41.473     1     1 W         : -(6)[1:swapper/0] kernel_init+0x14/0x2a8
02-18 16:16:41.473     1     1 W         : -(6)[1:swapper/0] ret_from_fork+0x10/0x18
02-18 16:16:41.473     1     1 W         : -(6)[1:swapper/0]---[ end trace d392ebbb1833c6a3 ]---
02-18 16:16:41.473     1     1 I (6)[1:swapper/0][Thermal/TZ/PMIC] [mtktspmic_init: 768]
02-18 16:16:41.474     1     1 I         : (6)[1:swapper/0][Thermal/TZ/PMIC] [mtk_ts_pmic_probe]
02-18 16:16:41.474     1     1 I         : (6)[1:swapper/0][Thermal/TZ/PMIC] [pmic_debug]  start
02-18 16:16:41.474     1     1 I         : (6)[1:swapper/0][Thermal/TZ/PMIC] [pmic_debug] 6359_efuse: g_o_vts        = 1586
02-18 16:16:41.474     1     1 I         : (6)[1:swapper/0][Thermal/TZ/PMIC] [pmic_debug] 6359_efuse: g_o_vts_2      = 1534
02-18 16:16:41.474     1     1 I         : (6)[1:swapper/0][Thermal/TZ/PMIC] [pmic_debug] 6359_efuse: g_o_vts_3      = 1536
02-18 16:16:41.474     1     1 I         : (6)[1:swapper/0][Thermal/TZ/PMIC] [pmic_debug] 6359_efuse: g_o_vts_4      = 1521
02-18 16:16:41.474     1     1 I         : (6)[1:swapper/0][Thermal/TZ/PMIC] [pmic_debug] 6359_efuse: g_degc_cali    = 54
02-18 16:16:41.474     1     1 I         : (6)[1:swapper/0][Thermal/TZ/PMIC] [pmic_debug] 6359_efuse: g_adc_cali_en  = 1
02-18 16:16:41.474     1     1 I         : (6)[1:swapper/0][Thermal/TZ/PMIC] [pmic_debug] 6359_efuse: g_o_slope_sign = 0
02-18 16:16:41.474     1     1 I         : (6)[1:swapper/0][Thermal/TZ/PMIC] [pmic_debug] 6359_efuse: g_o_slope      = 0
02-18 16:16:41.474     1     1 I         : (6)[1:swapper/0][Thermal/TZ/PMIC] [pmic_debug] 6359_efuse: g_id		   = 0
02-18 16:16:41.474     1     1 I         : (6)[1:swapper/0][Thermal/TZ/PMIC] [pmic_debug]  end
02-18 16:16:41.474     1     1 I         : (6)[1:swapper/0][Thermal/TZ/PMIC] [pmic_debug] g_o_vts        = 0x632
02-18 16:16:41.474     1     1 I         : (6)[1:swapper/0][Thermal/TZ/PMIC] [pmic_debug] g_o_vts_2      = 0x5fe
02-18 16:16:41.474     1     1 I         : (6)[1:swapper/0][Thermal/TZ/PMIC] [pmic_debug] g_o_vts_3      = 0x600
02-18 16:16:41.474     1     1 I         : (6)[1:swapper/0][Thermal/TZ/PMIC] [pmic_debug] g_o_vts_4      = 0x5f1
02-18 16:16:41.474     1     1 I         : (6)[1:swapper/0][Thermal/TZ/PMIC] [pmic_debug] g_degc_cali    = 0x36
02-18 16:16:41.474     1     1 I         : (6)[1:swapper/0][Thermal/TZ/PMIC] [pmic_debug] g_adc_cali_en  = 0x1
02-18 16:16:41.474     1     1 I         : (6)[1:swapper/0][Thermal/TZ/PMIC] [pmic_debug] g_o_slope      = 0x0
02-18 16:16:41.474     1     1 I         : (6)[1:swapper/0][Thermal/TZ/PMIC] [pmic_debug] g_o_slope_sign = 0x0
02-18 16:16:41.474     1     1 I         : (6)[1:swapper/0][Thermal/TZ/PMIC] [pmic_debug] g_id           = 0x0
02-18 16:16:41.474     1     1 I         : (6)[1:swapper/0][Thermal/TZ/PMIC] [Thermal calibration] SLOPE1=1000000 SLOPE2=-1681 INTERCEPT=441039, Vbe = -696000
02-18 16:16:41.474     1     1 I         : (6)[1:swapper/0][Thermal/TZ/PMIC] [Thermal calibration] SLOPE1=1000000 SLOPE2=-1863 INTERCEPT=388782, Vbe = -674000
02-18 16:16:41.474     1     1 I         : (6)[1:swapper/0][Thermal/TZ/PMIC] [Thermal calibration] SLOPE1=1000000 SLOPE2=-1863 INTERCEPT=389318, Vbe = -675000
02-18 16:16:41.474     1     1 I         : (6)[1:swapper/0][Thermal/TZ/PMIC] [Thermal calibration] SLOPE1=1000000 SLOPE2=-1863 INTERCEPT=385561, Vbe = -668000
02-18 16:16:41.474     1     1 I         : (6)[1:swapper/0][Thermal/TZ/PMIC] [mtktspmic_register_thermal]
02-18 16:16:41.475     1     1 I (6)[1:swapper/0]mt635x-auxadc mt635x-auxadc: name:CHIP_TEMP, channel=4, adc_out=0x61c, adc_result=687
02-18 16:16:41.475     1     1 I         : (6)[1:swapper/0][Thermal/TZ/PMIC] [pmic_raw_to_temp] t_current=32354
02-18 16:16:41.475     1     1 I         : (6)[1:swapper/0][Thermal/TZ/PMIC] [pmic_debug] Raw=687, T=32354
02-18 16:16:41.475     1     1 I         : (6)[1:swapper/0][Thermal/TZ/PMIC] [mtktspmic_get_hw_temp] pre_temp1=32354
02-18 16:16:41.475     1     1 I (6)[1:swapper/0][W]mtk_wcn_cmb_stub_query_ctrl: Thermal query not registered
02-18 16:16:41.475     1     1 I         : (6)[1:swapper/0][Thermal/TZ/IMGS][mtk_imgs_init]
02-18 16:16:41.478     1     1 I         : (6)[1:swapper/0][Thermal/TZ/CPU]tscpu_bind binding OK, 3
02-18 16:16:41.478     1     1 I         : (6)[1:swapper/0][Power/CPU_Thermal]get_wd_api doesn't exist
02-18 16:16:41.478     1     1 I         : (6)[1:swapper/0][Thermal/TZ/LVTS]1865 FAILED TO GET WD API
02-18 16:16:41.478     1     1 I         : (6)[1:swapper/0][Power/CPU_Thermal]get_wd_api doesn't exist
02-18 16:16:41.478     1     1 I         : (6)[1:swapper/0][Thermal/TZ/LVTS]1879 FAILED TO GET WD API
02-18 16:16:41.478     1     1 I         : (6)[1:swapper/0][Thermal/TZ/CPU]tscpu_bind binding OK, 1
02-18 16:16:41.478     1     1 I         : (6)[1:swapper/0][Thermal/TZ/CPU]tscpu_bind binding OK, 2
02-18 16:16:41.479     1     1 I         : (6)[1:swapper/0][Power/CPU_Thermal]get_wd_api doesn't exist
02-18 16:16:41.479     1     1 I         : (6)[1:swapper/0][Thermal/TZ/LVTS]1865 FAILED TO GET WD API
02-18 16:16:41.479     1     1 I         : (6)[1:swapper/0][Power/CPU_Thermal]get_wd_api doesn't exist
02-18 16:16:41.479     1     1 I         : (6)[1:swapper/0][Thermal/TZ/LVTS]1879 FAILED TO GET WD API
02-18 16:16:41.479     1     1 I         : (6)[1:swapper/0][Thermal/TZ/CPU]tscpu_bind binding OK, 0
02-18 16:16:41.479     1     1 I         : (6)[1:swapper/0][Thermal timer][mtk_thermal_pm_init:306] - Registry thermal pm notify (0)
02-18 16:16:41.479     1     1 I         : (6)[1:swapper/0][Thermal/TZ/CPU][thermal_ipi_init]
02-18 16:16:41.479     1     1 I         : (6)[1:swapper/0][Thermal/TZ/PMIC] [mt6359vcore_init]
02-18 16:16:41.479     1     1 I         : (6)[1:swapper/0][Thermal/TZ/PMIC] [mt6359vproc_init]
02-18 16:16:41.479     1     1 I         : (6)[1:swapper/0][Thermal/TZ/PMIC] [mt6359vgpu_init]
02-18 16:16:41.479     1     1 I         : (6)[1:swapper/0][Thermal/TZ/PMIC] [mt6359tsx_init]
02-18 16:16:41.479     1     1 I         : (6)[1:swapper/0][Thermal/TZ/PMIC] [mt6359dcxo_init]
02-18 16:16:41.479     1     1 I         : (6)[1:swapper/0][DIP][DIP_Init] - E. Magic: 68
02-18 16:16:41.480     1     1 I         : (6)[1:swapper/0][DIP][DIP_probe] - E. DIP driver probe. nr_dip_devs : 0.
02-18 16:16:41.480     1     1 I         : (6)[1:swapper/0][DIP][DIP_probe] nr_dip_devs=1, devnode(imgsys_config), map_addr=0xffffff800a741000
02-18 16:16:41.480     1     1 I         : (6)[1:swapper/0][DIP][DIP_probe] No IRQ!!: nr_dip_devs=1, devnode(imgsys_config), irq=0
02-18 16:16:41.480     1     1 I         : (6)[1:swapper/0][DIP][DIP_RegCharDev] - E.
02-18 16:16:41.480     1     1 I         : (6)[1:swapper/0][DIP][DIP_RegCharDev] - X.
02-18 16:16:41.480     1     1 I         : (6)[1:swapper/0][DIP][DIP_probe] - X. DIP driver probe.
02-18 16:16:41.480     1     1 I         : (6)[1:swapper/0][DIP][DIP_probe] - E. DIP driver probe. nr_dip_devs : 1.
02-18 16:16:41.480     1     1 I         : (6)[1:swapper/0][DIP][DIP_probe] nr_dip_devs=2, devnode(dip_a0), map_addr=0xffffff800ac00000
02-18 16:16:41.480     1     1 I         : (6)[1:swapper/0][DIP][DIP_probe] No corresponding ISR!!
02-18 16:16:42.834   385   385 I hwservicemanager: getDeviceHalManifest: Successfully processed VINTF information
02-18 16:16:41.480     1     1 I         : (6)[1:swapper/0][DIP][DIP_probe] nr_dip_devs=2, devnode(dip_a0), irq=114
02-18 16:16:42.835   385   385 I hwservicemanager: getFrameworkHalManifest: Successfully processed VINTF information
02-18 16:16:41.480     1     1 I         : (6)[1:swapper/0][DIP][DIP_probe] - X. DIP driver probe.
02-18 16:16:41.480     1     1 I         : (6)[1:swapper/0][DIP][DIP_probe] - E. DIP driver probe. nr_dip_devs : 2.
02-18 16:16:41.480     1     1 I         : (6)[1:swapper/0][DIP][DIP_probe] nr_dip_devs=3, devnode(imgsys2_config), map_addr=0xffffff800a743000
02-18 16:16:41.480     1     1 I         : (6)[1:swapper/0][DIP][DIP_probe] No IRQ!!: nr_dip_devs=3, devnode(imgsys2_config), irq=0
02-18 16:16:41.480     1     1 I         : (6)[1:swapper/0][DIP][DIP_probe] - X. DIP driver probe.
02-18 16:16:41.480     1     1 I         : (6)[1:swapper/0][DIP][DIP_probe] - E. DIP driver probe. nr_dip_devs : 3.
02-18 16:16:41.480     1     1 I         : (6)[1:swapper/0][DIP][DIP_probe] nr_dip_devs=4, devnode(msfdl), map_addr=0xffffff800a7f6dd0
02-18 16:16:41.480     1     1 I         : (6)[1:swapper/0][DIP][DIP_probe] No corresponding ISR!!
02-18 16:16:41.480     1     1 I         : (6)[1:swapper/0][DIP][DIP_probe] nr_dip_devs=4, devnode(msfdl), irq=121
02-18 16:16:42.835   385   385 E SELinux : avc:  denied  { add } for interface=android.hidl.token::ITokenManager sid=u:r:recovery:s0 pid=385 scontext=u:r:recovery:s0 tcontext=u:object_r:hidl_token_hwservice:s0 tclass=hwservice_manager permissive=1
02-18 16:16:41.480     1     1 I         : (6)[1:swapper/0][DIP][DIP_probe] - X. DIP driver probe.
02-18 16:16:41.480     1     1 I         : (6)[1:swapper/0][DIP][DIP_probe] - E. DIP driver probe. nr_dip_devs : 4.
02-18 16:16:41.480     1     1 I         : (6)[1:swapper/0][DIP][DIP_probe] nr_dip_devs=5, devnode(mssdl), map_addr=0xffffff800a745000
02-18 16:16:41.480     1     1 I         : (6)[1:swapper/0][DIP][DIP_probe] No corresponding ISR!!
02-18 16:16:42.835   385   385 I hwservicemanager: getTransport: Cannot find entry android.hidl.token@1.0::ITokenManager/default in either framework or device VINTF manifest.
02-18 16:16:41.480     1     1 I         : (6)[1:swapper/0][DIP][DIP_probe] nr_dip_devs=5, devnode(mssdl), irq=122
02-18 16:16:41.480     1     1 I         : (6)[1:swapper/0][DIP][DIP_probe] - X. DIP driver probe.
02-18 16:16:41.480     1     1 I         : (6)[1:swapper/0][DIP][DIP_Init] register dip callback for MDP
02-18 16:16:41.480     1     1 I         : (6)[1:swapper/0][DIP][DIP_Init] register dip callback for GCE
02-18 16:16:41.480     1     1 I         : (6)[1:swapper/0][DIP][DIP_Init] - X. Ret: 0.
02-18 16:16:41.481     1     1 I         : (6)[1:swapper/0][ISP][ISP_probe] - E. ISP driver probe.
02-18 16:16:41.481     1     1 I         : (6)[1:swapper/0][ISP][ISP_probe] nr_isp_devs=1, devnode(camsys), map_addr=0xffffff800ac10000
02-18 16:16:41.481     1     1 I         : (6)[1:swapper/0][ISP][ISP_probe] No IRQ!!: nr_isp_devs=1, devnode(camsys), irq=0
02-18 16:16:41.481     1     1 I         : (6)[1:swapper/0][ISP][ISP_probe] - X. ISP driver probe.
02-18 16:16:41.482     1     1 I         : (6)[1:swapper/0][ISP][ISP_probe] - E. ISP driver probe.
02-18 16:16:41.482     1     1 I         : (6)[1:swapper/0][ISP][ISP_probe] nr_isp_devs=2, devnode(camsys_a), map_addr=0xffffff800a74d000
02-18 16:16:41.482     1     1 I         : (6)[1:swapper/0][ISP][ISP_probe] No IRQ!!: nr_isp_devs=2, devnode(camsys_a), irq=0
02-18 16:16:41.482     1     1 I         : (6)[1:swapper/0][ISP][ISP_probe] - X. ISP driver probe.
02-18 16:16:41.482     1     1 I         : (6)[1:swapper/0][ISP][ISP_probe] - E. ISP driver probe.
02-18 16:16:41.482     1     1 I         : (6)[1:swapper/0][ISP][ISP_probe] nr_isp_devs=3, devnode(camsys_b), map_addr=0xffffff800a755000
02-18 16:16:41.482     1     1 I         : (6)[1:swapper/0][ISP][ISP_probe] No IRQ!!: nr_isp_devs=3, devnode(camsys_b), irq=0
02-18 16:16:41.482     1     1 I         : (6)[1:swapper/0][ISP][ISP_probe] - X. ISP driver probe.
02-18 16:16:41.482     1     1 I         : (6)[1:swapper/0][ISP][ISP_probe] - E. ISP driver probe.
02-18 16:16:41.482     1     1 I         : (6)[1:swapper/0][ISP][ISP_probe] nr_isp_devs=4, devnode(camsys_c), map_addr=0xffffff800a75d000
02-18 16:16:41.482     1     1 I         : (6)[1:swapper/0][ISP][ISP_probe] No IRQ!!: nr_isp_devs=4, devnode(camsys_c), irq=0
02-18 16:16:41.482     1     1 I         : (6)[1:swapper/0][ISP][ISP_probe] - X. ISP driver probe.
02-18 16:16:41.482     1     1 I         : (6)[1:swapper/0][ISP][ISP_probe] - E. ISP driver probe.
02-18 16:16:41.482     1     1 I         : (6)[1:swapper/0][ISP][ISP_probe] nr_isp_devs=5, devnode(cam1_inner), map_addr=0xffffff800ac28000
02-18 16:16:41.482     1     1 I         : (6)[1:swapper/0][ISP][ISP_probe] No IRQ!!: nr_isp_devs=5, devnode(cam1_inner), irq=0
02-18 16:16:41.482     1     1 I         : (6)[1:swapper/0][ISP][ISP_probe] - X. ISP driver probe.
02-18 16:16:41.482     1     1 I         : (6)[1:swapper/0][ISP][ISP_probe] - E. ISP driver probe.
02-18 16:16:41.482     1     1 I         : (6)[1:swapper/0][ISP][ISP_probe] nr_isp_devs=6, devnode(cam2_inner), map_addr=0xffffff800ac38000
02-18 16:16:41.482     1     1 I         : (6)[1:swapper/0][ISP][ISP_probe] No IRQ!!: nr_isp_devs=6, devnode(cam2_inner), irq=0
02-18 16:16:41.482     1     1 I         : (6)[1:swapper/0][ISP][ISP_probe] - X. ISP driver probe.
02-18 16:16:41.482     1     1 I         : (6)[1:swapper/0][ISP][ISP_probe] - E. ISP driver probe.
02-18 16:16:41.482     1     1 I         : (6)[1:swapper/0][ISP][ISP_probe] nr_isp_devs=7, devnode(cam3_inner), map_addr=0xffffff800ac48000
02-18 16:16:41.482     1     1 I         : (6)[1:swapper/0][ISP][ISP_probe] No IRQ!!: nr_isp_devs=7, devnode(cam3_inner), irq=0
02-18 16:16:41.482     1     1 I         : (6)[1:swapper/0][ISP][ISP_probe] - X. ISP driver probe.
02-18 16:16:41.482     1     1 I         : (6)[1:swapper/0][ISP][ISP_probe] - E. ISP driver probe.
02-18 16:16:41.482     1     1 I         : (6)[1:swapper/0][ISP][ISP_probe] nr_isp_devs=8, devnode(cam1), map_addr=0xffffff800ac58000
02-18 16:16:41.482     1     1 I         : (6)[1:swapper/0][ISP][ISP_probe] nr_isp_devs=8, devnode(cam1), irq=128, ISR: cam1
02-18 16:16:41.482     1     1 I         : (6)[1:swapper/0][ISP][ISP_probe] - X. ISP driver probe.
02-18 16:16:41.482     1     1 I         : (6)[1:swapper/0][ISP][ISP_probe] - E. ISP driver probe.
02-18 16:16:41.482     1     1 I         : (6)[1:swapper/0][ISP][ISP_probe] nr_isp_devs=9, devnode(cam2), map_addr=0xffffff800ac68000
02-18 16:16:41.482     1     1 I         : (6)[1:swapper/0][ISP][ISP_probe] nr_isp_devs=9, devnode(cam2), irq=129, ISR: cam2
02-18 16:16:41.482     1     1 I         : (6)[1:swapper/0][ISP][ISP_probe] - X. ISP driver probe.
02-18 16:16:41.482     1     1 I         : (6)[1:swapper/0][ISP][ISP_probe] - E. ISP driver probe.
02-18 16:16:41.482     1     1 I         : (6)[1:swapper/0][ISP][ISP_probe] nr_isp_devs=10, devnode(cam3), map_addr=0xffffff800ac78000
02-18 16:16:41.482     1     1 I         : (6)[1:swapper/0][ISP][ISP_probe] No IRQ!!: nr_isp_devs=10, devnode(cam3), irq=0
02-18 16:16:41.482     1     1 I         : (6)[1:swapper/0][ISP][ISP_probe] - X. ISP driver probe.
02-18 16:16:41.482     1     1 I         : (6)[1:swapper/0][ISP][ISP_probe] - E. ISP driver probe.
02-18 16:16:41.482     1     1 I         : (6)[1:swapper/0][ISP][ISP_probe] nr_isp_devs=11, devnode(camsv3), map_addr=0xffffff800a765000
02-18 16:16:41.483     1     1 I         : (6)[1:swapper/0][ISP][ISP_probe] nr_isp_devs=11, devnode(camsv3), irq=130, ISR: camsv3
02-18 16:16:41.483     1     1 I         : (6)[1:swapper/0][ISP][ISP_probe] - X. ISP driver probe.
02-18 16:16:41.483     1     1 I         : (6)[1:swapper/0][ISP][ISP_probe] - E. ISP driver probe.
02-18 16:16:41.483     1     1 I         : (6)[1:swapper/0][ISP][ISP_probe] nr_isp_devs=12, devnode(camsv4), map_addr=0xffffff800a76d000
