02-18 16:16:40.248     1     1 I (7)[1:swapper/0][CONN_MD_DMP][I]conn_md_dmp_init: alloc msg_log memory done, size:0x00000428
02-18 16:16:40.248     1     1 I (7)[1:swapper/0][CONN-MD-DFT][I]conn_md_init: conn_md_dmp_init succeed
02-18 16:16:40.248     1     1 I (7)[1:swapper/0][CONN-MD-DFT][I]conn_md_init: create conn_md_thread succeed, wakeup it
02-18 16:16:40.248     1     1 I         : (7)[1:swapper/0]Init Richtek RegMap 1.2.2_G
02-18 16:16:40.249     1     1 I         : (7)[1:swapper/0]mt6360_init (2.0.7_MTK)
02-18 16:16:40.249     1     1 I         : (7)[1:swapper/0]mt6360_init usb_type_c node found
02-18 16:16:40.249     1     1 I         : (7)[1:swapper/0]tcpc_class_init (2.0.17_MTK)
02-18 16:16:40.249     1     1 I         : (7)[1:swapper/0]SVDM supported mode [0]: name = DisplayPort, svid = 0xff01
02-18 16:16:40.249     1     1 I         : (7)[1:swapper/0]SVDM supported mode [1]: name = Direct Charge, svid = 0x29cf
02-18 16:16:40.249     1     1 I         : (7)[1:swapper/0]TCPC class init OK
02-18 16:16:40.249     1     1 I         : (7)[1:swapper/0]pd_dbg_info_init
02-18 16:16:40.249     1     1 I         : (7)[1:swapper/0][FHCTL], <fh_plt_drv_probe(), 161> in
02-18 16:16:40.249     1     1 I         : (7)[1:swapper/0][FHCTL], <parse_dt(), 90> num_pll<13>
02-18 16:16:40.249     1     1 I         : (7)[1:swapper/0][FHCTL], <parse_dt(), 96> array<8f3b0800>, num_pll<13>, comp<mediatek,mt6853-fhctl>, sizeof(*array)=80, size<1040>
02-18 16:16:40.249     1     1 I         : (7)[1:swapper/0][FHCTL], <parse_dt(), 108> ---------------------
02-18 16:16:40.249     1     1 I         : (7)[1:swapper/0][FHCTL], <parse_dt(), 143> domain<top>, method<fhctl-mcupm>
02-18 16:16:40.249     1     1 I         : (7)[1:swapper/0][FHCTL], <parse_dt(), 144> base<ffffff8008e01e00,ffffff8008e03000>
02-18 16:16:40.249     1     1 I         : (7)[1:swapper/0][FHCTL], <parse_dt(), 145> num<13>
02-18 16:16:40.249     1     1 I         : (7)[1:swapper/0][FHCTL], <parse_dt(), 146> ---------------------
02-18 16:16:40.249     1     1 I         : (7)[1:swapper/0][FHCTL], <fhctl_ap_init(), 340>
02-18 16:16:40.249     1     1 I         : (7)[1:swapper/0][FHCTL], <fhctl_ap_init(), 371>
02-18 16:16:40.249     1     1 I         : (7)[1:swapper/0][FHCTL], <fhctl_mcupm_init(), 399>
02-18 16:16:40.249     1     1 I         : (7)[1:swapper/0][FHCTL], <mcupm_init_v1(), 279> array<8f3b0800>, armpll_ll
02-18 16:16:40.249     1     1 I         : (7)[1:swapper/0][FHCTL], <mcupm_init_v1(), 291>
02-18 16:16:40.249     1     1 I         : (7)[1:swapper/0][FHCTL], <get_list(), 505> target<mediatek,mt6853-fhctl>
02-18 16:16:40.249     1     1 I         : (7)[1:swapper/0][FHCTL], <init_v1(), 37> init domain<top>
02-18 16:16:40.249     1     1 I         : (7)[1:swapper/0][FHCTL], <init_v1(), 70> pll<armpll_ll>, dds_mask<4194303>, data<921b6e40> offset<921b7240> regs<92abd838>
02-18 16:16:40.249     1     1 I         : (7)[1:swapper/0][FHCTL], <init_v1(), 70> pll<armpll_bl0>, dds_mask<4194303>, data<921b6e80> offset<921b7270> regs<92abd890>
02-18 16:16:40.249     1     1 I         : (7)[1:swapper/0][FHCTL], <init_v1(), 70> pll<armpll_bl1>, dds_mask<4194303>, data<921b6ec0> offset<921b72a0> regs<92abd8e8>
02-18 16:16:40.249     1     1 I         : (7)[1:swapper/0][FHCTL], <init_v1(), 70> pll<armpll_bl2>, dds_mask<4194303>, data<921b6f00> offset<921b72d0> regs<92abd940>
02-18 16:16:40.249     1     1 I         : (7)[1:swapper/0][FHCTL], <init_v1(), 70> pll<npupll>, dds_mask<4194303>, data<921b6f40> offset<921b7300> regs<92abd998>
02-18 16:16:40.249     1     1 I         : (7)[1:swapper/0][FHCTL], <init_v1(), 70> pll<ccipll>, dds_mask<4194303>, data<921b6f80> offset<921b7330> regs<92abd9f0>
02-18 16:16:40.249     1     1 I         : (7)[1:swapper/0][FHCTL], <init_v1(), 70> pll<mfgpll>, dds_mask<4194303>, data<921b6fc0> offset<921b7360> regs<92abda48>
02-18 16:16:40.249     1     1 I         : (7)[1:swapper/0][FHCTL], <init_v1(), 70> pll<mempll>, dds_mask<4194303>, data<921b7000> offset<921b7390> regs<92abdaa0>
02-18 16:16:40.249     1     1 I         : (7)[1:swapper/0][FHCTL], <init_v1(), 70> pll<mpll>, dds_mask<4194303>, data<921b7040> offset<921b73c0> regs<92abdaf8>
02-18 16:16:40.249     1     1 I         : (7)[1:swapper/0][FHCTL], <init_v1(), 70> pll<mmpll>, dds_mask<4194303>, data<921b7080> offset<921b73f0> regs<92abdb50>
02-18 16:16:40.249     1     1 I         : (7)[1:swapper/0][FHCTL], <init_v1(), 70> pll<mainpll>, dds_mask<4194303>, data<921b70c0> offset<921b7420> regs<92abdba8>
02-18 16:16:40.249     1     1 I         : (7)[1:swapper/0][FHCTL], <init_v1(), 70> pll<msdcpll>, dds_mask<4194303>, data<921b7100> offset<921b7450> regs<92abdc00>
02-18 16:16:40.249     1     1 I         : (7)[1:swapper/0][FHCTL], <init_v1(), 70> pll<adsppll>, dds_mask<4194303>, data<921b7140> offset<921b7480> regs<92abdc58>
02-18 16:16:40.249     1     1 I         : (7)[1:swapper/0][FHCTL], <init_v1(), 70> pll<apupll>, dds_mask<4194303>, data<921b7180> offset<921b74b0> regs<92abdcb0>
02-18 16:16:40.249     1     1 I         : (7)[1:swapper/0][FHCTL], <init_v1(), 70> pll<tvdpll>, dds_mask<4194303>, data<921b71c0> offset<921b74e0> regs<92abdd08>
02-18 16:16:40.249     1     1 I         : (7)[1:swapper/0][FHCTL], <mcupm_init_v1(), 279> array<8f3b0850>, armpll_bl0
02-18 16:16:40.249     1     1 I         : (7)[1:swapper/0][FHCTL], <init_v1(), 33> domain<top> inited
02-18 16:16:40.249     1     1 I         : (7)[1:swapper/0][FHCTL], <mcupm_init_v1(), 279> array<8f3b08a0>, armpll_bl1
02-18 16:16:40.249     1     1 I         : (7)[1:swapper/0][FHCTL], <init_v1(), 33> domain<top> inited
02-18 16:16:40.249     1     1 I         : (7)[1:swapper/0][FHCTL], <mcupm_init_v1(), 279> array<8f3b08f0>, armpll_bl2
02-18 16:16:40.249     1     1 I         : (7)[1:swapper/0][FHCTL], <init_v1(), 33> domain<top> inited
02-18 16:16:40.249     1     1 I         : (7)[1:swapper/0][FHCTL], <mcupm_init_v1(), 279> array<8f3b0940>, npupll
02-18 16:16:40.249     1     1 I         : (7)[1:swapper/0][FHCTL], <init_v1(), 33> domain<top> inited
02-18 16:16:40.249     1     1 I         : (7)[1:swapper/0][FHCTL], <mcupm_init_v1(), 279> array<8f3b0990>, ccipll
02-18 16:16:40.249     1     1 I         : (7)[1:swapper/0][FHCTL], <init_v1(), 33> domain<top> inited
02-18 16:16:40.249     1     1 I         : (7)[1:swapper/0][FHCTL], <mcupm_init_v1(), 279> array<8f3b09e0>, mfgpll
02-18 16:16:40.249     1     1 I         : (7)[1:swapper/0][FHCTL], <init_v1(), 33> domain<top> inited
02-18 16:16:40.249     1     1 I         : (7)[1:swapper/0][FHCTL], <mcupm_init_v1(), 279> array<8f3b0a30>, mpll
02-18 16:16:40.249     1     1 I         : (7)[1:swapper/0][FHCTL], <init_v1(), 33> domain<top> inited
02-18 16:16:40.249     1     1 I         : (7)[1:swapper/0][FHCTL], <mcupm_init_v1(), 279> array<8f3b0a80>, mmpll
02-18 16:16:40.249     1     1 I         : (7)[1:swapper/0][FHCTL], <init_v1(), 33> domain<top> inited
02-18 16:16:40.249     1     1 I         : (7)[1:swapper/0][FHCTL], <mcupm_init_v1(), 279> array<8f3b0ad0>, mainpll
02-18 16:16:40.249     1     1 I         : (7)[1:swapper/0][FHCTL], <init_v1(), 33> domain<top> inited
02-18 16:16:40.249     1     1 I         : (7)[1:swapper/0][FHCTL], <mcupm_init_v1(), 279> array<8f3b0b20>, msdcpll
02-18 16:16:40.249     1     1 I         : (7)[1:swapper/0][FHCTL], <init_v1(), 33> domain<top> inited
02-18 16:16:40.249     1     1 I         : (7)[1:swapper/0][FHCTL], <mcupm_init_v1(), 279> array<8f3b0b70>, adsppll
02-18 16:16:40.249     1     1 I         : (7)[1:swapper/0][FHCTL], <init_v1(), 33> domain<top> inited
02-18 16:16:40.249     1     1 I         : (7)[1:swapper/0][FHCTL], <mcupm_init_v1(), 279> array<8f3b0bc0>, tvdpll
02-18 16:16:40.249     1     1 I         : (7)[1:swapper/0][FHCTL], <init_v1(), 33> domain<top> inited
02-18 16:16:40.249     1     1 I         : (7)[1:swapper/0][FHCTL], <fhctl_mcupm_init(), 430>
02-18 16:16:40.250     1     1 I         : (7)[1:swapper/0][FHCTL], <fhctl_driver_init(), 237> ret<0>
02-18 16:16:40.250     1     1 I (7)[1:swapper/0]prize_lcd_bias prize_lcd_bias: Probing...
02-18 16:16:40.250     1     1 E         : (7)[1:swapper/0]lcm_pmic get of_node prize,lcm_power_gpio fail
02-18 16:16:40.250     1     1 I (7)[1:swapper/0]prize_lcd_bias prize_lcd_bias: probe OK
02-18 16:16:40.250     1     1 I         : (7)[1:swapper/0]SCSI subsystem initialized
02-18 16:16:40.251     1     1 I (7)[1:swapper/0]usbcore: registered new interface driver usbfs
02-18 16:16:40.251     1     1 I (7)[1:swapper/0]usbcore: registered new interface driver hub
02-18 16:16:40.251     1     1 I (7)[1:swapper/0]usbcore: registered new device driver usb
02-18 16:16:40.251     1     1 I (7)[1:swapper/0]media: Linux media interface: v0.10
02-18 16:16:40.251     1     1 I (7)[1:swapper/0]videodev: Linux video capture interface: v2.00
02-18 16:16:40.251     1     1 I (7)[1:swapper/0]mt6577-auxadc 11001000.auxadc: Linked as a consumer to 11c10000.efuse
02-18 16:16:40.251     1     1 I (7)[1:swapper/0]mt6577-auxadc 11001000.auxadc: fail to get some dt info! ret=-517
02-18 16:16:40.252     1     1 I         : (7)[1:swapper/0]Advanced Linux Sound Architecture Driver Initialized.
02-18 16:16:40.253     1     1 I (7)[1:swapper/0]clocksource: Switched to clocksource arch_sys_counter
02-18 16:16:40.286     1     1 I (7)[1:swapper/0]BOOTPROF: 503.468615:initcall: tracer_init_tracefs    32.864077ms
02-18 16:16:40.286     1     1 I (7)[1:swapper/0]VFS: Disk quotas dquot_6.6.0
02-18 16:16:40.286     1     1 I (7)[1:swapper/0]VFS: Dquot-cache hash table entries: 512 (order 0, 4096 bytes)
02-18 16:16:40.287     1     1 I (7)[1:swapper/0]****[pmic_mt_init] Initialization: DONE !!
02-18 16:16:40.287     1     1 I         : (7)[1:swapper/0] pimix = 192
02-18 16:16:40.287     1     1 I         : (7)[1:swapper/0][Power/cpufreq] @@~cpuhvfs_pre_module_init DVFS state = 1
02-18 16:16:40.287     1     1 I         : (7)[1:swapper/0][Power/cpufreq] @@!start dvfsp_module_init
02-18 16:16:40.287     1     1 I         : (7)[1:swapper/0][Power/cpufreq] @@!end dvfsp_module_init
02-18 16:16:40.287     1     1 I         : (7)[1:swapper/0][Power/cpufreq] 0, Settle time(1250, 500) efuse_val = 0x2
02-18 16:16:40.287     1     1 I         : (7)[1:swapper/0][Power/cpufreq] DVFS - @(Record)cpuhvfs_pvt_tbl_create----->((____ptrval____))
02-18 16:16:40.287     1     1 I         : (7)[1:swapper/0][Power/cpufreq] DVFS - @(Record)cpuhvfs_pvt_tbl_create----->((____ptrval____))
02-18 16:16:40.287     1     1 I (7)[1:swapper/0][MUSB]usb20_init 2077: usb20 init
02-18 16:16:40.287     1     1 I (7)[1:swapper/0][MUSB]usb20_init 2094: usb20 init ret:0
02-18 16:16:40.288     1     1 I         : (7)[1:swapper/0]mt6358_init!!
02-18 16:16:40.288     1     1 I (7)[1:swapper/0]mt6358-pmic 10026000.pwrap: mt6359-pmic: PMIC irq=282, PMIC HWCID=0x5930, ret=0
02-18 16:16:40.289     1     1 W         : -(7)[1:swapper/0]Perf order domain is not ready!
02-18 16:16:40.289     1     1 I         : (7)[1:swapper/0]******** MT pmic driver probe!! ********
02-18 16:16:40.289     1     1 I         : (7)[1:swapper/0][record_md_vosel] vrfdig=0x30
02-18 16:16:40.295     1     1 I         : (7)[1:swapper/0][PMIC_LP_INIT_SETTING] Chip Ver = 2
02-18 16:16:40.295     1     1 I         : (7)[1:swapper/0][PMIC]regulators node not found
02-18 16:16:40.295     1     1 I         : (7)[1:swapper/0]pmic_regulator_buck_dts_parser fail
02-18 16:16:40.295     1     1 I         : (7)[1:swapper/0]Get car_tune_value from DT: 1000
02-18 16:16:40.295     1     1 I         : (7)[1:swapper/0]Get r_fg_value from DT: 50
02-18 16:16:40.295     1     1 I         : (7)[1:swapper/0]Get default UNIT_FGCURRENT= 610352
02-18 16:16:40.295     1     1 I         : (7)[1:swapper/0][lbat_service_init]
02-18 16:16:40.295     1     1 I         : (7)[1:swapper/0][lbat_service_init] r_ratio = 7/2
02-18 16:16:40.295     1     1 I         : (7)[1:swapper/0][lbat_user_register] name=power throttling, hv=3400, lv1=3250, lv2=3100
02-18 16:16:40.295     1     1 I         : (7)[1:swapper/0][lbat_user_register] name=power throttling ext, hv=3550, lv1=3400, lv2=1000
02-18 16:16:40.296     1     1 I         : (7)[1:swapper/0]AUXADC_LBAT_VOLT_MAX = 0x0, AUXADC_LBAT_VOLT_MIN = 0x8a2, RG_INT_EN_BAT_H = 1, RG_INT_EN_BAT_L = 1
02-18 16:16:40.296     1     1 I         : (7)[1:swapper/0]AUXADC_LBAT_EN = 1, AUXADC_LBAT_DET_MAX = 0, AUXADC_LBAT_IRQ_EN_MAX = 0, AUXADC_LBAT_DET_MIN = 1, AUXADC_LBAT_IRQ_EN_MIN = 1
02-18 16:16:40.296     1     1 I         : (7)[1:swapper/0]AUXADC_LBAT_DEBT_MAX_SEL=3, AUXADC_LBAT_DEBT_MIN_SEL=0
02-18 16:16:40.296     1     1 I         : (7)[1:swapper/0][low_battery_protect_init] 3400 mV, 3250 mV, 3100 mV Done
02-18 16:16:40.296     1     1 I         : (7)[1:swapper/0]FG_CUR_HTH = 0xdbd3, FG_CUR_LTH = 0xd571, RG_INT_EN_FG_CUR_H = 0, RG_INT_EN_FG_CUR_L = 1
02-18 16:16:40.296     1     1 I         : (7)[1:swapper/0][battery_oc_protect_init] 5950 mA, 7000 mA Done
02-18 16:16:40.296     1     1 I (7)[1:swapper/0]Create bat_percent_notify_thread: done
02-18 16:16:40.296     1     1 I (7)[1:swapper/0]Create dlpt_notify_thread: done
02-18 16:16:40.296     1     1 I         : (7)[1:swapper/0]POWER_UVLO_VOLT_LEVEL = 2600, RG_UVLO_VTHL = 0x2
02-18 16:16:40.296     1     1 I         : (7)[1:swapper/0]dir mtk_pmic does not exist
02-18 16:16:40.297     1     1 I (7)[1:swapper/0]platform 11270000.ufshci: Linked as a consumer to mt6359p-regulator
02-18 16:16:40.297     1     1 I (7)[1:swapper/0]platform mt_cpufreq: Linked as a consumer to mt6359p-regulator
02-18 16:16:40.297     1     1 I (7)[1:swapper/0]platform 11278000.eem_fsm: Linked as a consumer to mt6359p-regulator
02-18 16:16:40.297     1     1 I (7)[1:swapper/0]platform kd_camera_hw1@1a004000: Linked as a consumer to mt6359p-regulator
02-18 16:16:40.297     1     1 I (7)[1:swapper/0]platform gpufreq: Linked as a consumer to mt6359p-regulator
02-18 16:16:40.297     1     1 I (7)[1:swapper/0]platform mmdvfs_pmqos: Linked as a consumer to mt6359p-regulator
02-18 16:16:40.297     1     1 I (7)[1:swapper/0]platform camera_af_hw_node: Linked as a consumer to mt6359p-regulator
02-18 16:16:40.298     1     1 E (7)[1:swapper/0]OF: /pwrap@10026000/mt6359-pmic/mtk_ts_pmic: could not get #interconnect-cells for /pwrap@10026000/mt6359-pmic/mt635x-auxadc
02-18 16:16:40.298     1     1 E         : (7)[1:swapper/0][ION]ion_init()
02-18 16:16:40.299     1     1 I (7)[1:swapper/0]arm-v7s io-pgtable: arm_v7s_alloc_pgtable, 1257, pgd=0xffffffd88f320000, cf.ttbr=0x8f32006a,pgd_pa=0x8f320000
02-18 16:16:40.299     1     1 I         : (7)[1:swapper/0]mtk_iommu_create_pgtable, 1777, create pgtable done
02-18 16:16:40.299     1     1 I         : -(7)[1:swapper/0]mtk_iommu_attach_pgtable, 1818, iommu:0 config pgtable base addr=0x8f320000, quiks=0xf
02-18 16:16:40.299     1     1 E         : (7)[1:swapper/0][ION]ion_drv_probe, start
02-18 16:16:40.299     1     1 I (7)[1:swapper/0][ION]ion_heap_create: heap ion_system_heap created, type 0 ,base 0, size 0
02-18 16:16:40.299     1     1 E (7)[1:swapper/0][ION]ion_sec_heap_create enter: ion_sec_heap
02-18 16:16:40.299     1     1 E (7)[1:swapper/0][ION]ion_sec_heap_create enter: ion_sec_heap_protected
02-18 16:16:40.299     1     1 E (7)[1:swapper/0][ION]ion_sec_heap_create enter: ion_sec_heap_2d_fr
02-18 16:16:40.299     1     1 E (7)[1:swapper/0][ION]ion_sec_heap_create enter: ion_sec_heap_wfd
02-18 16:16:40.299     1     1 E (7)[1:swapper/0][ION]ion_sec_heap_create enter: ion_sec_heap_happ
02-18 16:16:40.299     1     1 E (7)[1:swapper/0][ION]ion_sec_heap_create enter: ion_sec_heap_happ_mem
02-18 16:16:40.299     1     1 E (7)[1:swapper/0][ION]ion_sec_heap_create enter: ion_sec_heap_sdsp
02-18 16:16:40.299     1     1 E (7)[1:swapper/0][ION]ion_sec_heap_create enter: ion_sec_heap_sdsp_shared
02-18 16:16:40.299     1     1 E (7)[1:swapper/0][ION]ion_carveout_heap_create: addr 0xbfff3000, size 49152, bit32: 0
02-18 16:16:40.299     1     1 I (7)[1:swapper/0][ION]ion_heap_create: heap ion_carveout_heap created, type 2 ,base 3221172224, size 49152
02-18 16:16:40.299     1     1 I (7)[1:swapper/0]MMP: mmprofile_enable(): enable: 1
02-18 16:16:40.299     1     1 I (7)[1:swapper/0]MMP: mmprofile_force_start(): start: 1
02-18 16:16:40.299     1     1 E         : (7)[1:swapper/0][ION]ion_drv_probe, done
02-18 16:16:40.300     1     1 E         : (7)[1:swapper/0][ION]ion_init fd register notifer fail
02-18 16:16:40.300     1     1 I (7)[1:swapper/0]mt635x-auxadc mt635x-auxadc: mt635x_auxadc_probe done
02-18 16:16:40.300     1     1 I         : (7)[1:swapper/0]AUXADC_VCDT get fail with list 1, dev_name:mt635x-auxadc
02-18 16:16:40.301     1     1 I (7)[1:swapper/0]mt635x-auxadc mt635x-auxadc: name:VBIF, channel=11, adc_out=0x9f0, adc_result=2794
02-18 16:16:40.301     1     1 I         : (7)[1:swapper/0]****[pmic_auxadc_chip_init] VBIF28 = 2794, MDRT_ADC = 0x0
02-18 16:16:40.301     1     1 I (7)[1:swapper/0]NET: Registered protocol family 2
02-18 16:16:40.302     1     1 I         : (7)[1:swapper/0]tcp_listen_portaddr_hash hash table entries: 4096 (order: 4, 65536 bytes)
02-18 16:16:40.302     1     1 I         : (7)[1:swapper/0]TCP established hash table entries: 65536 (order: 7, 524288 bytes)
02-18 16:16:40.302     1     1 I         : (7)[1:swapper/0]TCP bind hash table entries: 65536 (order: 8, 1048576 bytes)
02-18 16:16:40.304     1     1 I (7)[1:swapper/0]TCP: Hash tables configured (established 65536 bind 65536)
02-18 16:16:40.304     1     1 I         : (7)[1:swapper/0]UDP hash table entries: 4096 (order: 5, 131072 bytes)
02-18 16:16:40.304     1     1 I         : (7)[1:swapper/0]UDP-Lite hash table entries: 4096 (order: 5, 131072 bytes)
02-18 16:16:40.304     1     1 I (7)[1:swapper/0]NET: Registered protocol family 1
02-18 16:16:40.305     1     1 I (7)[1:swapper/0]dvfsrc_opp_init: vcore_arg = 00000000
02-18 16:16:40.305     1     1 I (7)[1:swapper/0]is_rising_need: PTPOD: 0x28edf676
02-18 16:16:40.305     1     1 I (7)[1:swapper/0]is_rising_need: PTPOD: 0x28edf676
02-18 16:16:40.305     1     1 I (7)[1:swapper/0]dvfsrc_opp_init: CT=0, VMODE=0, RSV4=0
02-18 16:16:40.305     1     1 I (7)[1:swapper/0]dvfsrc_opp_init: FINAL vcore_opp_uv: 725000, 650000, 600000, 550000
02-18 16:16:40.305     1     1 I         : (7)[1:swapper/0]Trying to unpack rootfs image as initramfs...
02-18 16:16:41.298     1     1 I         : (7)[1:swapper/0]Freeing initrd memory: 26248K
02-18 16:16:41.298     1     1 I (7)[1:swapper/0]BOOTPROF: 1515.993233:initcall: __typeid__ZTSFivE_global_addr   993.712540ms
02-18 16:16:41.299     1     1 I (7)[1:swapper/0]hw perfevents: enabled with armv8_pmuv3 PMU driver, 7 counters available
02-18 16:16:41.302     1     1 I         : (7)[1:swapper/0]Initialise system trusted keyrings
02-18 16:16:41.302     1     1 I (7)[1:swapper/0]workingset: timestamp_bits=45 max_order=21 bucket_order=0
02-18 16:16:41.305     1     1 I         : (7)[1:swapper/0]Registering sdcardfs 0.1
02-18 16:16:41.305     1     1 I         : (7)[1:swapper/0]fuse init (API version 7.27)
02-18 16:16:41.308     1     1 I         : (7)[1:swapper/0]Key type asymmetric registered
02-18 16:16:41.308     1     1 I         : (7)[1:swapper/0]Asymmetric key parser 'x509' registered
02-18 16:16:41.308     1     1 I         : (7)[1:swapper/0]io scheduler noop registered
02-18 16:16:41.308     1     1 I         : (7)[1:swapper/0]io scheduler deadline registered
02-18 16:16:41.308     1     1 I         : (7)[1:swapper/0]io scheduler cfq registered (default)
02-18 16:16:41.308     1     1 I         : (7)[1:swapper/0]io scheduler mq-deadline registered
02-18 16:16:41.308     1     1 I         : (7)[1:swapper/0]io scheduler kyber registered
02-18 16:16:41.310     1     1 I (7)[1:swapper/0]mediatek-disp-pwm 1100e000.disp_pwm0: find pwm_src node failed
02-18 16:16:41.312     1     1 I (7)[1:swapper/0]sum: 1
02-18 16:16:41.312     1     1 I         : (7)[1:swapper/0]get clk [0]: clk26m ok
02-18 16:16:41.312     1     1 I (7)[1:swapper/0]mtk_uart_apdma 10217a80.dma-controller: DMA address bits: 34
02-18 16:16:41.313     1     1 I (7)[1:swapper/0][DEVAPC]: driver registered
02-18 16:16:41.314     1     1 I (7)[1:swapper/0][DEVAPC]: [SLAVE_TYPE_INFRA] VIO_SHIFT_STA: 0x0
02-18 16:16:41.314     1     1 I (7)[1:swapper/0][DEVAPC]: [SLAVE_TYPE_PERI] VIO_SHIFT_STA: 0x0
02-18 16:16:41.314     1     1 I (7)[1:swapper/0][DEVAPC]: [SLAVE_TYPE_PERI2] VIO_SHIFT_STA: 0x0
02-18 16:16:41.314     1     1 I (7)[1:swapper/0][DEVAPC]: [SLAVE_TYPE_PERI_PAR] VIO_SHIFT_STA: 0x0
02-18 16:16:41.314     1     1 I (7)[1:swapper/0][DEVAPC]: clear slave_type:0x0 VIO_SHIFT_STA:0x80 to 0x0
02-18 16:16:41.314     1     1 I (7)[1:swapper/0][DEVAPC]: check_type2_vio_status: no violation for slave_type:0x0
02-18 16:16:41.314     1     1 I (7)[1:swapper/0][DEVAPC]: clear slave_type:0x1 VIO_SHIFT_STA:0x100 to 0x0
02-18 16:16:41.314     1     1 I (7)[1:swapper/0][DEVAPC]: check_type2_vio_status: no violation for slave_type:0x1
02-18 16:16:41.314     1     1 I (7)[1:swapper/0][DEVAPC]: check_type2_vio_status: no violation for slave_type:0x2
02-18 16:16:41.314     1     1 I (7)[1:swapper/0][DEVAPC]: check_type2_vio_status: no violation for slave_type:0x3
02-18 16:16:41.314     1     1 I (7)[1:swapper/0][DEVAPC]: [SLAVE_TYPE_INFRA] VIO_SHIFT_STA: 0x0
02-18 16:16:41.314     1     1 I (7)[1:swapper/0][DEVAPC]: [SLAVE_TYPE_PERI] VIO_SHIFT_STA: 0x0
02-18 16:16:41.314     1     1 I (7)[1:swapper/0][DEVAPC]: [SLAVE_TYPE_PERI2] VIO_SHIFT_STA: 0x0
02-18 16:16:41.314     1     1 I (7)[1:swapper/0][DEVAPC]: [SLAVE_TYPE_PERI_PAR] VIO_SHIFT_STA: 0x0
02-18 16:16:41.314     1     1 I (7)[1:swapper/0][DEVAPC]: start_devapc done
02-18 16:16:41.315     1     1 I         : (7)[1:swapper/0]MT6833 SoC detected.
02-18 16:16:41.316     1     1 I (7)[1:swapper/0]mt6359p-regulator mt6359p-regulator: Chip ID = 0x5920
02-18 16:16:41.321     1     1 I (7)[1:swapper/0]Serial: 8250/16550 driver, 2 ports, IRQ sharing disabled
02-18 16:16:41.322     1     1 I         : (7)[1:swapper/0]console [ttyS0] disabled
02-18 16:16:41.342     1     1 I (7)[1:swapper/0]11002000.serial: ttyS0 at MMIO 0x11002000 (irq = 52, base_baud = 1625000) is a ST16650V2
02-18 16:16:41.344     1     1 I         : (7)[1:swapper/0]console [ttyS0] enabled
02-18 16:16:41.344     1     1 I (7)[1:swapper/0]BOOTPROF: 1561.240848:probe: probe=platform_drv_probe drv=mt6577-uart(0xffffff9b920d4128)    21.945615ms
02-18 16:16:41.364     1     1 I (7)[1:swapper/0]11003000.serial: ttyS1 at MMIO 0x11003000 (irq = 53, base_baud = 1625000) is a ST16650V2
02-18 16:16:41.364     1     1 I (7)[1:swapper/0]BOOTPROF: 1581.593848:probe: probe=platform_drv_probe drv=mt6577-uart(0xffffff9b920d4128)    20.310769ms
02-18 16:16:41.364     1     1 I (7)[1:swapper/0]BOOTPROF: 1581.887925:initcall: zlib_inflate_workspacesize.cfi_jt    42.681923ms
02-18 16:16:41.365     1     1 I (7)[1:swapper/0]mt67xx_rng: driver registered
02-18 16:16:41.366     1     1 I (7)[1:swapper/0]mtk_drm_probe, infra_regs: 0x(____ptrval____), infra_regs_pa:0x10002000
02-18 16:16:41.370   197   197 I (6)[197:hwrng]random: fast init done
02-18 16:16:41.371   197   197 I (6)[197:hwrng]random: crng init done
02-18 16:16:41.372     1     1 I (7)[1:swapper/0]mediatek-drm 14000000.dispsys_config: Adding component match for disp_ovl0@14005000, comp_id:18
02-18 16:16:41.372     1     1 I (7)[1:swapper/0]mediatek-drm 14000000.dispsys_config: Adding component match for disp_ovl0_2l@14006000, comp_id:21
02-18 16:16:41.372     1     1 I (7)[1:swapper/0]mediatek-drm 14000000.dispsys_config: Adding component match for disp_rdma0@14007000, comp_id:33
02-18 16:16:41.373     1     1 I (7)[1:swapper/0]mediatek-drm 14000000.dispsys_config: Adding component match for disp_rsz0@14008000, comp_id:42
02-18 16:16:41.373     1     1 I (7)[1:swapper/0]mediatek-drm 14000000.dispsys_config: Adding component match for disp_color0@14009000, comp_id:5
02-18 16:16:41.373     1     1 I (7)[1:swapper/0]mediatek-drm 14000000.dispsys_config: Adding component match for disp_ccorr0@1400b000, comp_id:3
02-18 16:16:41.373     1     1 I (7)[1:swapper/0]mediatek-drm 14000000.dispsys_config: Adding component match for disp_aal0@1400c000, comp_id:0
02-18 16:16:41.373     1     1 I (7)[1:swapper/0]mediatek-drm 14000000.dispsys_config: Adding component match for disp_gamma0@1400d000, comp_id:14
02-18 16:16:41.373     1     1 I (7)[1:swapper/0]mediatek-drm 14000000.dispsys_config: Adding component match for disp_postmask0@1400e000, comp_id:50
02-18 16:16:41.373     1     1 I (7)[1:swapper/0]mediatek-drm 14000000.dispsys_config: Adding component match for disp_dither0@1400f000, comp_id:8
02-18 16:16:41.373     1     1 I (7)[1:swapper/0]mediatek-drm 14000000.dispsys_config: Adding component match for dsi@14013000, comp_id:12
02-18 16:16:41.373     1     1 I (7)[1:swapper/0]mediatek-drm 14000000.dispsys_config: Adding component match for disp_wdma0@14014000, comp_id:45
02-18 16:16:41.384     1     1 W (7)[1:swapper/0]mediatek-disp-postmask 1400e000.disp_postmask0: mtk_ddp_comp_set_larb: DDP_COMPONENT_POSTMASK0 need larb device
02-18 16:16:41.384     1     1 E (7)[1:swapper/0]DDP_COMPONENT_POSTMASK0: smi-id:0
02-18 16:16:41.386     1     1 W (7)[1:swapper/0]mediatek-disp-ovl 14005000.disp_ovl0: mtk_ddp_comp_set_larb: DDP_COMPONENT_OVL0 need larb device
02-18 16:16:41.386     1     1 E (7)[1:swapper/0]DDP_COMPONENT_OVL0: smi-id:0
02-18 16:16:41.386     1     1 W (7)[1:swapper/0]mediatek-disp-ovl 14006000.disp_ovl0_2l: mtk_ddp_comp_set_larb: DDP_COMPONENT_OVL0_2L need larb device
02-18 16:16:41.386     1     1 E (7)[1:swapper/0]DDP_COMPONENT_OVL0_2L: smi-id:1
02-18 16:16:41.387     1     1 W (7)[1:swapper/0]mediatek-disp-rdma 14007000.disp_rdma0: mtk_ddp_comp_set_larb: DDP_COMPONENT_RDMA0 need larb device
02-18 16:16:41.387     1     1 E (7)[1:swapper/0]DDP_COMPONENT_RDMA0: smi-id:1
02-18 16:16:41.388     1     1 I         : (7)[1:swapper/0]mtk_disp_wdma_probe+
02-18 16:16:41.388     1     1 W (7)[1:swapper/0]mediatek-disp-wdma 14014000.disp_wdma0: mtk_ddp_comp_set_larb: DDP_COMPONENT_WDMA0 need larb device
02-18 16:16:41.388     1     1 E (7)[1:swapper/0]DDP_COMPONENT_WDMA0: smi-id:1
02-18 16:16:41.388     1     1 I         : (7)[1:swapper/0]mtk_disp_wdma_probe-
02-18 16:16:41.392     1     1 I (7)[1:swapper/0]mtk-dsi 14013000.dsi: Waiting for bridge or panel driver
02-18 16:16:41.393     1     1 I (7)[1:swapper/0]BOOTPROF: 1610.715387:initcall: mtk_drm_init    27.761231ms
02-18 16:16:41.393     1     1 I (7)[1:swapper/0][GPU/DVFS] @__mt_gpufreq_pdrv_probe: driver init is started
02-18 16:16:41.393     1     1 I (7)[1:swapper/0]gpufreq gpufreq: Linked as a consumer to regulator.9
02-18 16:16:41.394     1     1 I (7)[1:swapper/0]gpufreq gpufreq: Linked as a consumer to regulator.36
02-18 16:16:41.394     1     1 I (7)[1:swapper/0][GPU/DVFS] @__mt_gpufreq_get_segment_id: efuse_id=0x2 segment_id=1
02-18 16:16:41.394     1     1 I (7)[1:swapper/0][GPU/DVFS] @__mt_gpufreq_init_volt_by_freq: Preloader default freq is 390000
02-18 16:16:41.394     1     1 I (7)[1:swapper/0][GPU/DVFS] @__mt_gpufreq_init_volt_by_freq: Enable DVFS or CUST INIT !!!
02-18 16:16:41.395     1     1 I (7)[1:swapper/0][PBM] feature_en: 1, pbm_drv_done: 0
02-18 16:16:41.395     1     1 I         : (7)[1:swapper/0][Efuse] MTK_LL_LEAKAGE => 0x7e
02-18 16:16:41.395     1     1 I         : (7)[1:swapper/0][Efuse] MTK_L_LEAKAGE => 0x66
02-18 16:16:41.395     1     1 I         : (7)[1:swapper/0][Efuse] MTK_CCI_LEAKAGE => 0xd
02-18 16:16:41.395     1     1 I         : (7)[1:swapper/0][Efuse] MTK_GPU_LEAKAGE => 0x65
02-18 16:16:41.395     1     1 I         : (7)[1:swapper/0][Efuse] MTK_VCORE_LEAKAGE => 0x26
02-18 16:16:41.395     1     1 I         : (7)[1:swapper/0][Efuse] MTK_MODEM_LEAKAGE => 0x76
02-18 16:16:41.395     1     1 I         : (7)[1:swapper/0][Efuse] MTK_VPU_LEAKAGE => 0x0
02-18 16:16:41.395     1     1 I         : (7)[1:swapper/0][Efuse] MTK_VSRAM_PROC12_LEAKAGE => 0x30
02-18 16:16:41.395     1     1 I         : (7)[1:swapper/0][Efuse] MTK_VSRAM_PROC11_LEAKAGE => 0x78
02-18 16:16:41.395     1     1 I         : (7)[1:swapper/0][Efuse] MTK_VSRAM_OTHERS_LEAKAGE => 0x40
02-18 16:16:41.395     1     1 I         : (7)[1:swapper/0][Efuse] MTK_VSRAM_GPU_LEAKAGE => 0xf8
02-18 16:16:41.395     1     1 I         : (7)[1:swapper/0][Efuse] MTK_VSRAM_VPU_MDLA_LEAKAGE => 0x0
02-18 16:16:41.395     1     1 I         : (7)[1:swapper/0][Efuse] MTK_VSRAM_MODEM_LEAKAGE => 0xb5
02-18 16:16:41.395     1     1 I         : (7)[1:swapper/0][Efuse] MTK_VCORE_OFF_LEAKAGE => 0x50
02-18 16:16:41.395     1     1 I         : (7)[1:swapper/0][Power/spower] @@~ force mc50
02-18 16:16:41.395     1     1 I         : (7)[1:swapper/0][Power/spower] @@~ force mc50
02-18 16:16:41.395     1     1 I         : (7)[1:swapper/0][Power/spower] @@~ force mc50
02-18 16:16:41.395     1     1 I         : (7)[1:swapper/0][Power/spower] 7/22/15/16/29/44/0/2/5/2/0/0/6/3/
02-18 16:16:41.395     1     1 I         : (7)[1:swapper/0][register_low_battery_notify] prio_val=2
02-18 16:16:41.395     1     1 I         : (7)[1:swapper/0][register_battery_oc_notify] prio_val=2
02-18 16:16:41.395     1     1 I (7)[1:swapper/0][GPU/DVFS] @__mt_gpufreq_pdrv_probe: driver init is finished
02-18 16:16:41.395     1     1 I (7)[1:swapper/0][GPU/GED][INFO]@ged_init: start to initialize ged driver
02-18 16:16:41.395     1     1 I (7)[1:swapper/0][GPU/GED][INFO]@ged_pdrv_probe: start to probe ged driver
02-18 16:16:41.396     1     1 I         : (7)[1:swapper/0][Hans] ged_kpi init done
02-18 16:16:41.396     1     1 I (7)[1:swapper/0][GPU/GED][INFO]@ged_pdrv_probe: ged driver probe done
02-18 16:16:41.397     1     1 I (7)[1:swapper/0][GPU/GED][INFO]@ged_init: ged driver init done
02-18 16:16:41.397   132   132 I         : (0)[132:kworker/u16:1]kbase_platform_device_probe start
02-18 16:16:41.397   132   132 I (0)[132:kworker/u16:1]mali 13000000.mali: Kernel DDK version r32p1-00bet5
02-18 16:16:41.397   132   132 I (0)[132:kworker/u16:1][GPU/MALI][INFO]@mtk_platform_device_init: initialize successfully
02-18 16:16:41.397   132   132 I (0)[132:kworker/u16:1][GPU/DVFS] @mt_gpufreq_buck_control: power vgpu_vsram =1
02-18 16:16:41.398   132   132 I (0)[132:kworker/u16:1][GPU/DVFS] @mt_gpufreq_get_shader_present: segment_id=1 shader_present=5
02-18 16:16:41.398     1     1 I (7)[1:swapper/0]mtk-spi 11019000.spi5: No 'mediatek,kthread-rt' property
02-18 16:16:41.398     1     1 I (7)[1:swapper/0]mtk-spi 11019000.spi5: spi is trying to get spare-clk
02-18 16:16:41.398     1     1 I (7)[1:swapper/0]mtk-spi 1100a000.spi0: No 'mediatek,kthread-rt' property
02-18 16:16:41.398     1     1 I (7)[1:swapper/0]mtk-spi 1100a000.spi0: spi is trying to get spare-clk
02-18 16:16:41.398   132   132 I (0)[132:kworker/u16:1][PBM] feature_en: 1, pbm_drv_done: 0
02-18 16:16:41.398     1     1 I (7)[1:swapper/0]mtk-spi 1100a000.spi0: Dropping the link to pinctrl
02-18 16:16:41.398     1     1 I (7)[1:swapper/0]mtk-spi 11010000.spi1: No 'mediatek,kthread-rt' property
02-18 16:16:41.399     1     1 I (7)[1:swapper/0][GPU/DVFS] @mt_gpufreq_buck_control: power vgpu_vsram =0
02-18 16:16:41.399     1     1 I (7)[1:swapper/0]mtk-spi 11010000.spi1: spi is trying to get spare-clk
02-18 16:16:41.399   132   132 I (0)[132:kworker/u16:1][PBM] feature_en: 1, pbm_drv_done: 0
02-18 16:16:41.399   132   132 I (0)[132:kworker/u16:1]mali 13000000.mali: GPU identified as 0x3 arch 9.0.9 r0p1 status 0
02-18 16:16:41.399     1     1 I (7)[1:swapper/0][GPU/DVFS] @mt_gpufreq_buck_control: power vgpu_vsram =1
02-18 16:16:41.399     1     1 I (7)[1:swapper/0]mtk-spi 11012000.spi2: No 'mediatek,kthread-rt' property
02-18 16:16:41.399     1     1 I (7)[1:swapper/0]mtk-spi 11012000.spi2: spi is trying to get spare-clk
02-18 16:16:41.399     1     1 I (7)[1:swapper/0]mtk-spi 11013000.spi3: No 'mediatek,kthread-rt' property
02-18 16:16:41.399     1     1 I (7)[1:swapper/0]mtk-spi 11013000.spi3: spi is trying to get spare-clk
02-18 16:16:41.399     1     1 I (7)[1:swapper/0]mtk-spi 11018000.spi4: No 'mediatek,kthread-rt' property
02-18 16:16:41.399     1     1 I (7)[1:swapper/0]mtk-spi 11018000.spi4: spi is trying to get spare-clk
02-18 16:16:41.399     1     1 I (7)[1:swapper/0]mtk-spi 1101d000.spi6: No 'mediatek,kthread-rt' property
02-18 16:16:41.399     1     1 I (7)[1:swapper/0]mtk-spi 1101d000.spi6: spi is trying to get spare-clk
02-18 16:16:41.399   132   132 I (0)[132:kworker/u16:1][PBM] feature_en: 1, pbm_drv_done: 0
02-18 16:16:41.400     1     1 I (7)[1:swapper/0]mtk-spi 1101e000.spi7: No 'mediatek,kthread-rt' property
02-18 16:16:41.400     1     1 I (7)[1:swapper/0]mtk-spi 1101e000.spi7: spi is trying to get spare-clk
02-18 16:16:41.400   132   132 I (0)[132:kworker/u16:1][GPU/DVFS] @mt_gpufreq_buck_control: power vgpu_vsram =0
02-18 16:16:41.400   132   132 I (0)[132:kworker/u16:1][PBM] feature_en: 1, pbm_drv_done: 0
02-18 16:16:41.400   132   132 I (0)[132:kworker/u16:1]mali 13000000.mali: No priority control manager is configured
02-18 16:16:41.400   132   132 I (0)[132:kworker/u16:1]mali 13000000.mali: No memory group manager is configured
02-18 16:16:41.400     1     1 I (7)[1:swapper/0]dramc_probe: module probe.
02-18 16:16:41.400     1     1 I (7)[1:swapper/0]dramc_probe: dram_type(6),support_ch_cnt(2),ch_cnt(2),rk_cnt(2),mr_cnt(4),freq_cnt(8),mr4(true)
02-18 16:16:41.400     1     1 I (7)[1:swapper/0]dramc_probe: mr0(0)
02-18 16:16:41.400     1     1 I (7)[1:swapper/0]dramc_probe: mr0(0)
02-18 16:16:41.400     1     1 I (7)[1:swapper/0]dramc_probe: mr0(0)
02-18 16:16:41.400     1     1 I (7)[1:swapper/0]dramc_probe: mr0(0)
02-18 16:16:41.400     1     1 I (7)[1:swapper/0][GPU/DVFS] @mt_gpufreq_buck_control: power vgpu_vsram =1
02-18 16:16:41.400     1     1 I (7)[1:swapper/0]dramc_probe: fmeter_version(1)
02-18 16:16:41.400     1     1 I (7)[1:swapper/0]dramc_probe: DRAM data type = 6
02-18 16:16:41.400     1     1 I (7)[1:swapper/0]dramc_probe: DRAM data rate = 3733
02-18 16:16:41.401     1     1 I (7)[1:swapper/0]emicen_probe: module probe.
02-18 16:16:41.401     1     1 I (7)[1:swapper/0]emicen_probe: ch_cnt(2), rk_cnt(2)
02-18 16:16:41.401     1     1 I (7)[1:swapper/0]emicen_probe: rk_size0(0x80000000)
02-18 16:16:41.401     1     1 I (7)[1:swapper/0]emicen_probe: rk_size1(0x100000000)
02-18 16:16:41.401     1     1 I (7)[1:swapper/0]emicen_drv 10219000.emicen: No a2d_disph
02-18 16:16:41.401     1     1 I (7)[1:swapper/0]emicen_drv 10219000.emicen: No a2d_hash
02-18 16:16:41.401     1     1 I (7)[1:swapper/0]emicen_drv 10219000.emicen: No a2d_conf_offset
02-18 16:16:41.401     1     1 I (7)[1:swapper/0]emicen_drv 10219000.emicen: No a2d_chn_conf_offset
02-18 16:16:41.401     1     1 I (7)[1:swapper/0]emicen_drv 10219000.emicen: version(1) ch_cnt(2), rk_cnt(2)
02-18 16:16:41.401     1     1 I (7)[1:swapper/0]emicen_drv 10219000.emicen: rk_size0(0x80000000)
02-18 16:16:41.401     1     1 I (7)[1:swapper/0]emicen_drv 10219000.emicen: rk_size1(0x100000000)
02-18 16:16:41.401     1     1 I (7)[1:swapper/0]emicen_drv 10219000.emicen: a2d_disph 0
02-18 16:16:41.401     1     1 I (7)[1:swapper/0]emicen_drv 10219000.emicen: a2d_hash 7
02-18 16:16:41.401     1     1 I (7)[1:swapper/0]emicen_drv 10219000.emicen: emi_a2d_con_offset[0] 0
02-18 16:16:41.401     1     1 I (7)[1:swapper/0]emicen_drv 10219000.emicen: emi_a2d_con_offset[1] 40
02-18 16:16:41.401     1     1 I (7)[1:swapper/0]emicen_drv 10219000.emicen: emi_a2d_con_offset[2] 56
02-18 16:16:41.401     1     1 I (7)[1:swapper/0]emicen_drv 10219000.emicen: emi_a2d_con_offset[3] 60
02-18 16:16:41.401     1     1 I (7)[1:swapper/0]emicen_drv 10219000.emicen: emi_a2d_con_offset[4] 80
02-18 16:16:41.401     1     1 I (7)[1:swapper/0]emicen_drv 10219000.emicen: emi_a2d_chn_con_offset[0] 0
02-18 16:16:41.401     1     1 I (7)[1:swapper/0]emicen_drv 10219000.emicen: emi_a2d_chn_con_offset[1] 16
02-18 16:16:41.401     1     1 I (7)[1:swapper/0]emicen_drv 10219000.emicen: emi_a2d_chn_con_offset[2] 20
02-18 16:16:41.401   132   132 I (0)[132:kworker/u16:1][PBM] feature_en: 1, pbm_drv_done: 0
02-18 16:16:41.401   132   132 I (0)[132:kworker/u16:1]mali 13000000.mali: Probed as mali0
02-18 16:16:41.401     1     1 I (7)[1:swapper/0]emimpu_probe: module probe.
02-18 16:16:41.401     1     1 I (7)[1:swapper/0]emimpu_probe: region_cnt(32),domain_cnt(16),addr_align(16),dram_start(40000000),dram_end(1bfffffff),ctrl_intf(1)
02-18 16:16:41.402     1     1 I (7)[1:swapper/0][GPU/DVFS] @mt_gpufreq_buck_control: power vgpu_vsram =0
02-18 16:16:41.402     1     1 I (7)[1:swapper/0]emiisu_probe: module probe.
02-18 16:16:41.402     1     1 I (7)[1:swapper/0]emiisu_probe: buf_size(800000),buf_addr(0),ver_addr(ffffff8009fcb86c),con_addr(ffffff8009fcd858),ctrl_intf(1)
02-18 16:16:41.402    55    55 I (0)[55:kworker/u17:0][PBM] feature_en: 1, pbm_drv_done: 0
02-18 16:16:41.402    14    14 W (0)[14:cpuhp/0]cacheinfo: Unable to detect cache hierarchy for CPU 0
02-18 16:16:41.405     1     1 I (7)[1:swapper/0]brd: module loaded
02-18 16:16:41.407     1     1 I (7)[1:swapper/0]loop: module loaded
02-18 16:16:41.407     1     1 I (7)[1:swapper/0]zram: Added device: zram0
02-18 16:16:41.408     1     1 I         : (7)[1:swapper/0]mt_accdet_probe() begin!
02-18 16:16:41.408     1     1 I (7)[1:swapper/0]input: ACCDET as /devices/virtual/input/input0
02-18 16:16:41.408     1     1 I         : (7)[1:swapper/0][pmic_register_interrupt_callback] intNo=133, callback=accdet_int_handler
02-18 16:16:41.408     1     1 I         : (7)[1:swapper/0][pmic_register_interrupt_callback] intNo=134, callback=accdet_eint_handler
02-18 16:16:41.408     1     1 I         : (7)[1:swapper/0]accdet mic_vol=8, plugout_deb=1 mic_mode=1
02-18 16:16:41.408     1     1 I         : (7)[1:swapper/0]accdet key thresh mid = 80, up = 220, down = 400
02-18 16:16:41.408     1     1 I         : (7)[1:swapper/0]accdet pwm_width=0x500, thresh=0x500, fall=0x1, rise=0x1f0
02-18 16:16:41.408     1     1 I         : (7)[1:swapper/0]deb0=0x800, deb1=0x800, deb3=0x20, deb4=0x44
02-18 16:16:41.408     1     1 I         : (7)[1:swapper/0]e_pwm_width=0x4, e_pwm_thresh=0x1
02-18 16:16:41.408     1     1 I         : (7)[1:swapper/0]e_deb0=0x5, deb1=0x3, deb2=0x3, deb3=0x5
02-18 16:16:41.408     1     1 I         : (7)[1:swapper/0]e_inv_deb=0xe, mdet_en=0x0, e_det_m=0x4, m_det_m=0x4
02-18 16:16:41.408     1     1 I         : (7)[1:swapper/0]m_vth=0x0, m_vref2=0x0, e_e_res=0x0, m_e_res=0xffffffff
02-18 16:16:41.409   134   134 I         : (0)[134:kworker/0:1]qos ipi not ready, skip cmd=14
02-18 16:16:41.409     1     1 I         : (7)[1:swapper/0]accdet_get_efuse efuse=0x20e,auxadc_val=7mv
02-18 16:16:41.410     1     1 I         : (7)[1:swapper/0]accdet_get_efuse moisture_vdd efuse=0xb09, moisture_vdd_offset=11 mv
02-18 16:16:41.410     1     1 I         : (7)[1:swapper/0]accdet_get_efuse moisture_efuse efuse=0x0,moisture_offset=0 mv
02-18 16:16:41.411     1     1 I         : (7)[1:swapper/0]mt_accdet_probe done!
02-18 16:16:41.411     1     1 I         : (7)[1:swapper/0]accdet_mod_init() done!
02-18 16:16:41.412     1     1 I (7)[1:swapper/0]pmic-oc-debug pmic-oc-debug: Linked as a consumer to regulator.4
02-18 16:16:41.412     1     1 I (7)[1:swapper/0]pmic-oc-debug pmic-oc-debug: Linked as a consumer to regulator.5
02-18 16:16:41.412     1     1 I (7)[1:swapper/0]pmic-oc-debug pmic-oc-debug: Linked as a consumer to regulator.2
02-18 16:16:41.412     1     1 I (7)[1:swapper/0]pmic-oc-debug pmic-oc-debug: Linked as a consumer to regulator.3
02-18 16:16:41.412     1     1 I (7)[1:swapper/0]pmic-oc-debug pmic-oc-debug: Linked as a consumer to regulator.9
02-18 16:16:41.412     1     1 I (7)[1:swapper/0]pmic-oc-debug pmic-oc-debug: Linked as a consumer to regulator.8
02-18 16:16:41.412     1     1 I (7)[1:swapper/0]pmic-oc-debug pmic-oc-debug: Linked as a consumer to regulator.1
02-18 16:16:41.412     1     1 I (7)[1:swapper/0]pmic-oc-debug pmic-oc-debug: Linked as a consumer to regulator.6
02-18 16:16:41.412     1     1 I (7)[1:swapper/0]pmic-oc-debug pmic-oc-debug: Linked as a consumer to regulator.7
02-18 16:16:41.412     1     1 I (7)[1:swapper/0]pmic-oc-debug pmic-oc-debug: Linked as a consumer to regulator.19
02-18 16:16:41.412     1     1 I (7)[1:swapper/0]pmic-oc-debug pmic-oc-debug: Linked as a consumer to regulator.26
02-18 16:16:41.412     1     1 I (7)[1:swapper/0]pmic-oc-debug pmic-oc-debug: Linked as a consumer to regulator.35
02-18 16:16:41.412     1     1 I (7)[1:swapper/0]pmic-oc-debug pmic-oc-debug: Linked as a consumer to regulator.13
02-18 16:16:41.412     1     1 I (7)[1:swapper/0]pmic-oc-debug pmic-oc-debug: Linked as a consumer to regulator.25
02-18 16:16:41.412     1     1 I (7)[1:swapper/0]pmic-oc-debug pmic-oc-debug: Linked as a consumer to regulator.21
02-18 16:16:41.412     1     1 I (7)[1:swapper/0]pmic-oc-debug pmic-oc-debug: Linked as a consumer to regulator.31
02-18 16:16:41.412     1     1 I (7)[1:swapper/0]pmic-oc-debug pmic-oc-debug: Linked as a consumer to regulator.20
02-18 16:16:41.412     1     1 I (7)[1:swapper/0]pmic-oc-debug pmic-oc-debug: Linked as a consumer to regulator.18
02-18 16:16:41.412     1     1 I (7)[1:swapper/0]pmic-oc-debug pmic-oc-debug: Linked as a consumer to regulator.34
02-18 16:16:41.412     1     1 I (7)[1:swapper/0]pmic-oc-debug pmic-oc-debug: Linked as a consumer to regulator.33
02-18 16:16:41.412     1     1 I (7)[1:swapper/0]pmic-oc-debug pmic-oc-debug: Linked as a consumer to regulator.23
02-18 16:16:41.412     1     1 I (7)[1:swapper/0]pmic-oc-debug pmic-oc-debug: Linked as a consumer to regulator.10
02-18 16:16:41.412     1     1 I (7)[1:swapper/0]pmic-oc-debug pmic-oc-debug: Linked as a consumer to regulator.16
02-18 16:16:41.412     1     1 I (7)[1:swapper/0]pmic-oc-debug pmic-oc-debug: Linked as a consumer to regulator.40
02-18 16:16:41.412     1     1 I (7)[1:swapper/0]pmic-oc-debug pmic-oc-debug: Linked as a consumer to regulator.15
02-18 16:16:41.412     1     1 I (7)[1:swapper/0]pmic-oc-debug pmic-oc-debug: Linked as a consumer to regulator.24
02-18 16:16:41.412     1     1 I (7)[1:swapper/0]pmic-oc-debug pmic-oc-debug: Linked as a consumer to regulator.36
02-18 16:16:41.412     1     1 I (7)[1:swapper/0]pmic-oc-debug pmic-oc-debug: Linked as a consumer to regulator.30
02-18 16:16:41.412     1     1 I (7)[1:swapper/0]pmic-oc-debug pmic-oc-debug: Linked as a consumer to regulator.14
02-18 16:16:41.412     1     1 I (7)[1:swapper/0]pmic-oc-debug pmic-oc-debug: Linked as a consumer to regulator.27
02-18 16:16:41.412     1     1 I (7)[1:swapper/0]pmic-oc-debug pmic-oc-debug: Linked as a consumer to regulator.28
02-18 16:16:41.412     1     1 I (7)[1:swapper/0]pmic-oc-debug pmic-oc-debug: Linked as a consumer to regulator.29
02-18 16:16:41.412     1     1 I (7)[1:swapper/0]pmic-oc-debug pmic-oc-debug: Linked as a consumer to regulator.38
02-18 16:16:41.412     1     1 I (7)[1:swapper/0]pmic-oc-debug pmic-oc-debug: Linked as a consumer to regulator.37
02-18 16:16:41.414     1     1 I (7)[1:swapper/0]MCUPM: plt IPI success ret=0, ackdata=1
02-18 16:16:41.414     1     1 I         : (7)[1:swapper/0]MCUPM platform service is ready
02-18 16:16:41.414     1     1 I (7)[1:swapper/0][MCUPM_TS] ts: cycle_last 187426560, time_base:1631320310, wrap:4398046511101
02-18 16:16:41.414     1     1 I         : (7)[1:swapper/0][MCUPM_TS] update base: ts=1631329540, tick=0xb2be778, fz=0, ver=1
02-18 16:16:41.414     1     1 I         : (7)[1:swapper/0][Power/cpufreq] 0, Settle time(1250, 500) efuse_val = 0x2
02-18 16:16:41.414     1     1 I         : (7)[1:swapper/0][Power/cpufreq] @@~_mt_cpufreq_tbl_init DVFS state = 1
02-18 16:16:41.414     1     1 I         : (7)[1:swapper/0][Power/cpufreq] 0, Settle time(1250, 500) efuse_val = 0x2
02-18 16:16:41.414     1     1 I (7)[1:swapper/0][Power/PPM] @ppm_cpi_init: CPI done! enable = 0
02-18 16:16:41.414     1     1 I (7)[1:swapper/0][Power/PPM] @ppm_dlpt_policy_init: register PPM_POLICY_DLPT done!
02-18 16:16:41.414     1     1 I (7)[1:swapper/0][Power/PPM] @ppm_sysboost_policy_init: register PPM_POLICY_SYS_BOOST done!
02-18 16:16:41.414     1     1 I (7)[1:swapper/0][Power/PPM] @ppm_ptpod_policy_init: register PPM_POLICY_PTPOD done!
02-18 16:16:41.414     1     1 I         : (7)[1:swapper/0][register_battery_percent_notify] prio_val=1
02-18 16:16:41.414     1     1 I         : (7)[1:swapper/0][register_battery_oc_notify] prio_val=1
02-18 16:16:41.414     1     1 I         : (7)[1:swapper/0][register_low_battery_notify] prio_val=1
02-18 16:16:41.414     1     1 I (7)[1:swapper/0][Power/PPM] @ppm_pwrthro_policy_init: register PPM_POLICY_PWR_THRO done!
02-18 16:16:41.414     1     1 I (7)[1:swapper/0][Power/PPM] @ppm_thermal_policy_init: register PPM_POLICY_THERMAL done!
02-18 16:16:41.414     1     1 I (7)[1:swapper/0][Power/PPM] @ppm_hard_userlimit_policy_init: register PPM_POLICY_HARD_USER_LIMIT done!
02-18 16:16:41.414     1     1 I (7)[1:swapper/0][Power/PPM] @ppm_userlimit_policy_init: register PPM_POLICY_USER_LIMIT done!
02-18 16:16:41.414     1     1 I (7)[1:swapper/0][Power/PPM] @ppm_forcelimit_policy_init: register PPM_POLICY_FORCE_LIMIT done!
02-18 16:16:41.414     1     1 I (7)[1:swapper/0][Power/PPM] @ppm_ut_policy_init: register PPM_POLICY_UT done!
02-18 16:16:41.415     1     1 I (7)[1:swapper/0][Power/clkbuf] clk_buf_dump_dts_log: CLK_BUF?_STATUS=2 1 1 2 0 0 1
02-18 16:16:41.415     1     1 I (7)[1:swapper/0][Power/clkbuf] clk_buf_dump_dts_log: CLK_BUF?_OUTPUT_IMPEDANCE=6 4 4 4 0 0 4
02-18 16:16:41.415     1     1 I (7)[1:swapper/0][Power/clkbuf] clk_buf_dump_dts_log: CLK_BUF?_CONTROLS_DESENSE=0 4 0 4 0 0 0
02-18 16:16:41.415     1     1 I (7)[1:swapper/0][Power/clkbuf] pwrap_clk_buf_inf: pwrap_inf=1, rc_inf=0x10, dcxo_inf=0x0
02-18 16:16:41.415     1     1 I         : (7)[1:swapper/0][register_dlpt_notify] prio_val=0
02-18 16:16:41.415     1     1 I (7)[1:swapper/0][PBM] pbm_module_init: Done
02-18 16:16:41.415     1     1 I         : (7)[1:swapper/0][register_low_battery_notify] prio_val=3
02-18 16:16:41.415     1     1 I         : (7)[1:swapper/0][register_battery_oc_notify] prio_val=3
02-18 16:16:41.415     1     1 I         : (7)[1:swapper/0][register_battery_percent_notify_ext] prio_val=3
02-18 16:16:41.417     1     1 E         : (7)[1:swapper/0][mtk_nanohub]sar usb_plug_cail
02-18 16:16:41.417     1     1 I         : (7)[1:swapper/0][mtk_nanohub]aw_sar_ps_notify_init enter
02-18 16:16:41.417     1     1 I         : (7)[1:swapper/0][mtk_nanohub]init done, data_unit_t:68, SCP_SENSOR_HUB_DATA:72
02-18 16:16:41.417     1     1 I         : (7)[1:swapper/0][ccci1/mcd]modem 1 not enable, exit
02-18 16:16:41.417     1     1 I (7)[1:swapper/0][ccci0/mcd]ccci_modem_probe: get hw info fail(-1)
02-18 16:16:41.417     1     1 W (7)[1:swapper/0]driver_modem: probe of 10209000.mddriver failed with error -1
02-18 16:16:41.418     1     1 I         : (7)[1:swapper/0][ccci0/ccci_adc]ccci_get_adc_info EPROBE_DEFER
02-18 16:16:41.418     1     1 I         : (7)[1:swapper/0][ccci0/ccci_adc]ccci get adc info fail
02-18 16:16:41.418     1     1 I         : (7)[1:swapper/0][ccci0/dpmaif]modem 1 not enable, exit
02-18 16:16:41.418     1     1 W (7)[1:swapper/0]ccci_hif_dpmaif: probe of 10014000.dpmaif failed with error -1
02-18 16:16:41.419     1     1 I (7)[1:swapper/0][ccci0/cif]pccif: 20510000
02-18 16:16:41.419     1     1 I (7)[1:swapper/0][ccci1/cor]hif register: 1
02-18 16:16:41.420     1     1 I (7)[1:swapper/0][TMEM]trusted_mem_init: 301
02-18 16:16:41.420     1     1 I (7)[1:swapper/0]memory-ssmr: memory_ssmr driver probe done
02-18 16:16:41.420     1     1 I (7)[1:swapper/0]memory-ssmr: setup_feature_size, svp-region-based-size: 0x0000000018000000
02-18 16:16:41.420     1     1 I (7)[1:swapper/0]memory-ssmr: setup_feature_size, prot-region-based-size: 0x0000000008000000
02-18 16:16:41.420     1     1 I (7)[1:swapper/0]memory-ssmr: setup_feature_size, wfd-size: 0x0000000004000000
02-18 16:16:41.420     1     1 I (7)[1:swapper/0]memory-ssmr: setup_feature_size, ta-elf-size: 0x0000000000000000
02-18 16:16:41.420     1     1 I (7)[1:swapper/0]memory-ssmr: setup_feature_size, ta-stack-heap-size: 0x0000000000000000
02-18 16:16:41.420     1     1 I (7)[1:swapper/0]memory-ssmr: setup_feature_size, sdsp-firmware-size: 0x0000000000000000
02-18 16:16:41.420     1     1 I (7)[1:swapper/0]memory-ssmr: setup_feature_size, sdsp-tee-sharedmem-size: 0x0000000000000000
02-18 16:16:41.420     1     1 I (7)[1:swapper/0]memory-ssmr: setup_feature_size, 2d_fr-size: 0x0000000000000000
02-18 16:16:41.420     1     1 I (7)[1:swapper/0]memory-ssmr: setup_feature_size, tui-size: 0x0000000000000000
02-18 16:16:41.420     1     1 I (7)[1:swapper/0]memory-ssmr: finalize_scenario_size, svp_scheme: 0x000000001c000000
02-18 16:16:41.420     1     1 I (7)[1:swapper/0]memory-ssmr: finalize_scenario_size, face_registration_scheme: 0x0000000008000000
02-18 16:16:41.420     1     1 I (7)[1:swapper/0]memory-ssmr: finalize_scenario_size, face_payment_scheme: 0x0000000008000000
02-18 16:16:41.420     1     1 I (7)[1:swapper/0]memory-ssmr: finalize_scenario_size, face_unlock_scheme: 0x0000000008000000
02-18 16:16:41.420     1     1 I (7)[1:swapper/0]memory-ssmr: finalize_scenario_size, tui_scheme: 0x0000000000000000
02-18 16:16:41.420     1     1 I (7)[1:swapper/0]memory-ssmr: get_svp_memory_info, svp no use static reserved memory
02-18 16:16:41.420     1     1 I (7)[1:swapper/0]memory-ssmr: memory_ssmr_init_feature: svp is enable with size: 0x0000000018000000
02-18 16:16:41.420     1     1 I (7)[1:swapper/0]memory-ssmr: memory_ssmr_init_feature: prot-sharedmem is enable with size: 0x0000000008000000
02-18 16:16:41.420     1     1 I (7)[1:swapper/0]memory-ssmr: memory_ssmr_init_feature: wfd is enable with size: 0x0000000004000000
02-18 16:16:41.420     1     1 I (7)[1:swapper/0]memory-ssmr: resource base=0x0000000197000000, size=0x0000000028000000
02-18 16:16:41.420     1     1 I (7)[1:swapper/0]trusted_mem ssmr: assigned reserved memory node ssmr-reserved-cma_memory
