--------- beginning of main
02-18 16:16:42.769   386   386 D ProcessState: Binder ioctl to enable oneway spam detection failed: Invalid argument
02-18 16:16:42.772   386   386 I SELinux : SELinux: Loaded service_contexts from:
02-18 16:16:42.772   386   386 I SELinux :     /system/etc/selinux/plat_service_contexts
02-18 16:16:42.772   387   387 D ProcessState: Binder ioctl to enable oneway spam detection failed: Invalid argument
--------- beginning of kernel
02-18 16:16:39.782     0     0 I         : -(0)[0:swapper]Booting Linux on physical CPU 0x0000000000 [0x412fd050]
02-18 16:16:42.773   386   386 E SELinux : avc:  denied  { add } for pid=386 uid=0 name=manager scontext=u:r:recovery:s0 tcontext=u:object_r:service_manager_service:s0 tclass=service_manager permissive=1
02-18 16:16:39.782     0     0 I         : -(0)[0:swapper]Linux version 4.19.191 (nobody@android-build) (Android (6443078 based on r383902) clang version 11.0.1 (https://android.googlesource.com/toolchain/llvm-project b397f81060ce6d701042b782172ed13bee898b79), LLD 11.0.1 (/buildbot/tmp/tmp6_m7QH b397f81060ce6d701042b782172ed13bee898b79)) #1 SMP PREEMPT Fri Jul 25 18:58:46 CST 2025
02-18 16:16:42.773   387   387 I SELinux : SELinux: Loaded service_contexts from:
02-18 16:16:39.782     0     0 I -(0)[0:swapper]Machine model: MT6833
02-18 16:16:42.773   387   387 I SELinux :     /vendor/etc/selinux/vndservice_contexts
02-18 16:16:39.782     0     0 I -(0)[0:swapper]ion_reserve_memory_to_camera: name:ion-carveout-heap,base:bfff3000,size:0xc000
02-18 16:16:39.782     0     0 I -(0)[0:swapper]OF: reserved mem: initialized node ion-carveout-heap, compatible id mediatek,ion-carveout-heap
02-18 16:16:39.782     0     0 I -(0)[0:swapper]OF: reserved mem: initialized node reserve-memory-sspm_share, compatible id mediatek,reserve-memory-sspm_share
02-18 16:16:39.782     0     0 I -(0)[0:swapper]OF: reserved mem: initialized node reserve-memory-mcupm_share, compatible id mediatek,reserve-memory-mcupm_share
02-18 16:16:39.782     0     0 I -(0)[0:swapper]Reserved memory: created DMA memory pool at 0x00000000be000000, size 6 MiB
02-18 16:16:39.782     0     0 I -(0)[0:swapper]OF: reserved mem: initialized node wifi-reserve-memory, compatible id shared-dma-pool
02-18 16:16:39.782     0     0 I -(0)[0:swapper]Reserved memory: created CMA memory pool at 0x0000000197000000, size 640 MiB
02-18 16:16:39.782     0     0 I -(0)[0:swapper]OF: reserved mem: initialized node ssmr-reserved-cma_memory, compatible id shared-dma-pool
02-18 16:16:39.782     0     0 I         : -(0)[0:swapper][SCP]scp_reserve_mem_of_init 0x000000008f000000 0x0000000000320000
02-18 16:16:39.782     0     0 I -(0)[0:swapper]OF: reserved mem: initialized node reserve-memory-scp_share, compatible id mediatek,reserve-memory-scp_share
02-18 16:16:39.782     0     0 I -(0)[0:swapper][memblock]mediatek,minirdump: 0x48170000 - 0x48180000 (0x10000)
02-18 16:16:42.773   387   387 E SELinux : avc:  denied  { add } for pid=387 uid=0 name=manager scontext=u:r:recovery:s0 tcontext=u:object_r:service_manager_vndservice:s0 tclass=service_manager permissive=1
02-18 16:16:39.782     0     0 I -(0)[0:swapper]OF: reserved mem: initialized node mblock-19-minirdump, compatible id mediatek,minirdump
02-18 16:16:39.782     0     0 I -(0)[0:swapper][gz_log_context_init] rmem: mblock-5-gz-log base(0x7e800000) size(0x41000) flag(1)
02-18 16:16:39.782     0     0 I -(0)[0:swapper]OF: reserved mem: initialized node mblock-5-gz-log, compatible id mediatek,gz-log
02-18 16:16:39.782     0     0 I -(0)[0:swapper][picachu] phys: 0xbfd00000 - 0xbfd80000 (0x80000)
02-18 16:16:39.782     0     0 I -(0)[0:swapper][picachu][reserve_mem:0]:  
02-18 16:16:39.782     0     0 I -(0)[0:swapper]phys: 0xbfd00000 - 0xbfd40000 (0x40000)
02-18 16:16:39.782     0     0 I -(0)[0:swapper][picachu][reserve_mem:1]:  
02-18 16:16:39.782     0     0 I -(0)[0:swapper]phys: 0xbfd40000 - 0xbfd50000 (0x10000)
02-18 16:16:39.782     0     0 I -(0)[0:swapper][picachu][reserve_mem:2]:  
02-18 16:16:39.782     0     0 I -(0)[0:swapper]phys: 0xbfd50000 - 0xbfd60000 (0x10000)
02-18 16:16:39.782     0     0 I -(0)[0:swapper][picachu][reserve_mem:3]:  
02-18 16:16:39.782     0     0 I -(0)[0:swapper]phys: 0xbfd60000 - 0xbfd70000 (0x10000)
02-18 16:16:39.782     0     0 I -(0)[0:swapper][picachu][reserve_mem:4]:  
02-18 16:16:39.782     0     0 I -(0)[0:swapper]phys: 0xbfd70000 - 0xbfd80000 (0x10000)
02-18 16:16:39.782     0     0 I -(0)[0:swapper]OF: reserved mem: initialized node mblock-16-PICACHU, compatible id mediatek,PICACHU
02-18 16:16:39.782     0     0 I -(0)[0:swapper]cma: Reserved 16 MiB at 0x00000000fec00000
02-18 16:16:39.782     0     0 D         : -(0)[0:swapper]On node 0 totalpages: 1527489
02-18 16:16:39.782     0     0 D         : -(0)[0:swapper]  DMA32 zone: 12288 pages used for memmap
02-18 16:16:39.782     0     0 D         : -(0)[0:swapper]  DMA32 zone: 0 pages reserved
02-18 16:16:39.782     0     0 D         : -(0)[0:swapper]  DMA32 zone: 741058 pages, LIFO batch:63
02-18 16:16:39.782     0     0 D         : -(0)[0:swapper]  Normal zone: 12288 pages used for memmap
02-18 16:16:39.782     0     0 D         : -(0)[0:swapper]  Normal zone: 786431 pages, LIFO batch:63
02-18 16:16:39.782     0     0 I -(0)[0:swapper]psci: probing for conduit method from DT.
02-18 16:16:39.782     0     0 I -(0)[0:swapper]psci: PSCIv1.1 detected in firmware.
02-18 16:16:39.782     0     0 I -(0)[0:swapper]psci: Using standard PSCI v0.2 function IDs
02-18 16:16:39.782     0     0 I -(0)[0:swapper]psci: MIGRATE_INFO_TYPE not supported.
02-18 16:16:39.782     0     0 I -(0)[0:swapper]psci: SMC Calling Convention v1.1
02-18 16:16:39.782     0     0 I -(0)[0:swapper]percpu: Embedded 24 pages/cpu s59352 r8192 d30760 u98304
02-18 16:16:39.782     0     0 D -(0)[0:swapper]pcpu-alloc: s59352 r8192 d30760 u98304 alloc=24*4096
02-18 16:16:39.782     0     0 D -(0)[0:swapper]pcpu-alloc: [0] 0 [0] 1 [0] 2 [0] 3 [0] 4 [0] 5 [0] 6 [0] 7
02-18 16:16:39.782     0     0 I         : -(0)[0:swapper]Detected VIPT I-cache on CPU0
02-18 16:16:39.782     0     0 I -(0)[0:swapper]CPU features: kernel page table isolation forced ON by KASLR
02-18 16:16:39.782     0     0 I -(0)[0:swapper]CPU features: detected: Kernel page table isolation (KPTI)
02-18 16:16:39.782     0     0 I -(0)[0:swapper]CPU features: detected: Speculative Store Bypassing Safe (SSBS)
02-18 16:16:39.782     0     0 I         : -(0)[0:swapper]Built 1 zonelists, mobility grouping on.  Total pages: 1502913
02-18 16:16:39.782     0     0 I         : -(0)[0:swapper]Kernel command line: console=tty0 console=ttyS0,921600n1 root=/dev/ram 		vmalloc=400M slub_debug=OFZPU swiotlb=noforce 		firmware_class.path=/vendor/firmware 		androidboot.hardware=mt6833 		page_owner=on loop.max_part=7 has_battery_removed=0 ramoops.mem_address=0x48090000 ramoops.mem_size=0xe0000 ramoops.pmsg_size=0x10000 ramoops.console_size=0x40000 loop.max_part=7 androidboot.boot_devices=bootdevice,soc/11230000.mmc,11230000.mmc,soc/11230000.msdc,11230000.msdc,soc/11270000.ufshci,11270000.ufshci androidboot.Temp_F6=0x30 ramoops.mem_address=0x48090000 ramoops.mem_size=0xe0000 ramoops.pmsg_size=0x10000 ramoops.console_size=0x40000 clk_ignore_unused pri_region=0 bootopt=64S3,32N2,64N2 buildvariant=user buildvariant=eng root=/dev/ram  androidboot.slot_suffix=_a androidboot.slot=a androidboot.verifiedbootstate=orange androidboot.meta_log_disable=0 lpddr_used_index=4 mtk_printk_ctrl.disable_uart=1 androidboot.serialno=RLXX50323G280005 androidboot.bootreason=rtc gpt=1
02-18 16:16:39.782     0     0 I         : -(0)[0:swapper]Dentry cache hash table entries: 1048576 (order: 11, 8388608 bytes)
02-18 16:16:39.782     0     0 I         : -(0)[0:swapper]Inode-cache hash table entries: 524288 (order: 10, 4194304 bytes)
02-18 16:16:39.782     0     0 I -(0)[0:swapper]mem auto-init: stack:off, heap alloc:off, heap free:off
02-18 16:16:39.782     0     0 I         : -(0)[0:swapper]software IO TLB: mapped [mem 0xffffe000-0xffffe800] (0MB)
02-18 16:16:39.782     0     0 I -(0)[0:swapper]Memory: 5246256K/6109956K available (17724K kernel code, 2156K rwdata, 7704K rodata, 1280K init, 8582K bss, 191956K reserved, 671744K cma-reserved)
02-18 16:16:39.782     0     0 I -(0)[0:swapper]SLUB: HWalign=64, Order=0-3, MinObjects=0, CPUs=8, Nodes=1
02-18 16:16:39.782     0     0 W         : -(0)[0:swapper]
02-18 16:16:39.782     0     0 W         : -(0)[0:swapper]**********************************************************
02-18 16:16:39.782     0     0 W         : -(0)[0:swapper]**   NOTICE NOTICE NOTICE NOTICE NOTICE NOTICE NOTICE   **
02-18 16:16:39.782     0     0 W         : -(0)[0:swapper]**                                                      **
02-18 16:16:39.782     0     0 W         : -(0)[0:swapper]** trace_printk() being used. Allocating extra memory.  **
02-18 16:16:39.782     0     0 W         : -(0)[0:swapper]**                                                      **
02-18 16:16:39.782     0     0 W         : -(0)[0:swapper]** This means that this is a DEBUG kernel and it is     **
02-18 16:16:39.782     0     0 W         : -(0)[0:swapper]** unsafe for production use.                           **
02-18 16:16:39.782     0     0 W         : -(0)[0:swapper]**                                                      **
02-18 16:16:39.782     0     0 W         : -(0)[0:swapper]** If you see this message and you are not debugging    **
02-18 16:16:39.782     0     0 W         : -(0)[0:swapper]** the kernel, report this immediately to your vendor!  **
02-18 16:16:39.782     0     0 W         : -(0)[0:swapper]**                                                      **
02-18 16:16:39.782     0     0 W         : -(0)[0:swapper]**   NOTICE NOTICE NOTICE NOTICE NOTICE NOTICE NOTICE   **
02-18 16:16:39.782     0     0 W         : -(0)[0:swapper]**********************************************************
02-18 16:16:39.782     0     0 I -(0)[0:swapper/0]rcu: Preemptible hierarchical RCU implementation.
02-18 16:16:39.782     0     0 I         : -(0)[0:swapper/0]	Tasks RCU enabled.
02-18 16:16:39.782     0     0 I -(0)[0:swapper/0]NR_IRQS: 64, nr_irqs: 64, preallocated irqs: 0
02-18 16:16:39.782     0     0 I -(0)[0:swapper/0]GICv3: Distributor has no Range Selector support
02-18 16:16:39.782     0     0 I -(0)[0:swapper/0]GICv3: no VLPI support, no direct LPI support
02-18 16:16:39.782     0     0 I -(0)[0:swapper/0]GICv3: CPU0: found redistributor 0 region 0:0x000000000c040000
02-18 16:16:39.782     0     0 I         : -(0)[0:swapper/0]### gic-v3 init done. gic_irqs: 639 ###
02-18 16:16:39.782     0     0 I -(0)[0:swapper/0]random: random: get_random_bytes called from start_kernel+0x20c/0x35c with crng_init=0
02-18 16:16:39.782     0     0 W -(0)[0:swapper/0]genirq: irq_chip GICv3 did not update eff. affinity mask of irq 1
02-18 16:16:39.782     0     0 I -(0)[0:swapper/0]arch_timer: cp15 timer(s) running at 13.00MHz (virt).
02-18 16:16:39.782     0     0 I -(0)[0:swapper/0]clocksource: arch_sys_counter: mask: 0xffffffffffffff max_cycles: 0x2ff89eacb, max_idle_ns: 440795202429 ns
02-18 16:16:39.782     0     0 I -(0)[0:swapper/0]sched_clock: 56 bits at 13MHz, resolution 76ns, wraps every 4398046511101ns
02-18 16:16:39.783     0     0 I (0)[0:swapper/0]mboot_params: [DT] 0x800@0x11d000, 0x1(0xec0)
02-18 16:16:39.783     0     0 I (0)[0:swapper/0]mboot_params: [DT] 0x10000@0x48170000
02-18 16:16:39.783     0     0 I (0)[0:swapper/0]mboot_params: using sram:0x11d000
02-18 16:16:39.783     0     0 I (0)[0:swapper/0]mboot_params: buffer start: 0xffffff8008015000, size: 0x800
02-18 16:16:39.783     0     0 I         : (0)[0:swapper/0]pmic & external buck: 0x0
02-18 16:16:39.783     0     0 I (0)[0:swapper/0]mboot_params: CPU notifier status: 0, 0, 0x0, 0
02-18 16:16:39.783     0     0 I (0)[0:swapper/0]mboot_params: CPU HPS footprint: 0, 0x0, 0, 0
02-18 16:16:39.783     0     0 I (0)[0:swapper/0]mboot_params: last init function: 0x0
02-18 16:16:39.783     0     0 I         : (0)[0:swapper/0]Calibrating delay loop (skipped), value calculated using timer frequency.. 26.00 BogoMIPS (lpj=52000)
02-18 16:16:39.783     0     0 I (0)[0:swapper/0]pid_max: default: 32768 minimum: 301
02-18 16:16:39.783     0     0 I         : (0)[0:swapper/0]Security Framework initialized
02-18 16:16:39.783     0     0 I (0)[0:swapper/0]SELinux: Initializing.
02-18 16:16:39.783     0     0 I         : (0)[0:swapper/0]Mount-cache hash table entries: 16384 (order: 5, 131072 bytes)
02-18 16:16:39.783     0     0 I         : (0)[0:swapper/0]Mountpoint-cache hash table entries: 16384 (order: 5, 131072 bytes)
02-18 16:16:39.784     1     1 I         : (0)[1:swapper/0]ASID allocator initialised with 32768 entries
02-18 16:16:39.784     1     1 I (0)[1:swapper/0]rcu: Hierarchical SRCU implementation.
02-18 16:16:39.787     1     1 I (0)[1:swapper/0]tag_devinfo_data size: 220, HRID size:4
02-18 16:16:39.787     1     1 I         : (0)[1:swapper/0][devinfo][SegCode] Segment Code=0x2
02-18 16:16:39.787     1     1 I (0)[1:swapper/0]BOOTPROF: DT(Err:0x0) pl_t=4842, lk_t=7403, lk_logo_t=1114
02-18 16:16:39.787     1     1 I (0)[1:swapper/0]BOOTPROF: 5.067076: ON
02-18 16:16:39.787     1     1 I (0)[1:swapper/0]log_store: [DT] log_store: 0x11df00@0x100
02-18 16:16:39.787     1     1 I (0)[1:swapper/0]log_store: get ok, sram addr:0x11df00, size:0x100
02-18 16:16:39.788     1     1 I (0)[1:swapper/0]log_store: sram header address 0x(____ptrval____).
02-18 16:16:39.788     1     1 I         : (0)[1:swapper/0]log_store printk_buff addr:0x41cd1aa8,sz:0x400000,buff-flag:0x427.
02-18 16:16:39.788     1     1 I         : (0)[1:swapper/0]sig 0x5678ef90 flag 0x427 add 0x7ffbf000 size 0x40000 offsize 0x20 point 0x1e958
02-18 16:16:39.788     1     1 I (0)[1:swapper/0]smp: Bringing up secondary CPUs ...
02-18 16:16:39.789     0     0 I         : -(1)[0:swapper/1]Detected VIPT I-cache on CPU1
02-18 16:16:39.789     0     0 I -(1)[0:swapper/1]GICv3: CPU1: found redistributor 100 region 0:0x000000000c060000
02-18 16:16:39.789     0     0 I -(1)[0:swapper/1]CPU1: Booted secondary processor 0x0000000100 [0x412fd050]
02-18 16:16:39.790     0     0 I         : -(2)[0:swapper/2]Detected VIPT I-cache on CPU2
02-18 16:16:39.790     0     0 I -(2)[0:swapper/2]GICv3: CPU2: found redistributor 200 region 0:0x000000000c080000
02-18 16:16:39.790     0     0 I -(2)[0:swapper/2]CPU2: Booted secondary processor 0x0000000200 [0x412fd050]
02-18 16:16:39.791     0     0 I         : -(3)[0:swapper/3]Detected VIPT I-cache on CPU3
02-18 16:16:39.791     0     0 I -(3)[0:swapper/3]GICv3: CPU3: found redistributor 300 region 0:0x000000000c0a0000
02-18 16:16:39.791     0     0 I -(3)[0:swapper/3]CPU3: Booted secondary processor 0x0000000300 [0x412fd050]
02-18 16:16:39.792     0     0 I         : -(4)[0:swapper/4]Detected VIPT I-cache on CPU4
02-18 16:16:39.792     0     0 I -(4)[0:swapper/4]GICv3: CPU4: found redistributor 400 region 0:0x000000000c0c0000
02-18 16:16:39.792     0     0 I -(4)[0:swapper/4]CPU4: Booted secondary processor 0x0000000400 [0x412fd050]
02-18 16:16:39.793     0     0 I         : -(5)[0:swapper/5]Detected VIPT I-cache on CPU5
02-18 16:16:39.793     0     0 I -(5)[0:swapper/5]GICv3: CPU5: found redistributor 500 region 0:0x000000000c0e0000
02-18 16:16:39.793     0     0 I -(5)[0:swapper/5]CPU5: Booted secondary processor 0x0000000500 [0x412fd050]
02-18 16:16:39.794     0     0 I -(6)[0:swapper/6]CPU features: enabling workaround for Mismatched cache type
02-18 16:16:39.794     0     0 I -(6)[0:swapper/6]CPU features: enabling workaround for Spectre-BHB
02-18 16:16:39.794     0     0 I -(6)[0:swapper/6]CPU features: detected: Hardware dirty bit management
02-18 16:16:39.794     0     0 I         : -(6)[0:swapper/6]Detected PIPT I-cache on CPU6
02-18 16:16:39.794     0     0 W -(6)[0:swapper/6]CPU features: SANITY CHECK: Unexpected variation in SYS_CTR_EL0. Boot CPU: 0x00000084448004, CPU6: 0x0000009444c004
02-18 16:16:39.794     0     0 W -(6)[0:swapper/6]CPU features: SANITY CHECK: Unexpected variation in SYS_ID_ISAR4_EL1. Boot CPU: 0x00000000011142, CPU6: 0x00000000010142
02-18 16:16:39.794     0     0 W -(6)[0:swapper/6]CPU features: SANITY CHECK: Unexpected variation in SYS_ID_PFR0_EL1. Boot CPU: 0x00000010000131, CPU6: 0x00000010010131
02-18 16:16:39.794     0     0 W -(6)[0:swapper/6]CPU features: SANITY CHECK: Unexpected variation in SYS_ID_PFR1_EL1. Boot CPU: 0x00000010011011, CPU6: 0x00000010010000
02-18 16:16:39.794     0     0 W -(6)[0:swapper/6]CPU features: Unsupported CPU feature variation detected.
02-18 16:16:39.794     0     0 I -(6)[0:swapper/6]GICv3: CPU6: found redistributor 600 region 0:0x000000000c100000
02-18 16:16:39.794     0     0 I -(6)[0:swapper/6]CPU6: Booted secondary processor 0x0000000600 [0x414fd0b0]
02-18 16:16:39.795     0     0 I         : -(7)[0:swapper/7]Detected PIPT I-cache on CPU7
02-18 16:16:39.795     0     0 W -(7)[0:swapper/7]CPU features: SANITY CHECK: Unexpected variation in SYS_CTR_EL0. Boot CPU: 0x00000084448004, CPU7: 0x0000009444c004
02-18 16:16:39.795     0     0 W -(7)[0:swapper/7]CPU features: SANITY CHECK: Unexpected variation in SYS_ID_ISAR4_EL1. Boot CPU: 0x00000000011142, CPU7: 0x00000000010142
02-18 16:16:39.795     0     0 W -(7)[0:swapper/7]CPU features: SANITY CHECK: Unexpected variation in SYS_ID_PFR0_EL1. Boot CPU: 0x00000010000131, CPU7: 0x00000010010131
02-18 16:16:39.795     0     0 W -(7)[0:swapper/7]CPU features: SANITY CHECK: Unexpected variation in SYS_ID_PFR1_EL1. Boot CPU: 0x00000010011011, CPU7: 0x00000010010000
02-18 16:16:39.795     0     0 I -(7)[0:swapper/7]GICv3: CPU7: found redistributor 700 region 0:0x000000000c120000
02-18 16:16:39.795     0     0 I -(7)[0:swapper/7]CPU7: Booted secondary processor 0x0000000700 [0x414fd0b0]
02-18 16:16:39.795     1     1 I (0)[1:swapper/0]smp: Brought up 1 node, 8 CPUs
02-18 16:16:39.795     1     1 I (0)[1:swapper/0]SMP: Total of 8 processors activated.
02-18 16:16:39.795     1     1 I (0)[1:swapper/0]CPU features: detected: GIC system register CPU interface
02-18 16:16:39.795     1     1 I (0)[1:swapper/0]CPU features: detected: Privileged Access Never
02-18 16:16:39.795     1     1 I (0)[1:swapper/0]CPU features: detected: LSE atomic instructions
02-18 16:16:39.795     1     1 I (0)[1:swapper/0]CPU features: detected: User Access Override
02-18 16:16:39.795     1     1 I (0)[1:swapper/0]CPU features: detected: 32-bit EL0 Support
02-18 16:16:39.795     1     1 I (0)[1:swapper/0]CPU features: detected: RAS Extension Support
02-18 16:16:39.852     1     1 I (0)[1:swapper/0]CPU: All CPU(s) started at EL1
02-18 16:16:39.852    13    13 I -(0)[13:migration/0]alternatives: patching kernel code
02-18 16:16:39.855     1     1 I (0)[1:swapper/0]CPU7: update max cpu_capacity 1024
02-18 16:16:39.856     0     0 I (7)[0:swapper/7]CPU7: update max cpu_capacity 1024
02-18 16:16:39.869     1     1 I         : (6)[1:swapper/0]Registered cp15_barrier emulation handler
02-18 16:16:39.870     1     1 I         : (6)[1:swapper/0]Registered setend emulation handler
02-18 16:16:39.870     1     1 I (6)[1:swapper/0]clocksource: jiffies: mask: 0xffffffff max_cycles: 0xffffffff, max_idle_ns: 7645041785100000 ns
02-18 16:16:39.870     1     1 I         : (6)[1:swapper/0]futex hash table entries: 2048 (order: 5, 131072 bytes)
02-18 16:16:39.879     1     1 I (6)[1:swapper/0]pinctrl core: initialized pinctrl subsystem
02-18 16:16:39.879     1     1 I (6)[1:swapper/0]set_sram_flag_timestamp: tick=0x9fb777c, ts=96590768
02-18 16:16:39.879     1     1 I (6)[1:swapper/0]set_sram_flag_timestamp: kernel_start_tick = 0x9e84e7f
02-18 16:16:39.879     1     1 I (6)[1:swapper/0]mtk_dbgtop_get_base_addr: compatible node found: dbgtop
02-18 16:16:39.879     1     1 I         : (6)[1:swapper/0]In dfd init
02-18 16:16:39.879     1     1 I (6)[1:swapper/0]dfd_init: Latch offset is 0x44
02-18 16:16:39.879     1     1 I (6)[1:swapper/0]dfd_init: get topdbg base success
02-18 16:16:39.879     1     1 I (6)[1:swapper/0]Linked base: 0x0
02-18 16:16:39.880     1     1 I (6)[1:swapper/0]NET: Registered protocol family 16
02-18 16:16:39.880     1     1 I (6)[1:swapper/0]schedtune: configured to support 10 boost groups
02-18 16:16:39.880     1     1 I (6)[1:swapper/0]audit: initializing netlink subsys (disabled)
01-01 00:00:00.044   384   384 W auditd  : type=2000 audit(0.0:1): state=initialized audit_enabled=0 res=1
02-18 16:16:39.881     1     1 I (6)[1:swapper/0]ramoops: using module parameters
02-18 16:16:39.881     1     1 I         : (6)[1:swapper/0]console [pstore-1] enabled
02-18 16:16:39.881     1     1 I (6)[1:swapper/0]pstore: Registered ramoops as persistent store backend
02-18 16:16:39.881     1     1 I (6)[1:swapper/0]ramoops: attached 0xe0000@0x48090000, ecc: 0/0
02-18 16:16:39.882     1     1 I (6)[1:swapper/0]bus_tracer_init: running...
02-18 16:16:39.882     1     1 I (6)[1:swapper/0]cpuidle: using governor menu
02-18 16:16:39.882     1     1 I (6)[1:swapper/0]cpuidle: using governor mtk_menu
02-18 16:16:39.882     1     1 I (6)[1:swapper/0]hw-breakpoint: found 6 breakpoint and 4 watchpoint registers.
02-18 16:16:39.883     1     1 I (6)[1:swapper/0]DMA: preallocated 256 KiB pool for atomic allocations
02-18 16:16:39.883     1     1 I         : (6)[1:swapper/0][Power/PPM] cluster_num = 2
02-18 16:16:39.883     1     1 I         : (6)[1:swapper/0][Power/PPM] ppm cluster 0 -> core_num = 6, cpu_id = 0
02-18 16:16:39.883     1     1 I         : (6)[1:swapper/0][Power/PPM] ppm cluster 1 -> core_num = 2, cpu_id = 6
02-18 16:16:39.883     1     1 I (6)[1:swapper/0][Power/PPM] @ppm_main_data_init: done!
02-18 16:16:39.883     1     1 I (6)[1:swapper/0][Power/PPM] @ppm_main_pdrv_probe: ppm probe done!
02-18 16:16:39.883     1     1 I         : (6)[1:swapper/0][Power/PPM] ppm_profile_init done
02-18 16:16:39.883     1     1 I         : (6)[1:swapper/0][Power/PPM] ppm driver init done (no DoE)!
02-18 16:16:39.883     1     1 I (6)[1:swapper/0]mrdump_parse_chosen: mrdump_cbaddr=0x000000000011e000, mrdump_cbsize=0x0000000000002000
02-18 16:16:39.883     1     1 I (6)[1:swapper/0]mrdump_parse_chosen: lk version MRDUMP11
02-18 16:16:39.883     1     1 I (6)[1:swapper/0]mrdump_parse_chosen: ddr reserve mode yes
02-18 16:16:39.884     1     1 I (6)[1:swapper/0]mrdump_dbgtop_dram_reserved: Trying to enable DDR Reserve Mode(1)
02-18 16:16:39.884     1     1 I (6)[1:swapper/0]mtk_dbgtop_dram_reserved: MTK_DBGTOP_MODE(0x1)
02-18 16:16:39.884     1     1 I (6)[1:swapper/0]mrdump_dbgtop_dram_reserved: DDR reserved mode enable ok
02-18 16:16:39.884     1     1 I (6)[1:swapper/0]mrdump_hw_init: init_done.
02-18 16:16:39.884     1     1 I (6)[1:swapper/0]mrdump_hw_init: DFD disabled
02-18 16:16:39.893     1     1 I (6)[1:swapper/0]mrdump_cblock_init: done.
02-18 16:16:39.893     1     1 I (6)[1:swapper/0]minirdump: [DT] reserved 0x48170000+0x10000->(____ptrval____)
02-18 16:16:39.893     1     1 I         : (6)[1:swapper/0][gz_log_page_init] set by static_map, virt addr:(____ptrval____), sz:0x41000
02-18 16:16:39.893     1     1 I         : (6)[1:swapper/0][get_gz_log_buffer] virtual address:0xffffffd87e800000, paddr:0x7e800000
02-18 16:16:39.893     1     1 I (6)[1:swapper/0]mrdump_full_init: MT-RAMDUMP enabled done
02-18 16:16:39.893     1     1 I         : (6)[1:swapper/0][cmdq] cmdq_drv_init enter
02-18 16:16:39.899     1     1 I (6)[1:swapper/0]platform ssmr: assigned reserved memory node ssmr-reserved-cma_memory
02-18 16:16:39.907     1     1 I (6)[1:swapper/0]platform 18000000.wifi: assigned reserved memory node wifi-reserve-memory
02-18 16:16:39.917     1     1 W (6)[1:swapper/0]sysfs: cannot create duplicate filename '/devices/platform/17020000.venc'
02-18 16:16:39.917     1     1 W -(6)[1:swapper/0]CPU: 6 PID: 1 Comm: swapper/0 Tainted: G S                4.19.191 #1
02-18 16:16:39.917     1     1 W -(6)[1:swapper/0]Hardware name: MT6833 (DT)
02-18 16:16:39.917     1     1 W -(6)[1:swapper/0]Call trace:  
02-18 16:16:39.917     1     1 W         : -(6)[1:swapper/0] dump_backtrace.cfi_jt+0x0/0x4
02-18 16:16:39.917     1     1 W         : -(6)[1:swapper/0] dump_stack+0xb8/0xf0
02-18 16:16:39.917     1     1 W         : -(6)[1:swapper/0] sysfs_create_dir_ns+0x104/0x158
02-18 16:16:39.917     1     1 W         : -(6)[1:swapper/0] kobject_add_internal+0x18c/0x470
02-18 16:16:39.917     1     1 W         : -(6)[1:swapper/0] kobject_add+0x88/0xf0
02-18 16:16:39.917     1     1 W         : -(6)[1:swapper/0] device_add+0x1e4/0xa58
02-18 16:16:39.917     1     1 W         : -(6)[1:swapper/0] of_device_add+0x34/0x40
02-18 16:16:39.917     1     1 W         : -(6)[1:swapper/0] of_platform_device_create_pdata+0xb8/0xec
02-18 16:16:39.917     1     1 W         : -(6)[1:swapper/0] of_platform_bus_create+0x300/0x554
02-18 16:16:39.917     1     1 W         : -(6)[1:swapper/0] of_platform_populate+0x88/0x108
02-18 16:16:39.917     1     1 W         : -(6)[1:swapper/0] of_platform_default_populate_init+0xac/0xc8
02-18 16:16:39.917     1     1 W         : -(6)[1:swapper/0] do_one_initcall+0x184/0x374
02-18 16:16:39.917     1     1 W         : -(6)[1:swapper/0] do_initcall_level+0x184/0x1a8
02-18 16:16:39.917     1     1 W         : -(6)[1:swapper/0] do_basic_setup+0x30/0x48
02-18 16:16:39.917     1     1 W         : -(6)[1:swapper/0] kernel_init_freeable+0xac/0x128
02-18 16:16:39.917     1     1 W         : -(6)[1:swapper/0] kernel_init+0x14/0x2a8
02-18 16:16:39.917     1     1 W         : -(6)[1:swapper/0] ret_from_fork+0x10/0x18
02-18 16:16:39.917     1     1 E         : (6)[1:swapper/0]kobject_add_internal failed for 17020000.venc with -EEXIST, don't try to register things with the same name in the same directory.
02-18 16:16:39.923     1     1 I (6)[1:swapper/0]platform 1f000000.mdpsys_config: Linked as a consumer to 1f000000.syscon
02-18 16:16:39.923     1     1 I (6)[1:swapper/0]platform 1a000000.camsys: Linked as a consumer to 10001000.scpsys
02-18 16:16:39.923     1     1 I (6)[1:swapper/0]platform 1a000000.camsys: Linked as a consumer to 1a000000.camsys_main
02-18 16:16:39.923     1     1 I (6)[1:swapper/0]platform 1a000000.camsys: Linked as a consumer to 1a04f000.camsys_rawa
02-18 16:16:39.923     1     1 I (6)[1:swapper/0]platform 1a000000.camsys: Linked as a consumer to 1a06f000.camsys_rawb
02-18 16:16:39.923     1     1 I (6)[1:swapper/0]platform 1a000000.camsys: Linked as a consumer to 10000000.topckgen
02-18 16:16:39.923     1     1 I (6)[1:swapper/0]platform 11270000.ufshci: Linked as a consumer to 10001000.infracfg_ao
02-18 16:16:39.923     1     1 I (6)[1:swapper/0]platform 11270000.ufshci: Linked as a consumer to 10000000.topckgen
02-18 16:16:39.923     1     1 I (6)[1:swapper/0]platform 1100c000.btif: Linked as a consumer to 10001000.infracfg_ao
02-18 16:16:39.923     1     1 I (6)[1:swapper/0]platform 18002000.consys: Linked as a consumer to 10001000.scpsys
02-18 16:16:39.923     1     1 I (6)[1:swapper/0]platform 18002000.consys: Linked as a consumer to 10001000.infracfg_ao
02-18 16:16:39.923     1     1 I (6)[1:swapper/0]platform 11001000.auxadc: Linked as a consumer to 10001000.infracfg_ao
02-18 16:16:39.923     1     1 I (6)[1:swapper/0]platform 11240000.mmc: Linked as a consumer to 10000000.topckgen
02-18 16:16:39.923     1     1 I (6)[1:swapper/0]platform 11240000.mmc: Linked as a consumer to 10001000.infracfg_ao
02-18 16:16:39.923     1     1 I (6)[1:swapper/0]platform 11240000.mmc: Linked as a consumer to pinctrl
02-18 16:16:39.923     1     1 I (6)[1:swapper/0]platform 11240000.mmc: Linked as a consumer to 11e01000.i2c5
02-18 16:16:39.924     1     1 I (6)[1:swapper/0]platform 10026000.pwrap: Linked as a consumer to 10001000.infracfg_ao
02-18 16:16:39.924     1     1 I (6)[1:swapper/0]platform 10026000.pwrap: Linked as a consumer to 10000000.topckgen
02-18 16:16:39.924     1     1 E (6)[1:swapper/0]OF: /pwrap@10026000/mt6359-pmic/mtk_ts_pmic: could not get #interconnect-cells for /pwrap@10026000/mt6359-pmic/mt635x-auxadc
02-18 16:16:39.924     1     1 I (6)[1:swapper/0]platform 10010000.kp: Linked as a consumer to pinctrl
02-18 16:16:39.925     1     1 I (6)[1:swapper/0]platform 10014000.dpmaif: Linked as a consumer to 10001000.infracfg_ao
02-18 16:16:39.925     1     1 I (6)[1:swapper/0]platform 10209000.ccifdriver: Linked as a consumer to 10001000.infracfg_ao
02-18 16:16:39.925     1     1 I (6)[1:swapper/0]platform 10209000.mddriver: Linked as a consumer to 10001000.scpsys
02-18 16:16:39.925     1     1 I (6)[1:swapper/0]platform 10209000.mddriver: Linked as a consumer to 10001000.infracfg_ao
02-18 16:16:39.925     1     1 I (6)[1:swapper/0]platform 10217a80.dma-controller: Linked as a consumer to 10001000.infracfg_ao
02-18 16:16:39.925     1     1 I (6)[1:swapper/0]platform 11002000.serial: Linked as a consumer to 10001000.infracfg_ao
02-18 16:16:39.925     1     1 I (6)[1:swapper/0]platform 11002000.serial: Linked as a consumer to 10217a80.dma-controller
02-18 16:16:39.925     1     1 I (6)[1:swapper/0]platform 11003000.serial: Linked as a consumer to 10001000.infracfg_ao
02-18 16:16:39.925     1     1 I (6)[1:swapper/0]platform 11003000.serial: Linked as a consumer to 10217a80.dma-controller
02-18 16:16:39.925     1     1 I (6)[1:swapper/0]platform 10207000.devapc: Linked as a consumer to 10001000.infracfg_ao
02-18 16:16:39.925     1     1 I (6)[1:swapper/0]platform touch: Linked as a consumer to pinctrl
02-18 16:16:39.925     1     1 I (6)[1:swapper/0]platform touch: Linked as a consumer to 11e01000.i2c5
02-18 16:16:39.925     1     1 I (6)[1:swapper/0]platform fpc: Linked as a consumer to pinctrl
02-18 16:16:39.925     1     1 I (6)[1:swapper/0]platform fpc: Linked as a consumer to 11e01000.i2c5
02-18 16:16:39.925     1     1 I (6)[1:swapper/0]platform 10212000.cq_dma: Linked as a consumer to 10001000.infracfg_ao
02-18 16:16:39.925     1     1 I (6)[1:swapper/0]platform 10228000.gce_mbox: Linked as a consumer to 10001000.infracfg_ao
02-18 16:16:39.925     1     1 I (6)[1:swapper/0]platform 10228000.gce_mbox_sec: Linked as a consumer to 10228000.gce_mbox
02-18 16:16:39.925     1     1 I (6)[1:swapper/0]platform 10228000.gce_mbox_sec: Linked as a consumer to 10001000.infracfg_ao
02-18 16:16:39.925     1     1 I (6)[1:swapper/0]platform ktf-cmdq-test: Linked as a consumer to 10228000.gce_mbox
02-18 16:16:39.925     1     1 I (6)[1:swapper/0]platform cmdq-test: Linked as a consumer to 10228000.gce_mbox
02-18 16:16:39.926     1     1 I (6)[1:swapper/0]platform 10027000.spmi: Linked as a consumer to 10001000.infracfg_ao
02-18 16:16:39.926     1     1 I (6)[1:swapper/0]platform 10027000.spmi: Linked as a consumer to 10000000.topckgen
02-18 16:16:39.926     1     1 I (6)[1:swapper/0]platform 10048000.pwm: Linked as a consumer to 10001000.infracfg_ao
02-18 16:16:39.926     1     1 I (6)[1:swapper/0]platform 1100b000.therm_ctrl: Linked as a consumer to 10001000.infracfg_ao
02-18 16:16:39.926     1     1 I (6)[1:swapper/0]platform 11200000.usb0: Linked as a consumer to 10001000.infracfg_ao
02-18 16:16:39.926     1     1 I (6)[1:swapper/0]platform 11200000.usb0: Linked as a consumer to 1000c000.apmixed
02-18 16:16:39.926     1     1 I (6)[1:swapper/0]platform 11200000.usb0: Linked as a consumer to 10000000.topckgen
02-18 16:16:39.926     1     1 I (6)[1:swapper/0]platform 11200000.usb0: Linked as a consumer to 11e40000.usb-phy
02-18 16:16:39.926     1     1 I (6)[1:swapper/0]platform 11210000.mt6833-afe-pcm: Linked as a consumer to 11210000.audiosys_clk
02-18 16:16:39.926     1     1 I (6)[1:swapper/0]platform 11210000.mt6833-afe-pcm: Linked as a consumer to 10001000.scpsys
02-18 16:16:39.926     1     1 I (6)[1:swapper/0]platform 11210000.mt6833-afe-pcm: Linked as a consumer to 10001000.infracfg_ao
02-18 16:16:39.926     1     1 I (6)[1:swapper/0]platform 11210000.mt6833-afe-pcm: Linked as a consumer to 10000000.topckgen
02-18 16:16:39.926     1     1 I (6)[1:swapper/0]platform 11210000.mt6833-afe-pcm: Linked as a consumer to pinctrl
02-18 16:16:39.926     1     1 I (6)[1:swapper/0]platform 1a004000.seninf_top: Linked as a consumer to 10001000.scpsys
02-18 16:16:39.926     1     1 I (6)[1:swapper/0]platform 1a004000.seninf_top: Linked as a consumer to 1a000000.camsys_main
02-18 16:16:39.926     1     1 I (6)[1:swapper/0]platform 1a004000.seninf_top: Linked as a consumer to 10000000.topckgen
02-18 16:16:39.926     1     1 I (6)[1:swapper/0]platform kd_camera_hw1@1a004000: Linked as a consumer to pinctrl
02-18 16:16:39.927     1     1 I (6)[1:swapper/0]platform 13000000.mali: Linked as a consumer to ged
02-18 16:16:39.927     1     1 I (6)[1:swapper/0]platform gpufreq: Linked as a consumer to 10000000.topckgen
02-18 16:16:39.927     1     1 I (6)[1:swapper/0]platform gpufreq: Linked as a consumer to 13fbf000.mfgcfg
02-18 16:16:39.927     1     1 I (6)[1:swapper/0]platform gpufreq: Linked as a consumer to 10001000.scpsys
02-18 16:16:39.927     1     1 I (6)[1:swapper/0]platform ged: Linked as a consumer to gpufreq
02-18 16:16:39.927     1     1 I (6)[1:swapper/0]platform 14002000.smi_common: Linked as a consumer to 10001000.scpsys
02-18 16:16:39.927     1     1 I (6)[1:swapper/0]platform 14002000.smi_common: Linked as a consumer to 14000000.mmsys_config
02-18 16:16:39.927     1     1 I (6)[1:swapper/0]platform 14003000.smi_larb0: Linked as a consumer to 10001000.scpsys
02-18 16:16:39.927     1     1 I (6)[1:swapper/0]platform 14004000.smi_larb1: Linked as a consumer to 10001000.scpsys
02-18 16:16:39.927     1     1 I (6)[1:swapper/0]platform 1f002000.smi_larb2: Linked as a consumer to 10001000.scpsys
02-18 16:16:39.927     1     1 I (6)[1:swapper/0]platform 1f002000.smi_larb2: Linked as a consumer to 1f000000.syscon
02-18 16:16:39.927     1     1 I (6)[1:swapper/0]platform 1f00f000.smi_larb3: Linked as a consumer to 10001000.scpsys
02-18 16:16:39.927     1     1 I (6)[1:swapper/0]platform 1f00f000.smi_larb3: Linked as a consumer to 1f000000.syscon
02-18 16:16:39.927     1     1 I (6)[1:swapper/0]platform 1602e000.smi_larb4: Linked as a consumer to 10001000.scpsys
02-18 16:16:39.927     1     1 I (6)[1:swapper/0]platform 1602e000.smi_larb4: Linked as a consumer to 1602f000.vdec_gcon
02-18 16:16:39.927     1     1 I (6)[1:swapper/0]platform 16030000.smi_larb5: Linked as a consumer to 10001000.scpsys
02-18 16:16:39.927     1     1 I (6)[1:swapper/0]platform 16031000.smi_larb6: Linked as a consumer to 10001000.scpsys
02-18 16:16:39.927     1     1 I (6)[1:swapper/0]platform 1a001000.smi_larb13: Linked as a consumer to 10001000.scpsys
02-18 16:16:39.927     1     1 I (6)[1:swapper/0]platform 1a001000.smi_larb13: Linked as a consumer to 1a000000.camsys_main
02-18 16:16:39.927     1     1 I (6)[1:swapper/0]platform 1a002000.smi_larb14: Linked as a consumer to 10001000.scpsys
02-18 16:16:39.927     1     1 I (6)[1:swapper/0]platform 1a002000.smi_larb14: Linked as a consumer to 1a000000.camsys_main
02-18 16:16:39.927     1     1 I (6)[1:swapper/0]platform 1a003000.smi_larb15: Linked as a consumer to 10001000.scpsys
02-18 16:16:39.927     1     1 I (6)[1:swapper/0]platform 1a00c000.cam_smi_subcom: Linked as a consumer to 10001000.scpsys
02-18 16:16:39.927     1     1 I (6)[1:swapper/0]platform 1a00d000.cam_smi_subcom: Linked as a consumer to 10001000.scpsys
02-18 16:16:39.927     1     1 I (6)[1:swapper/0]platform 1a00f000.smi_larb16: Linked as a consumer to 10001000.scpsys
02-18 16:16:39.927     1     1 I (6)[1:swapper/0]platform 1a00f000.smi_larb16: Linked as a consumer to 1a04f000.camsys_rawa
02-18 16:16:39.927     1     1 I (6)[1:swapper/0]platform 1a010000.smi_larb17: Linked as a consumer to 10001000.scpsys
02-18 16:16:39.927     1     1 I (6)[1:swapper/0]platform 1a010000.smi_larb17: Linked as a consumer to 1a06f000.camsys_rawb
02-18 16:16:39.927     1     1 I (6)[1:swapper/0]platform 1a011000.smi_larb18: Linked as a consumer to 10001000.scpsys
02-18 16:16:39.927     1     1 I (6)[1:swapper/0]platform 1b10f000.smi_larb19: Linked as a consumer to 10001000.scpsys
02-18 16:16:39.927     1     1 I (6)[1:swapper/0]platform 1b10f000.smi_larb19: Linked as a consumer to 1b000000.ipesys
02-18 16:16:39.927     1     1 I (6)[1:swapper/0]platform 1b00f000.smi_larb20: Linked as a consumer to 10001000.scpsys
02-18 16:16:39.927     1     1 I (6)[1:swapper/0]platform 1b00f000.smi_larb20: Linked as a consumer to 1b000000.ipesys
02-18 16:16:39.927     1     1 I (6)[1:swapper/0]platform mmdvfs_pmqos: Linked as a consumer to 10000000.topckgen
02-18 16:16:39.927     1     1 I (6)[1:swapper/0]platform mtkfb@0: Linked as a consumer to pinctrl
02-18 16:16:39.927     1     1 I (6)[1:swapper/0]platform dispsys: Linked as a consumer to 10001000.scpsys
02-18 16:16:39.927     1     1 I (6)[1:swapper/0]platform dispsys: Linked as a consumer to 14000000.mmsys_config
02-18 16:16:39.927     1     1 I (6)[1:swapper/0]platform dispsys: Linked as a consumer to 1000c000.apmixed
02-18 16:16:39.927     1     1 I (6)[1:swapper/0]platform dispsys: Linked as a consumer to 10000000.topckgen
02-18 16:16:39.927     1     1 I (6)[1:swapper/0]platform dispsys: Linked as a consumer to 10001000.infracfg_ao
02-18 16:16:39.927     1     1 I (6)[1:swapper/0]platform 14000000.dispsys_config: Linked as a consumer to 14016000.m4u
02-18 16:16:39.927     1     1 I (6)[1:swapper/0]platform 14000000.dispsys_config: Linked as a consumer to 10001000.scpsys
02-18 16:16:39.927     1     1 I (6)[1:swapper/0]platform 14000000.dispsys_config: Linked as a consumer to 14000000.mmsys_config
02-18 16:16:39.927     1     1 I (6)[1:swapper/0]platform 14000000.dispsys_config: Linked as a consumer to 10228000.gce_mbox
02-18 16:16:39.927     1     1 I (6)[1:swapper/0]platform 14000000.dispsys_config: Linked as a consumer to 10228000.gce_mbox_sec
02-18 16:16:39.927     1     1 I (6)[1:swapper/0]platform 14000000.dispsys_config: Linked as a consumer to pinctrl
02-18 16:16:39.927     1     1 I (6)[1:swapper/0]platform 14001000.disp_mutex: Linked as a consumer to 14000000.mmsys_config
02-18 16:16:39.927     1     1 I (6)[1:swapper/0]platform 1b100000.dvs: Linked as a consumer to 10228000.gce_mbox
02-18 16:16:39.927     1     1 I (6)[1:swapper/0]platform 1b100000.dvs: Linked as a consumer to 14016000.m4u
02-18 16:16:39.927     1     1 I (6)[1:swapper/0]platform 1b100000.dvs: Linked as a consumer to 10000000.topckgen
02-18 16:16:39.928     1     1 I (6)[1:swapper/0]platform 1b100000.dvs: Linked as a consumer to 1b000000.ipesys
02-18 16:16:39.928     1     1 I (6)[1:swapper/0]platform 1b100000.dvp: Linked as a consumer to 14016000.m4u
02-18 16:16:39.928     1     1 I (6)[1:swapper/0]platform 1b100000.dvp: Linked as a consumer to 10000000.topckgen
02-18 16:16:39.928     1     1 I (6)[1:swapper/0]platform 1b100000.dvp: Linked as a consumer to 1b000000.ipesys
02-18 16:16:39.928     1     1 I (6)[1:swapper/0]platform 14005000.disp_ovl0: Linked as a consumer to 14000000.mmsys_config
02-18 16:16:39.928     1     1 I (6)[1:swapper/0]platform 14005000.disp_ovl0: Linked as a consumer to 14016000.m4u
02-18 16:16:39.928     1     1 I (6)[1:swapper/0]platform 14006000.disp_ovl0_2l: Linked as a consumer to 14000000.mmsys_config
02-18 16:16:39.928     1     1 I (6)[1:swapper/0]platform 14006000.disp_ovl0_2l: Linked as a consumer to 14016000.m4u
02-18 16:16:39.928     1     1 I (6)[1:swapper/0]platform 1100e000.disp_pwm0: Linked as a consumer to 10001000.infracfg_ao
02-18 16:16:39.928     1     1 I (6)[1:swapper/0]platform 1100e000.disp_pwm0: Linked as a consumer to 10000000.topckgen
02-18 16:16:39.928     1     1 I (6)[1:swapper/0]platform 14007000.disp_rdma0: Linked as a consumer to 14000000.mmsys_config
02-18 16:16:39.928     1     1 I (6)[1:swapper/0]platform 14007000.disp_rdma0: Linked as a consumer to 14016000.m4u
02-18 16:16:39.928     1     1 I (6)[1:swapper/0]platform 14008000.disp_rsz0: Linked as a consumer to 14000000.mmsys_config
02-18 16:16:39.928     1     1 I (6)[1:swapper/0]platform 14009000.disp_color0: Linked as a consumer to 14000000.mmsys_config
02-18 16:16:39.928     1     1 I (6)[1:swapper/0]platform 1400b000.disp_ccorr0: Linked as a consumer to 14000000.mmsys_config
02-18 16:16:39.928     1     1 I (6)[1:swapper/0]platform 1400c000.disp_aal0: Linked as a consumer to 14000000.mmsys_config
02-18 16:16:39.928     1     1 I (6)[1:swapper/0]platform 1400d000.disp_gamma0: Linked as a consumer to 14000000.mmsys_config
02-18 16:16:39.928     1     1 I (6)[1:swapper/0]platform 1400e000.disp_postmask0: Linked as a consumer to 14000000.mmsys_config
02-18 16:16:39.928     1     1 I (6)[1:swapper/0]platform 1400e000.disp_postmask0: Linked as a consumer to 14016000.m4u
02-18 16:16:39.928     1     1 I (6)[1:swapper/0]platform 1400f000.disp_dither0: Linked as a consumer to 14000000.mmsys_config
02-18 16:16:39.928     1     1 I (6)[1:swapper/0]platform 14013000.dsi: Linked as a consumer to 14000000.mmsys_config
02-18 16:16:39.928     1     1 I (6)[1:swapper/0]platform 14013000.dsi: Linked as a consumer to 11e50000.mipi_tx_config
02-18 16:16:39.928     1     1 I (6)[1:swapper/0]platform dsi_te: Linked as a consumer to pinctrl
02-18 16:16:39.928     1     1 I (6)[1:swapper/0]platform mt6382_nfc: Linked as a consumer to pinctrl
02-18 16:16:39.928     1     1 I (6)[1:swapper/0]platform 14014000.disp_wdma0: Linked as a consumer to 14000000.mmsys_config
02-18 16:16:39.928     1     1 I (6)[1:swapper/0]platform 14014000.disp_wdma0: Linked as a consumer to 14016000.m4u
02-18 16:16:39.928     1     1 I (6)[1:swapper/0]platform iommu_test: Linked as a consumer to 14016000.m4u
02-18 16:16:39.928     1     1 I (6)[1:swapper/0]platform iommu: Linked as a consumer to 14016000.m4u
02-18 16:16:39.928     1     1 I (6)[1:swapper/0]platform pseudo_m4u: Linked as a consumer to 14016000.m4u
02-18 16:16:39.928     1     1 I (6)[1:swapper/0]platform pseudo_m4u-larb0: Linked as a consumer to 14016000.m4u
02-18 16:16:39.928     1     1 I (6)[1:swapper/0]platform pseudo_m4u-larb1: Linked as a consumer to 14016000.m4u
02-18 16:16:39.928     1     1 I (6)[1:swapper/0]platform pseudo_m4u-larb2: Linked as a consumer to 14016000.m4u
02-18 16:16:39.928     1     1 I (6)[1:swapper/0]platform pseudo_m4u-larb4: Linked as a consumer to 14016000.m4u
02-18 16:16:39.928     1     1 I (6)[1:swapper/0]platform pseudo_m4u-larb7: Linked as a consumer to 14016000.m4u
02-18 16:16:39.928     1     1 I (6)[1:swapper/0]platform pseudo_m4u-larb9: Linked as a consumer to 14016000.m4u
02-18 16:16:39.928     1     1 I (6)[1:swapper/0]platform pseudo_m4u-larb11: Linked as a consumer to 14016000.m4u
02-18 16:16:39.928     1     1 I (6)[1:swapper/0]platform pseudo_m4u-larb13: Linked as a consumer to 14016000.m4u
02-18 16:16:39.928     1     1 I (6)[1:swapper/0]platform pseudo_m4u-larb14: Linked as a consumer to 14016000.m4u
02-18 16:16:39.929     1     1 I (6)[1:swapper/0]platform pseudo_m4u-larb16: Linked as a consumer to 14016000.m4u
02-18 16:16:39.929     1     1 I (6)[1:swapper/0]platform pseudo_m4u-larb17: Linked as a consumer to 14016000.m4u
02-18 16:16:39.929     1     1 I (6)[1:swapper/0]platform pseudo_m4u-larb18: Linked as a consumer to 14016000.m4u
02-18 16:16:39.929     1     1 I (6)[1:swapper/0]platform pseudo_m4u-larb19: Linked as a consumer to 14016000.m4u
02-18 16:16:39.929     1     1 I (6)[1:swapper/0]platform pseudo_m4u-larb20: Linked as a consumer to 14016000.m4u
02-18 16:16:39.929     1     1 I (6)[1:swapper/0]platform pseudo_m4u-ccu0: Linked as a consumer to 14016000.m4u
02-18 16:16:39.929     1     1 I (6)[1:swapper/0]platform 1a101000.ccu: Linked as a consumer to 1a000000.camsys_main
02-18 16:16:39.929     1     1 I (6)[1:swapper/0]platform 1a101000.ccu: Linked as a consumer to 10000000.topckgen
02-18 16:16:39.929     1     1 I (6)[1:swapper/0]platform 1a101000.ccu: Linked as a consumer to 10001000.scpsys
02-18 16:16:39.929     1     1 I (6)[1:swapper/0]platform pseudo_m4u-ccu1: Linked as a consumer to 14016000.m4u
02-18 16:16:39.929     1     1 I (6)[1:swapper/0]platform pseudo_m4u-misc: Linked as a consumer to 14016000.m4u
02-18 16:16:39.929     1     1 I (6)[1:swapper/0]platform 14016000.m4u: Linked as a consumer to 14000000.mmsys_config
02-18 16:16:39.929     1     1 I (6)[1:swapper/0]platform 14016000.m4u: Linked as a consumer to 10001000.scpsys
02-18 16:16:39.929     1     1 I (6)[1:swapper/0]platform 1401b000.disp_smi_2x1_sub_common_u0: Linked as a consumer to 10001000.scpsys
02-18 16:16:39.929     1     1 I (6)[1:swapper/0]platform 1401c000.disp_smi_2x1_sub_common_u1: Linked as a consumer to 10001000.scpsys
02-18 16:16:39.929     1     1 I (6)[1:swapper/0]platform 1401e000.img1_smi_2x1_sub_common: Linked as a consumer to 10001000.scpsys
02-18 16:16:39.929     1     1 I (6)[1:swapper/0]platform 15020000.imgsys_config: Linked as a consumer to 15020000.imgsys1
02-18 16:16:39.929     1     1 I (6)[1:swapper/0]platform 15020000.imgsys_config: Linked as a consumer to 15820000.imgsys2
02-18 16:16:39.929     1     1 I (6)[1:swapper/0]platform 1502e000.smi_larb9: Linked as a consumer to 10001000.scpsys
02-18 16:16:39.929     1     1 I (6)[1:swapper/0]platform 1502e000.smi_larb9: Linked as a consumer to 15020000.imgsys1
02-18 16:16:39.929     1     1 I (6)[1:swapper/0]platform 15030000.smi_larb10: Linked as a consumer to 10001000.scpsys
02-18 16:16:39.929     1     1 I (6)[1:swapper/0]platform 1502f000.2x1_sub_common: Linked as a consumer to 10001000.scpsys
02-18 16:16:39.929     1     1 I (6)[1:swapper/0]platform 1582e000.smi_larb11: Linked as a consumer to 10001000.scpsys
02-18 16:16:39.929     1     1 I (6)[1:swapper/0]platform 1582e000.smi_larb11: Linked as a consumer to 15820000.imgsys2
02-18 16:16:39.929     1     1 I (6)[1:swapper/0]platform 15830000.smi_larb12: Linked as a consumer to 10001000.scpsys
02-18 16:16:39.929     1     1 I (6)[1:swapper/0]platform 15812000.mss_b: Linked as a consumer to 10228000.gce_mbox
02-18 16:16:39.929     1     1 I (6)[1:swapper/0]platform 15810000.msf_b: Linked as a consumer to 10228000.gce_mbox
02-18 16:16:39.929     1     1 I (6)[1:swapper/0]platform 15810000.msf_b: Linked as a consumer to 15820000.imgsys2
02-18 16:16:39.929     1     1 I (6)[1:swapper/0]platform 15810000.msf_b: Linked as a consumer to 10001000.scpsys
02-18 16:16:39.929     1     1 I (6)[1:swapper/0]platform 16000000.vcu: Linked as a consumer to 14016000.m4u
02-18 16:16:39.929     1     1 I (6)[1:swapper/0]platform 16000000.vcu: Linked as a consumer to 10228000.gce_mbox
02-18 16:16:39.929     1     1 I (6)[1:swapper/0]platform 16000000.vcu: Linked as a consumer to 10228000.gce_mbox_sec
02-18 16:16:39.929     1     1 I (6)[1:swapper/0]platform 1602f000.vdec: Linked as a consumer to 14016000.m4u
02-18 16:16:39.929     1     1 I (6)[1:swapper/0]platform 1602f000.vdec: Linked as a consumer to 1602f000.vdec_gcon
02-18 16:16:39.929     1     1 I (6)[1:swapper/0]platform 17020000.venc: Linked as a consumer to 14016000.m4u
02-18 16:16:39.929     1     1 I (6)[1:swapper/0]platform 17020000.venc: Linked as a consumer to 17000000.venc_gcon
02-18 16:16:39.929     1     1 I (6)[1:swapper/0]platform 17010000.smi_larb7: Linked as a consumer to 10001000.scpsys
02-18 16:16:39.929     1     1 I (6)[1:swapper/0]platform 17010000.smi_larb7: Linked as a consumer to 17000000.venc_gcon
02-18 16:16:39.929     1     1 I (6)[1:swapper/0]platform 17030000.jpgenc: Linked as a consumer to 14016000.m4u
02-18 16:16:39.929     1     1 I (6)[1:swapper/0]platform 17030000.jpgenc: Linked as a consumer to 17000000.venc_gcon
02-18 16:16:39.930     1     1 I (6)[1:swapper/0]platform 1b001000.fdvt: Linked as a consumer to 1b000000.ipesys
02-18 16:16:39.930     1     1 I (6)[1:swapper/0]platform 1b001000.fdvt: Linked as a consumer to 10228000.gce_mbox
02-18 16:16:39.930     1     1 I (6)[1:swapper/0]platform 1b001000.fdvt: Linked as a consumer to 10228000.gce_mbox_sec
02-18 16:16:39.930     1     1 I (6)[1:swapper/0]platform 1b003000.rsc: Linked as a consumer to 10228000.gce_mbox
02-18 16:16:39.930     1     1 I (6)[1:swapper/0]platform 1b003000.rsc: Linked as a consumer to 1b000000.ipesys
02-18 16:16:42.783   392   392 I [mTEE]  : daemon version [tag.base.dbg.3.5.0]
02-18 16:16:39.930     1     1 I (6)[1:swapper/0]platform 1b00e000.ipe_smi_subcom: Linked as a consumer to 10001000.scpsys
02-18 16:16:39.930     1     1 I (6)[1:swapper/0]platform 17011000.smi_larb8: Linked as a consumer to 10001000.scpsys
02-18 16:16:39.930     1     1 I (6)[1:swapper/0]platform 1f001000.mdp_mutex: Linked as a consumer to 1f000000.syscon
02-18 16:16:39.930     1     1 I (6)[1:swapper/0]platform 1f003000.mdp_rdma0: Linked as a consumer to 1f000000.syscon
02-18 16:16:39.930     1     1 I (6)[1:swapper/0]platform 1f003000.mdp_rdma0: Linked as a consumer to 10001000.infracfg_ao
02-18 16:16:39.930     1     1 I (6)[1:swapper/0]platform 1f003000.mdp_rdma0: Linked as a consumer to 10228000.gce_mbox_sec
02-18 16:16:39.930     1     1 I (6)[1:swapper/0]platform 1f003000.mdp_rdma0: Linked as a consumer to 10228000.gce_mbox
02-18 16:16:39.930     1     1 I (6)[1:swapper/0]platform 1f005000.mdp_aal0: Linked as a consumer to 1f000000.syscon
02-18 16:16:39.930     1     1 I (6)[1:swapper/0]platform 1f007000.mdp_hdr0: Linked as a consumer to 1f000000.syscon
02-18 16:16:39.930     1     1 I (6)[1:swapper/0]platform 1f008000.mdp_rsz: Linked as a consumer to 1f000000.syscon
02-18 16:16:39.930     1     1 I (6)[1:swapper/0]platform 1f009000.mdp_rsz1: Linked as a consumer to 1f000000.syscon
02-18 16:16:39.930     1     1 I (6)[1:swapper/0]platform 1f00a000.mdp_wrot0: Linked as a consumer to 1f000000.syscon
02-18 16:16:39.930     1     1 I (6)[1:swapper/0]platform 1f00b000.mdp_wrot1: Linked as a consumer to 1f000000.syscon
02-18 16:16:39.930     1     1 I (6)[1:swapper/0]platform 1f00c000.mdp_tdshp0: Linked as a consumer to 1f000000.syscon
02-18 16:16:39.930     1     1 I (6)[1:swapper/0]platform gps@18c00000: Linked as a consumer to pinctrl
02-18 16:16:39.930     1     1 I (6)[1:swapper/0]platform odm: irq_nfc: Linked as a consumer to pinctrl
